******************************************************************************
                  TI ARM Linker PC v5.1.1                      
******************************************************************************
>> Linked Wed Aug 17 20:39:32 2016

OUTPUT FILE NAME:   <TCC.out>
ENTRY POINT SYMBOL: "_c_int00"  address: 00003a75


MEMORY CONFIGURATION

         name            origin    length      used     unused   attr    fill
----------------------  --------  ---------  --------  --------  ----  --------
  FLASH                 00000000   00040000  0000431a  0003bce6  R  X
  SRAM                  20000000   00008000  00000830  000077d0  RW X


SEGMENT ALLOCATION MAP

run origin  load origin   length   init length attrs members
----------  ----------- ---------- ----------- ----- -------
00000000    00000000    00004320   00004320    r-x
  00000000    00000000    0000026c   0000026c    r-- .intvecs
  0000026c    0000026c    00003df6   00003df6    r-x .text
  00004064    00004064    00000280   00000280    r-- .const
  000042e8    000042e8    00000038   00000038    r-- .cinit
20000000    20000000    00000830   00000000    rw-
  20000000    20000000    00000800   00000000    rw- .stack
  20000800    20000800    0000002c   00000000    rw- .data
  2000082c    2000082c    00000004   00000000    rw- .bss


SECTION ALLOCATION MAP

 output                                  attributes/
section   page    origin      length       input sections
--------  ----  ----------  ----------   ----------------
.intvecs   0    00000000    0000026c     
                  00000000    0000026c     tm4c123ah6pm_startup_ccs.obj (.intvecs)

.init_array 
*          0    00000000    00000000     UNINITIALIZED

.text      0    0000026c    00003df6     
                  0000026c    00000e8c     rtsv7M4_T_le_v4SPD16_eabi.lib : _printfi.obj (.text)
                  000010f8    00000acc     i2cmod.obj (.text)
                  00001bc4    000007ac     monitorafluxo.obj (.text)
                  00002370    00000370     lcd.obj (.text)
                  000026e0    000001f8     main.obj (.text)
                  000028d8    000001f4     rtsv7M4_T_le_v4SPD16_eabi.lib : ull_div_t2.obj (.text)
                  00002acc    000001b6                                   : fd_add_t2.obj (.text)
                  00002c82    00000136                                   : fd_div_t2.obj (.text)
                  00002db8    00000130     driverlib.lib : gpio.obj (.text:GPIOPadConfigSet)
                  00002ee8    00000130     bluetooth.obj (.text)
                  00003018    00000118     driverlib.lib : sysctl.obj (.text:SysCtlClockGet)
                  00003130    00000108     adc.obj (.text)
                  00003238    000000fc     rtsv7M4_T_le_v4SPD16_eabi.lib : fd_mul_t2.obj (.text)
                  00003334    000000f0     driverlib.lib : sysctl.obj (.text:SysCtlClockSet)
                  00003424    0000009c     rtsv7M4_T_le_v4SPD16_eabi.lib : memcpy_t2.obj (.text)
                  000034c0    00000094                                   : auto_init.obj (.text)
                  00003554    00000080     driverlib.lib : adc.obj (.text:ADCSequenceStepConfigure)
                  000035d4    0000007e     rtsv7M4_T_le_v4SPD16_eabi.lib : fd_cmp_t2.obj (.text:__aeabi_cdcmple)
                  00003652    0000007e                                   : fd_cmp_t2.obj (.text:__aeabi_cdrcmple)
                  000036d0    00000078                                   : memset_t2.obj (.text)
                  00003748    00000078     utils.obj (.text)
                  000037c0    00000060     driverlib.lib : interrupt.obj (.text:IntEnable)
                  00003820    00000060     rtsv7M4_T_le_v4SPD16_eabi.lib : sprintf.obj (.text)
                  00003880    0000005e                                   : copy_decompress_rle.obj (.text)
                  000038de    00000002     --HOLE-- [fill = 0]
                  000038e0    0000005c     driverlib.lib : timer.obj (.text:TimerConfigure)
                  0000393c    0000005a     rtsv7M4_T_le_v4SPD16_eabi.lib : ltoa.obj (.text)
                  00003996    00000002     --HOLE-- [fill = 0]
                  00003998    0000004c                                   : atoi.obj (.text)
                  000039e4    00000048     driverlib.lib : gpio.obj (.text:GPIOPinConfigure)
                  00003a2c    00000048                   : i2c.obj (.text:I2CMasterInitExpClk)
                  00003a74    00000048     rtsv7M4_T_le_v4SPD16_eabi.lib : boot.obj (.text)
                  00003abc    00000048                                   : fd_toi_t2.obj (.text)
                  00003b04    00000044                                   : cpy_tbl.obj (.text)
                  00003b48    00000044                                   : exit.obj (.text)
                  00003b8c    00000044                                   : fd_tou_t2.obj (.text)
                  00003bd0    00000044                                   : xdtest.obj (.text)
                  00003c14    00000042                                   : u_divt2.obj (.text)
                  00003c56    00000040     driverlib.lib : uart.obj (.text:UARTConfigSetExpClk)
                  00003c96    0000003e                   : adc.obj (.text:ADCSequenceConfigure)
                  00003cd4    00000034                   : sysctl.obj (.text:SysCtlPeripheralEnable)
                  00003d08    0000002e                   : adc.obj (.text:ADCIntStatus)
                  00003d36    0000002e     rtsv7M4_T_le_v4SPD16_eabi.lib : i_tofd_t2.obj (.text)
                  00003d64    0000002a     driverlib.lib : gpio.obj (.text:GPIODirModeSet)
                  00003d8e    00000020     rtsv7M4_T_le_v4SPD16_eabi.lib : u_tofd_t2.obj (.text)
                  00003dae    0000001e     driverlib.lib : adc.obj (.text:ADCSequenceDataGet)
                  00003dcc    0000001c                   : uart.obj (.text:UARTDisable)
                  00003de8    0000001c     rtsv7M4_T_le_v4SPD16_eabi.lib : memccpy.obj (.text)
                  00003e04    0000001a                                   : strcat.obj (.text)
                  00003e1e    00000018     driverlib.lib : gpio.obj (.text:GPIOPinTypeGPIOOutput)
                  00003e36    00000002     --HOLE-- [fill = 0]
                  00003e38    00000018     rtsv7M4_T_le_v4SPD16_eabi.lib : args_main.obj (.text)
                  00003e50    00000018                                   : ll_mul_t2.obj (.text)
                  00003e68    00000016     driverlib.lib : adc.obj (.text:ADCProcessorTrigger)
                  00003e7e    00000002     --HOLE-- [fill = 0]
                  00003e80    00000014                   : systick.obj (.text:SysTickEnable)
                  00003e94    00000014                   : systick.obj (.text:SysTickIntEnable)
                  00003ea8    00000014                   : uart.obj (.text:UARTEnable)
                  00003ebc    00000014     rtsv7M4_T_le_v4SPD16_eabi.lib : _lock.obj (.text)
                  00003ed0    00000014                                   : strlen.obj (.text)
                  00003ee4    00000012     driverlib.lib : adc.obj (.text:ADCHardwareOversampleConfigure)
                  00003ef6    00000012                   : gpio.obj (.text:GPIOPinTypeADC)
                  00003f08    00000012                   : gpio.obj (.text:GPIOPinTypeI2C)
                  00003f1a    00000012                   : gpio.obj (.text:GPIOPinTypeI2CSCL)
                  00003f2c    00000012                   : gpio.obj (.text:GPIOPinTypeUART)
                  00003f3e    00000012                   : timer.obj (.text:TimerLoadSet)
                  00003f50    00000012     rtsv7M4_T_le_v4SPD16_eabi.lib : copy_zero_init.obj (.text:decompress:ZI)
                  00003f62    00000012                                   : xdclass.obj (.text)
                  00003f74    00000010     driverlib.lib : systick.obj (.text:SysTickPeriodSet)
                  00003f84    00000010     rtsv7M4_T_le_v4SPD16_eabi.lib : strcpy.obj (.text)
                  00003f94    0000000e     driverlib.lib : adc.obj (.text:ADCSequenceDisable)
                  00003fa2    0000000e                   : adc.obj (.text:ADCSequenceEnable)
                  00003fb0    0000000e                   : timer.obj (.text:TimerEnable)
                  00003fbe    0000000e     rtsv7M4_T_le_v4SPD16_eabi.lib : copy_decompress_none.obj (.text:decompress:none)
                  00003fcc    0000000c     driverlib.lib : cpu.obj (.text:CPUcpsie)
                  00003fd8    0000000c                   : uart.obj (.text:UARTCharsAvail)
                  00003fe4    0000000c     tm4c123ah6pm_startup_ccs.obj (.text)
                  00003ff0    0000000a     driverlib.lib : adc.obj (.text:ADCIntClear)
                  00003ffa    0000000a                   : i2c.obj (.text:I2CMasterEnable)
                  00004004    0000000a                   : interrupt.obj (.text:IntMasterEnable)
                  0000400e    0000000a                   : uart.obj (.text:UARTCharGet)
                  00004018    0000000a                   : uart.obj (.text:UARTCharPut)
                  00004022    00000008                   : i2c.obj (.text:I2CMasterBusy)
                  0000402a    00000008                   : i2c.obj (.text:I2CMasterSlaveAddrSet)
                  00004032    00000008                   : timer.obj (.text:TimerIntEnable)
                  0000403a    00000006                   : gpio.obj (.text:GPIOPinRead)
                  00004040    00000006                   : gpio.obj (.text:GPIOPinWrite)
                  00004046    00000006                   : sysctl.obj (.text:SysCtlDelay)
                  0000404c    00000006     rtsv7M4_T_le_v4SPD16_eabi.lib : copy_decompress_rle.obj (.text:decompress:rle24)
                  00004052    00000004     driverlib.lib : i2c.obj (.text:I2CMasterControl)
                  00004056    00000004                   : i2c.obj (.text:I2CMasterDataGet)
                  0000405a    00000004                   : i2c.obj (.text:I2CMasterDataPut)
                  0000405e    00000004                   : timer.obj (.text:TimerIntClear)

.const     0    00004064    00000280     
                  00004064    00000102     rtsv7M4_T_le_v4SPD16_eabi.lib : ctype.obj (.const:.string:_ctypes_)
                  00004166    00000002     --HOLE-- [fill = 0]
                  00004168    00000090     driverlib.lib : gpio.obj (.const:g_pui32GPIOBaseAddrs)
                  000041f8    00000070                   : interrupt.obj (.const)
                  00004268    0000006c                   : sysctl.obj (.const:g_pui32Xtals)
                  000042d4    00000009     bluetooth.obj (.const:.string)
                  000042dd    00000003     --HOLE-- [fill = 0]
                  000042e0    00000004     main.obj (.const)

.cinit     0    000042e8    00000038     
                  000042e8    00000012     (.cinit..data.load) [load image, compression = rle]
                  000042fa    00000002     --HOLE-- [fill = 0]
                  000042fc    0000000c     (__TI_handler_table)
                  00004308    00000008     (.cinit..bss.load) [load image, compression = zero_init]
                  00004310    00000010     (__TI_cinit_table)

.stack     0    20000000    00000800     UNINITIALIZED
                  20000000    00000800     --HOLE--

.data      0    20000800    0000002c     UNINITIALIZED
                  20000800    00000008     adc.obj (.data)
                  20000808    00000008     rtsv7M4_T_le_v4SPD16_eabi.lib : _lock.obj (.data)
                  20000810    00000008                                   : exit.obj (.data)
                  20000818    00000008     utils.obj (.data)
                  20000820    00000004     lcd.obj (.data)
                  20000824    00000004     main.obj (.data)
                  20000828    00000004     rtsv7M4_T_le_v4SPD16_eabi.lib : stkdepth_vars.obj (.data)

.bss       0    2000082c    00000004     UNINITIALIZED
                  2000082c    00000004     (.common:lm35Interna)


LINKER GENERATED COPY TABLES

__TI_cinit_table @ 00004310 records: 2, size/record: 8, table size: 16
	.data: load addr=000042e8, load size=00000012 bytes, run addr=20000800, run size=0000002c bytes, compression=rle
	.bss: load addr=00004308, load size=00000008 bytes, run addr=2000082c, run size=00000004 bytes, compression=zero_init


LINKER GENERATED HANDLER TABLE

__TI_handler_table @ 000042fc records: 3, size/record: 4, table size: 12
	index: 0, handler: __TI_decompress_rle24
	index: 1, handler: __TI_decompress_none
	index: 2, handler: __TI_zero_init


GLOBAL SYMBOLS: SORTED ALPHABETICALLY BY Name 

address    name
--------   ----
00003ee5   ADCHardwareOversampleConfigure
00003ff1   ADCIntClear
00003d09   ADCIntStatus
00003e69   ADCProcessorTrigger
00003c97   ADCSequenceConfigure
00003daf   ADCSequenceDataGet
00003f95   ADCSequenceDisable
00003fa3   ADCSequenceEnable
00003555   ADCSequenceStepConfigure
00003131   ADC_Init
000031b7   ADC_Read
00002f95   Bluetooth_Disable
00002f85   Bluetooth_Enable
00002f6d   Bluetooth_EnviaDados
00002f31   Bluetooth_EnviaValor
00002ee9   Bluetooth_Init
00002fa5   Bluetooth_RecebeDados
00003b49   C$$EXIT
00003fcd   CPUcpsie
00001c45   CheckToSave
00001c07   CloseValve
0000133b   DS1307_GetDate
000013cb   DS1307_GetTime
00001189   DS1307_ReadReg
000011eb   DS1307_SetDate
00001293   DS1307_SetTime
0000113b   DS1307_WriteReg
00003767   Delay
000015a3   EEPROM_Define
00001a8b   EEPROM_Incrementa
000015cd   EEPROM_MudaSemestre
00001b03   EEPROM_PegaLeitura
00001999   EEPROM_PegaMedia
000014e1   EEPROM_Read
00001931   EEPROM_SalvaLeitura
000018a7   EEPROM_SalvaMedia
00001465   EEPROM_Write
00003d65   GPIODirModeSet
00002db9   GPIOPadConfigSet
000039e5   GPIOPinConfigure
0000403b   GPIOPinRead
00003ef7   GPIOPinTypeADC
00003e1f   GPIOPinTypeGPIOOutput
00003f09   GPIOPinTypeI2C
00003f1b   GPIOPinTypeI2CSCL
00003f2d   GPIOPinTypeUART
00004041   GPIOPinWrite
00004023   I2CMasterBusy
00004053   I2CMasterControl
00004057   I2CMasterDataGet
0000405b   I2CMasterDataPut
00003ffb   I2CMasterEnable
00003a2d   I2CMasterInitExpClk
0000402b   I2CMasterSlaveAddrSet
000010f9   I2C_Init
0000273b   Inicia_Tiva
000037c1   IntEnable
00004005   IntMasterEnable
000025b1   IntToStr
000025a3   LCD_BlackLight_Disable
00002595   LCD_BlackLight_Enable
0000258b   LCD_Clear
0000247d   LCD_Data
00002403   LCD_EN_Pulse
00002371   LCD_Init
00002423   LCD_Inst
0000255d   LCD_Process
0000254b   LCD_Write
000024d7   LCD_WriteCol
00002759   LeSensores
00001bc5   OpenValve
00003fe5   ResetISR
00001563   ResetMem
UNDEFED    SHT$$INIT_ARRAY$$Base
UNDEFED    SHT$$INIT_ARRAY$$Limit
000022d1   Scan
00001e1d   StartMonit
00003019   SysCtlClockGet
00003335   SysCtlClockSet
00004047   SysCtlDelay
00003cd5   SysCtlPeripheralEnable
00003e81   SysTickEnable
00003e95   SysTickIntEnable
00003f75   SysTickPeriodSet
0000374f   SysTick_Handler
0000289d   Timer0IntHandler
000038e1   TimerConfigure
00003fb1   TimerEnable
0000405f   TimerIntClear
00004033   TimerIntEnable
00003f3f   TimerLoadSet
000026e1   Timer_Init
0000400f   UARTCharGet
00004019   UARTCharPut
00003fd9   UARTCharsAvail
00003c57   UARTConfigSetExpClk
00003dcd   UARTDisable
00003ea9   UARTEnable
00003f63   _Dclass
00003bd1   _Dtest
20000800   __STACK_END
00000800   __STACK_SIZE
20000200   __STACK_TOP
00004310   __TI_CINIT_Base
00004320   __TI_CINIT_Limit
000042fc   __TI_Handler_Table_Base
00004308   __TI_Handler_Table_Limit
00000001   __TI_args_main
000034c1   __TI_auto_init
20000810   __TI_cleanup_ptr
00003fbf   __TI_decompress_none
0000404d   __TI_decompress_rle24
20000814   __TI_dtors_ptr
00000def   __TI_printfi
00000000   __TI_static_base__
00003f51   __TI_zero_init
000035d5   __aeabi_cdcmpeq
000035d5   __aeabi_cdcmple
00003653   __aeabi_cdrcmple
00003abd   __aeabi_d2iz
00003b8d   __aeabi_d2uiz
00002ad7   __aeabi_dadd
00002c83   __aeabi_ddiv
00003239   __aeabi_dmul
00002acd   __aeabi_dsub
00003d37   __aeabi_i2d
00003e51   __aeabi_lmul
000036d1   __aeabi_memclr
000036d1   __aeabi_memclr4
000036d1   __aeabi_memclr8
00003425   __aeabi_memcpy
00003425   __aeabi_memcpy4
00003425   __aeabi_memcpy8
000036d3   __aeabi_memset
000036d3   __aeabi_memset4
000036d3   __aeabi_memset8
00003d8f   __aeabi_ui2d
00003c15   __aeabi_uidivmod
000028d9   __aeabi_uldivmod
ffffffff   __binit__
ffffffff   __c_args__
20000000   __stack
00003e39   _args_main
00003a75   _c_int00
00004064   _ctypes_
20000808   _lock
00003ecb   _nop
00003ec3   _register_lock
00003ebd   _register_unlock
2000080c   _unlock
00003b4d   abort
00003999   atoi
ffffffff   binit
00003b05   copy_in
00003b55   exit
00000000   g_pfnVectors
00003749   getSysTick
000042e0   halfseg
2000082c   lm35Interna
20000824   lm35Peltier
0000393d   ltoa
000027a1   main
20000828   main_func_sp
00003de9   memccpy
00003425   memcpy
000036d9   memset
20000820   process
00003821   sprintf
00003e05   strcat
00003f85   strcpy
0000266d   stringcat
00003ed1   strlen
20000818   sys_us


GLOBAL SYMBOLS: SORTED BY Symbol Address 

address    name
--------   ----
00000000   __TI_static_base__
00000000   g_pfnVectors
00000001   __TI_args_main
00000800   __STACK_SIZE
00000def   __TI_printfi
000010f9   I2C_Init
0000113b   DS1307_WriteReg
00001189   DS1307_ReadReg
000011eb   DS1307_SetDate
00001293   DS1307_SetTime
0000133b   DS1307_GetDate
000013cb   DS1307_GetTime
00001465   EEPROM_Write
000014e1   EEPROM_Read
00001563   ResetMem
000015a3   EEPROM_Define
000015cd   EEPROM_MudaSemestre
000018a7   EEPROM_SalvaMedia
00001931   EEPROM_SalvaLeitura
00001999   EEPROM_PegaMedia
00001a8b   EEPROM_Incrementa
00001b03   EEPROM_PegaLeitura
00001bc5   OpenValve
00001c07   CloseValve
00001c45   CheckToSave
00001e1d   StartMonit
000022d1   Scan
00002371   LCD_Init
00002403   LCD_EN_Pulse
00002423   LCD_Inst
0000247d   LCD_Data
000024d7   LCD_WriteCol
0000254b   LCD_Write
0000255d   LCD_Process
0000258b   LCD_Clear
00002595   LCD_BlackLight_Enable
000025a3   LCD_BlackLight_Disable
000025b1   IntToStr
0000266d   stringcat
000026e1   Timer_Init
0000273b   Inicia_Tiva
00002759   LeSensores
000027a1   main
0000289d   Timer0IntHandler
000028d9   __aeabi_uldivmod
00002acd   __aeabi_dsub
00002ad7   __aeabi_dadd
00002c83   __aeabi_ddiv
00002db9   GPIOPadConfigSet
00002ee9   Bluetooth_Init
00002f31   Bluetooth_EnviaValor
00002f6d   Bluetooth_EnviaDados
00002f85   Bluetooth_Enable
00002f95   Bluetooth_Disable
00002fa5   Bluetooth_RecebeDados
00003019   SysCtlClockGet
00003131   ADC_Init
000031b7   ADC_Read
00003239   __aeabi_dmul
00003335   SysCtlClockSet
00003425   __aeabi_memcpy
00003425   __aeabi_memcpy4
00003425   __aeabi_memcpy8
00003425   memcpy
000034c1   __TI_auto_init
00003555   ADCSequenceStepConfigure
000035d5   __aeabi_cdcmpeq
000035d5   __aeabi_cdcmple
00003653   __aeabi_cdrcmple
000036d1   __aeabi_memclr
000036d1   __aeabi_memclr4
000036d1   __aeabi_memclr8
000036d3   __aeabi_memset
000036d3   __aeabi_memset4
000036d3   __aeabi_memset8
000036d9   memset
00003749   getSysTick
0000374f   SysTick_Handler
00003767   Delay
000037c1   IntEnable
00003821   sprintf
000038e1   TimerConfigure
0000393d   ltoa
00003999   atoi
000039e5   GPIOPinConfigure
00003a2d   I2CMasterInitExpClk
00003a75   _c_int00
00003abd   __aeabi_d2iz
00003b05   copy_in
00003b49   C$$EXIT
00003b4d   abort
00003b55   exit
00003b8d   __aeabi_d2uiz
00003bd1   _Dtest
00003c15   __aeabi_uidivmod
00003c57   UARTConfigSetExpClk
00003c97   ADCSequenceConfigure
00003cd5   SysCtlPeripheralEnable
00003d09   ADCIntStatus
00003d37   __aeabi_i2d
00003d65   GPIODirModeSet
00003d8f   __aeabi_ui2d
00003daf   ADCSequenceDataGet
00003dcd   UARTDisable
00003de9   memccpy
00003e05   strcat
00003e1f   GPIOPinTypeGPIOOutput
00003e39   _args_main
00003e51   __aeabi_lmul
00003e69   ADCProcessorTrigger
00003e81   SysTickEnable
00003e95   SysTickIntEnable
00003ea9   UARTEnable
00003ebd   _register_unlock
00003ec3   _register_lock
00003ecb   _nop
00003ed1   strlen
00003ee5   ADCHardwareOversampleConfigure
00003ef7   GPIOPinTypeADC
00003f09   GPIOPinTypeI2C
00003f1b   GPIOPinTypeI2CSCL
00003f2d   GPIOPinTypeUART
00003f3f   TimerLoadSet
00003f51   __TI_zero_init
00003f63   _Dclass
00003f75   SysTickPeriodSet
00003f85   strcpy
00003f95   ADCSequenceDisable
00003fa3   ADCSequenceEnable
00003fb1   TimerEnable
00003fbf   __TI_decompress_none
00003fcd   CPUcpsie
00003fd9   UARTCharsAvail
00003fe5   ResetISR
00003ff1   ADCIntClear
00003ffb   I2CMasterEnable
00004005   IntMasterEnable
0000400f   UARTCharGet
00004019   UARTCharPut
00004023   I2CMasterBusy
0000402b   I2CMasterSlaveAddrSet
00004033   TimerIntEnable
0000403b   GPIOPinRead
00004041   GPIOPinWrite
00004047   SysCtlDelay
0000404d   __TI_decompress_rle24
00004053   I2CMasterControl
00004057   I2CMasterDataGet
0000405b   I2CMasterDataPut
0000405f   TimerIntClear
00004064   _ctypes_
000042e0   halfseg
000042fc   __TI_Handler_Table_Base
00004308   __TI_Handler_Table_Limit
00004310   __TI_CINIT_Base
00004320   __TI_CINIT_Limit
20000000   __stack
20000200   __STACK_TOP
20000800   __STACK_END
20000808   _lock
2000080c   _unlock
20000810   __TI_cleanup_ptr
20000814   __TI_dtors_ptr
20000818   sys_us
20000820   process
20000824   lm35Peltier
20000828   main_func_sp
2000082c   lm35Interna
ffffffff   __binit__
ffffffff   __c_args__
ffffffff   binit
UNDEFED    SHT$$INIT_ARRAY$$Base
UNDEFED    SHT$$INIT_ARRAY$$Limit

[173 symbols]
