******************************************************************************
                  TI ARM Linker PC v5.1.1                      
******************************************************************************
>> Linked Wed Aug 03 17:23:59 2016

OUTPUT FILE NAME:   <TCC.out>
ENTRY POINT SYMBOL: "_c_int00"  address: 000031a9


MEMORY CONFIGURATION

         name            origin    length      used     unused   attr    fill
----------------------  --------  ---------  --------  --------  ----  --------
  FLASH                 00000000   00040000  00003a3c  0003c5c4  R  X
  SRAM                  20000000   00008000  00000844  000077bc  RW X


SEGMENT ALLOCATION MAP

run origin  load origin   length   init length attrs members
----------  ----------- ---------- ----------- ----- -------
00000000    00000000    00003a40   00003a40    r-x
  00000000    00000000    0000026c   0000026c    r-- .intvecs
  0000026c    0000026c    00003524   00003524    r-x .text
  00003790    00003790    00000274   00000274    r-- .const
  00003a08    00003a08    00000038   00000038    r-- .cinit
20000000    20000000    00000844   00000000    rw-
  20000000    20000000    00000800   00000000    rw- .stack
  20000800    20000800    0000002c   00000000    rw- .data
  2000082c    2000082c    00000018   00000000    rw- .bss


SECTION ALLOCATION MAP

 output                                  attributes/
section   page    origin      length       input sections
--------  ----  ----------  ----------   ----------------
.intvecs   0    00000000    0000026c     
                  00000000    0000026c     tm4c123ah6pm_startup_ccs.obj (.intvecs)

.init_array 
*          0    00000000    00000000     UNINITIALIZED

.text      0    0000026c    00003524     
                  0000026c    00000e8c     rtsv7M4_T_le_v4SPD16_eabi.lib : _printfi.obj (.text)
                  000010f8    00000ac0     i2c.obj (.text)
                  00001bb8    00000370     lcd.obj (.text)
                  00001f28    000001f4     rtsv7M4_T_le_v4SPD16_eabi.lib : ull_div_t2.obj (.text)
                  0000211c    000001b6                                   : fd_add_t2.obj (.text)
                  000022d2    00000136                                   : fd_div_t2.obj (.text)
                  00002408    00000130     driverlib.lib : gpio.obj (.text:GPIOPadConfigSet)
                  00002538    00000118                   : sysctl.obj (.text:SysCtlClockGet)
                  00002650    00000114     main.obj (.text)
                  00002764    00000108     adc.obj (.text)
                  0000286c    00000100     bluetooth.obj (.text)
                  0000296c    000000fc     rtsv7M4_T_le_v4SPD16_eabi.lib : fd_mul_t2.obj (.text)
                  00002a68    000000f0     driverlib.lib : sysctl.obj (.text:SysCtlClockSet)
                  00002b58    0000009c     rtsv7M4_T_le_v4SPD16_eabi.lib : memcpy_t2.obj (.text)
                  00002bf4    00000094                                   : auto_init.obj (.text)
                  00002c88    00000080     driverlib.lib : adc.obj (.text:ADCSequenceStepConfigure)
                  00002d08    0000007e     rtsv7M4_T_le_v4SPD16_eabi.lib : fd_cmp_t2.obj (.text:__aeabi_cdcmple)
                  00002d86    0000007e                                   : fd_cmp_t2.obj (.text:__aeabi_cdrcmple)
                  00002e04    00000078                                   : memset_t2.obj (.text)
                  00002e7c    00000078     utils.obj (.text)
                  00002ef4    00000060     driverlib.lib : interrupt.obj (.text:IntEnable)
                  00002f54    00000060     rtsv7M4_T_le_v4SPD16_eabi.lib : sprintf.obj (.text)
                  00002fb4    0000005e                                   : copy_decompress_rle.obj (.text)
                  00003012    00000002     --HOLE-- [fill = 0]
                  00003014    0000005c     driverlib.lib : timer.obj (.text:TimerConfigure)
                  00003070    0000005a     rtsv7M4_T_le_v4SPD16_eabi.lib : ltoa.obj (.text)
                  000030ca    00000002     --HOLE-- [fill = 0]
                  000030cc    0000004c                                   : atoi.obj (.text)
                  00003118    00000048     driverlib.lib : gpio.obj (.text:GPIOPinConfigure)
                  00003160    00000048                   : i2c.obj (.text:I2CMasterInitExpClk)
                  000031a8    00000048     rtsv7M4_T_le_v4SPD16_eabi.lib : boot.obj (.text)
                  000031f0    00000048                                   : fd_toi_t2.obj (.text)
                  00003238    00000044                                   : cpy_tbl.obj (.text)
                  0000327c    00000044                                   : exit.obj (.text)
                  000032c0    00000044                                   : fd_tou_t2.obj (.text)
                  00003304    00000044                                   : xdtest.obj (.text)
                  00003348    00000042                                   : u_divt2.obj (.text)
                  0000338a    00000040     driverlib.lib : uart.obj (.text:UARTConfigSetExpClk)
                  000033ca    0000003e                   : adc.obj (.text:ADCSequenceConfigure)
                  00003408    00000034                   : sysctl.obj (.text:SysCtlPeripheralEnable)
                  0000343c    0000002e                   : adc.obj (.text:ADCIntStatus)
                  0000346a    0000002e     rtsv7M4_T_le_v4SPD16_eabi.lib : i_tofd_t2.obj (.text)
                  00003498    0000002a     driverlib.lib : gpio.obj (.text:GPIODirModeSet)
                  000034c2    00000020     rtsv7M4_T_le_v4SPD16_eabi.lib : u_tofd_t2.obj (.text)
                  000034e2    0000001e     driverlib.lib : adc.obj (.text:ADCSequenceDataGet)
                  00003500    0000001c                   : uart.obj (.text:UARTDisable)
                  0000351c    0000001c     rtsv7M4_T_le_v4SPD16_eabi.lib : memccpy.obj (.text)
                  00003538    0000001a                                   : strcat.obj (.text)
                  00003552    00000018     driverlib.lib : gpio.obj (.text:GPIOPinTypeGPIOOutput)
                  0000356a    00000002     --HOLE-- [fill = 0]
                  0000356c    00000018     rtsv7M4_T_le_v4SPD16_eabi.lib : args_main.obj (.text)
                  00003584    00000018                                   : ll_mul_t2.obj (.text)
                  0000359c    00000016     driverlib.lib : adc.obj (.text:ADCProcessorTrigger)
                  000035b2    00000002     --HOLE-- [fill = 0]
                  000035b4    00000014                   : systick.obj (.text:SysTickEnable)
                  000035c8    00000014                   : systick.obj (.text:SysTickIntEnable)
                  000035dc    00000014                   : uart.obj (.text:UARTEnable)
                  000035f0    00000014     rtsv7M4_T_le_v4SPD16_eabi.lib : _lock.obj (.text)
                  00003604    00000014                                   : strlen.obj (.text)
                  00003618    00000012     driverlib.lib : adc.obj (.text:ADCHardwareOversampleConfigure)
                  0000362a    00000012                   : gpio.obj (.text:GPIOPinTypeADC)
                  0000363c    00000012                   : gpio.obj (.text:GPIOPinTypeI2C)
                  0000364e    00000012                   : gpio.obj (.text:GPIOPinTypeI2CSCL)
                  00003660    00000012                   : gpio.obj (.text:GPIOPinTypeUART)
                  00003672    00000012                   : timer.obj (.text:TimerLoadSet)
                  00003684    00000012     rtsv7M4_T_le_v4SPD16_eabi.lib : copy_zero_init.obj (.text:decompress:ZI)
                  00003696    00000012                                   : xdclass.obj (.text)
                  000036a8    00000010     driverlib.lib : systick.obj (.text:SysTickPeriodSet)
                  000036b8    00000010     rtsv7M4_T_le_v4SPD16_eabi.lib : strcpy.obj (.text)
                  000036c8    0000000e     driverlib.lib : adc.obj (.text:ADCSequenceDisable)
                  000036d6    0000000e                   : adc.obj (.text:ADCSequenceEnable)
                  000036e4    0000000e                   : timer.obj (.text:TimerEnable)
                  000036f2    0000000e     rtsv7M4_T_le_v4SPD16_eabi.lib : copy_decompress_none.obj (.text:decompress:none)
                  00003700    0000000c     driverlib.lib : cpu.obj (.text:CPUcpsie)
                  0000370c    0000000c                   : uart.obj (.text:UARTCharsAvail)
                  00003718    0000000c     tm4c123ah6pm_startup_ccs.obj (.text)
                  00003724    0000000a     driverlib.lib : adc.obj (.text:ADCIntClear)
                  0000372e    0000000a                   : i2c.obj (.text:I2CMasterEnable)
                  00003738    0000000a                   : interrupt.obj (.text:IntMasterEnable)
                  00003742    0000000a                   : uart.obj (.text:UARTCharGet)
                  0000374c    0000000a                   : uart.obj (.text:UARTCharPut)
                  00003756    00000008                   : i2c.obj (.text:I2CMasterBusy)
                  0000375e    00000008                   : i2c.obj (.text:I2CMasterSlaveAddrSet)
                  00003766    00000008                   : timer.obj (.text:TimerIntEnable)
                  0000376e    00000006                   : gpio.obj (.text:GPIOPinWrite)
                  00003774    00000006                   : sysctl.obj (.text:SysCtlDelay)
                  0000377a    00000006     rtsv7M4_T_le_v4SPD16_eabi.lib : copy_decompress_rle.obj (.text:decompress:rle24)
                  00003780    00000004     driverlib.lib : i2c.obj (.text:I2CMasterControl)
                  00003784    00000004                   : i2c.obj (.text:I2CMasterDataGet)
                  00003788    00000004                   : i2c.obj (.text:I2CMasterDataPut)
                  0000378c    00000004                   : timer.obj (.text:TimerIntClear)

.const     0    00003790    00000274     
                  00003790    00000102     rtsv7M4_T_le_v4SPD16_eabi.lib : ctype.obj (.const:.string:_ctypes_)
                  00003892    00000002     --HOLE-- [fill = 0]
                  00003894    00000090     driverlib.lib : gpio.obj (.const:g_pui32GPIOBaseAddrs)
                  00003924    00000070                   : interrupt.obj (.const)
                  00003994    0000006c                   : sysctl.obj (.const:g_pui32Xtals)
                  00003a00    00000004     main.obj (.const)

.cinit     0    00003a08    00000038     
                  00003a08    00000012     (.cinit..data.load) [load image, compression = rle]
                  00003a1a    00000002     --HOLE-- [fill = 0]
                  00003a1c    0000000c     (__TI_handler_table)
                  00003a28    00000008     (.cinit..bss.load) [load image, compression = zero_init]
                  00003a30    00000010     (__TI_cinit_table)

.stack     0    20000000    00000800     UNINITIALIZED
                  20000000    00000800     --HOLE--

.data      0    20000800    0000002c     UNINITIALIZED
                  20000800    00000008     adc.obj (.data)
                  20000808    00000008     rtsv7M4_T_le_v4SPD16_eabi.lib : _lock.obj (.data)
                  20000810    00000008                                   : exit.obj (.data)
                  20000818    00000008     utils.obj (.data)
                  20000820    00000004     lcd.obj (.data)
                  20000824    00000004     main.obj (.data)
                  20000828    00000004     rtsv7M4_T_le_v4SPD16_eabi.lib : stkdepth_vars.obj (.data)

.bss       0    2000082c    00000018     UNINITIALIZED
                  2000082c    00000014     (.common:tmp)
                  20000840    00000004     (.common:lm35Interna)


LINKER GENERATED COPY TABLES

__TI_cinit_table @ 00003a30 records: 2, size/record: 8, table size: 16
	.data: load addr=00003a08, load size=00000012 bytes, run addr=20000800, run size=0000002c bytes, compression=rle
	.bss: load addr=00003a28, load size=00000008 bytes, run addr=2000082c, run size=00000018 bytes, compression=zero_init


LINKER GENERATED HANDLER TABLE

__TI_handler_table @ 00003a1c records: 3, size/record: 4, table size: 12
	index: 0, handler: __TI_decompress_rle24
	index: 1, handler: __TI_decompress_none
	index: 2, handler: __TI_zero_init


GLOBAL SYMBOLS: SORTED ALPHABETICALLY BY Name 

address    name
--------   ----
00003619   ADCHardwareOversampleConfigure
00003725   ADCIntClear
0000343d   ADCIntStatus
0000359d   ADCProcessorTrigger
000033cb   ADCSequenceConfigure
000034e3   ADCSequenceDataGet
000036c9   ADCSequenceDisable
000036d7   ADCSequenceEnable
00002c89   ADCSequenceStepConfigure
00002765   ADC_Init
000027eb   ADC_Read
00002919   Bluetooth_Disable
00002909   Bluetooth_Enable
000028f1   Bluetooth_EnviaDados
000028b5   Bluetooth_EnviaValor
0000286d   Bluetooth_Init
00002929   Bluetooth_RecebeDados
0000327d   C$$EXIT
00003701   CPUcpsie
0000133b   DS1307_GetDate
000013c9   DS1307_GetTime
00001189   DS1307_ReadReg
000011eb   DS1307_SetDate
00001293   DS1307_SetTime
0000113b   DS1307_WriteReg
00002e9b   Delay
000016c1   EEPROM_AdicionaFuncionario
000017a5   EEPROM_EncontraFuncionario
000015b7   EEPROM_GetDado
00001597   EEPROM_GetNrFuncionario
00001aed   EEPROM_GetRegistros
000014dd   EEPROM_Read
000018a5   EEPROM_RegistraFuncionarioEntrada
000019c7   EEPROM_RegistraFuncionarioSaida
00001461   EEPROM_Write
00003499   GPIODirModeSet
00002409   GPIOPadConfigSet
00003119   GPIOPinConfigure
0000362b   GPIOPinTypeADC
00003553   GPIOPinTypeGPIOOutput
0000363d   GPIOPinTypeI2C
0000364f   GPIOPinTypeI2CSCL
00003661   GPIOPinTypeUART
0000376f   GPIOPinWrite
00003757   I2CMasterBusy
00003781   I2CMasterControl
00003785   I2CMasterDataGet
00003789   I2CMasterDataPut
0000372f   I2CMasterEnable
00003161   I2CMasterInitExpClk
0000375f   I2CMasterSlaveAddrSet
000010f9   I2C_Init
000026ab   Inicia_Tiva
00002ef5   IntEnable
00003739   IntMasterEnable
00001df9   IntToStr
00001deb   LCD_BlackLight_Disable
00001ddd   LCD_BlackLight_Enable
00001dd3   LCD_Clear
00001cc5   LCD_Data
00001c4b   LCD_EN_Pulse
00001bb9   LCD_Init
00001c6b   LCD_Inst
00001da5   LCD_Process
00001d93   LCD_Write
00001d1f   LCD_WriteCol
000026d9   LeSensores
00003719   ResetISR
0000155f   ResetMem
UNDEFED    SHT$$INIT_ARRAY$$Base
UNDEFED    SHT$$INIT_ARRAY$$Limit
000026b9   ShowDateTime
00002539   SysCtlClockGet
00002a69   SysCtlClockSet
00003775   SysCtlDelay
00003409   SysCtlPeripheralEnable
000035b5   SysTickEnable
000035c9   SysTickIntEnable
000036a9   SysTickPeriodSet
00002e83   SysTick_Handler
0000272d   Timer0IntHandler
00003015   TimerConfigure
000036e5   TimerEnable
0000378d   TimerIntClear
00003767   TimerIntEnable
00003673   TimerLoadSet
00002651   Timer_Init
00003743   UARTCharGet
0000374d   UARTCharPut
0000370d   UARTCharsAvail
0000338b   UARTConfigSetExpClk
00003501   UARTDisable
000035dd   UARTEnable
00003697   _Dclass
00003305   _Dtest
20000800   __STACK_END
00000800   __STACK_SIZE
20000200   __STACK_TOP
00003a30   __TI_CINIT_Base
00003a40   __TI_CINIT_Limit
00003a1c   __TI_Handler_Table_Base
00003a28   __TI_Handler_Table_Limit
00000001   __TI_args_main
00002bf5   __TI_auto_init
20000810   __TI_cleanup_ptr
000036f3   __TI_decompress_none
0000377b   __TI_decompress_rle24
20000814   __TI_dtors_ptr
00000def   __TI_printfi
00000000   __TI_static_base__
00003685   __TI_zero_init
00002d09   __aeabi_cdcmpeq
00002d09   __aeabi_cdcmple
00002d87   __aeabi_cdrcmple
000031f1   __aeabi_d2iz
000032c1   __aeabi_d2uiz
00002127   __aeabi_dadd
000022d3   __aeabi_ddiv
0000296d   __aeabi_dmul
0000211d   __aeabi_dsub
0000346b   __aeabi_i2d
00003585   __aeabi_lmul
00002e05   __aeabi_memclr
00002e05   __aeabi_memclr4
00002e05   __aeabi_memclr8
00002b59   __aeabi_memcpy
00002b59   __aeabi_memcpy4
00002b59   __aeabi_memcpy8
00002e07   __aeabi_memset
00002e07   __aeabi_memset4
00002e07   __aeabi_memset8
000034c3   __aeabi_ui2d
00003349   __aeabi_uidivmod
00001f29   __aeabi_uldivmod
ffffffff   __binit__
ffffffff   __c_args__
20000000   __stack
0000356d   _args_main
000031a9   _c_int00
00003790   _ctypes_
20000808   _lock
000035ff   _nop
000035f7   _register_lock
000035f1   _register_unlock
2000080c   _unlock
00003281   abort
000030cd   atoi
ffffffff   binit
00003239   copy_in
00003289   exit
00000000   g_pfnVectors
00002e7d   getSysTick
00003a00   halfseg
20000840   lm35Interna
20000824   lm35Peltier
00003071   ltoa
0000270f   main
20000828   main_func_sp
0000351d   memccpy
00002b59   memcpy
00002e0d   memset
20000820   process
00002f55   sprintf
00003539   strcat
000036b9   strcpy
00001eb5   stringcat
00003605   strlen
20000818   sys_us
2000082c   tmp


GLOBAL SYMBOLS: SORTED BY Symbol Address 

address    name
--------   ----
00000000   __TI_static_base__
00000000   g_pfnVectors
00000001   __TI_args_main
00000800   __STACK_SIZE
00000def   __TI_printfi
000010f9   I2C_Init
0000113b   DS1307_WriteReg
00001189   DS1307_ReadReg
000011eb   DS1307_SetDate
00001293   DS1307_SetTime
0000133b   DS1307_GetDate
000013c9   DS1307_GetTime
00001461   EEPROM_Write
000014dd   EEPROM_Read
0000155f   ResetMem
00001597   EEPROM_GetNrFuncionario
000015b7   EEPROM_GetDado
000016c1   EEPROM_AdicionaFuncionario
000017a5   EEPROM_EncontraFuncionario
000018a5   EEPROM_RegistraFuncionarioEntrada
000019c7   EEPROM_RegistraFuncionarioSaida
00001aed   EEPROM_GetRegistros
00001bb9   LCD_Init
00001c4b   LCD_EN_Pulse
00001c6b   LCD_Inst
00001cc5   LCD_Data
00001d1f   LCD_WriteCol
00001d93   LCD_Write
00001da5   LCD_Process
00001dd3   LCD_Clear
00001ddd   LCD_BlackLight_Enable
00001deb   LCD_BlackLight_Disable
00001df9   IntToStr
00001eb5   stringcat
00001f29   __aeabi_uldivmod
0000211d   __aeabi_dsub
00002127   __aeabi_dadd
000022d3   __aeabi_ddiv
00002409   GPIOPadConfigSet
00002539   SysCtlClockGet
00002651   Timer_Init
000026ab   Inicia_Tiva
000026b9   ShowDateTime
000026d9   LeSensores
0000270f   main
0000272d   Timer0IntHandler
00002765   ADC_Init
000027eb   ADC_Read
0000286d   Bluetooth_Init
000028b5   Bluetooth_EnviaValor
000028f1   Bluetooth_EnviaDados
00002909   Bluetooth_Enable
00002919   Bluetooth_Disable
00002929   Bluetooth_RecebeDados
0000296d   __aeabi_dmul
00002a69   SysCtlClockSet
00002b59   __aeabi_memcpy
00002b59   __aeabi_memcpy4
00002b59   __aeabi_memcpy8
00002b59   memcpy
00002bf5   __TI_auto_init
00002c89   ADCSequenceStepConfigure
00002d09   __aeabi_cdcmpeq
00002d09   __aeabi_cdcmple
00002d87   __aeabi_cdrcmple
00002e05   __aeabi_memclr
00002e05   __aeabi_memclr4
00002e05   __aeabi_memclr8
00002e07   __aeabi_memset
00002e07   __aeabi_memset4
00002e07   __aeabi_memset8
00002e0d   memset
00002e7d   getSysTick
00002e83   SysTick_Handler
00002e9b   Delay
00002ef5   IntEnable
00002f55   sprintf
00003015   TimerConfigure
00003071   ltoa
000030cd   atoi
00003119   GPIOPinConfigure
00003161   I2CMasterInitExpClk
000031a9   _c_int00
000031f1   __aeabi_d2iz
00003239   copy_in
0000327d   C$$EXIT
00003281   abort
00003289   exit
000032c1   __aeabi_d2uiz
00003305   _Dtest
00003349   __aeabi_uidivmod
0000338b   UARTConfigSetExpClk
000033cb   ADCSequenceConfigure
00003409   SysCtlPeripheralEnable
0000343d   ADCIntStatus
0000346b   __aeabi_i2d
00003499   GPIODirModeSet
000034c3   __aeabi_ui2d
000034e3   ADCSequenceDataGet
00003501   UARTDisable
0000351d   memccpy
00003539   strcat
00003553   GPIOPinTypeGPIOOutput
0000356d   _args_main
00003585   __aeabi_lmul
0000359d   ADCProcessorTrigger
000035b5   SysTickEnable
000035c9   SysTickIntEnable
000035dd   UARTEnable
000035f1   _register_unlock
000035f7   _register_lock
000035ff   _nop
00003605   strlen
00003619   ADCHardwareOversampleConfigure
0000362b   GPIOPinTypeADC
0000363d   GPIOPinTypeI2C
0000364f   GPIOPinTypeI2CSCL
00003661   GPIOPinTypeUART
00003673   TimerLoadSet
00003685   __TI_zero_init
00003697   _Dclass
000036a9   SysTickPeriodSet
000036b9   strcpy
000036c9   ADCSequenceDisable
000036d7   ADCSequenceEnable
000036e5   TimerEnable
000036f3   __TI_decompress_none
00003701   CPUcpsie
0000370d   UARTCharsAvail
00003719   ResetISR
00003725   ADCIntClear
0000372f   I2CMasterEnable
00003739   IntMasterEnable
00003743   UARTCharGet
0000374d   UARTCharPut
00003757   I2CMasterBusy
0000375f   I2CMasterSlaveAddrSet
00003767   TimerIntEnable
0000376f   GPIOPinWrite
00003775   SysCtlDelay
0000377b   __TI_decompress_rle24
00003781   I2CMasterControl
00003785   I2CMasterDataGet
00003789   I2CMasterDataPut
0000378d   TimerIntClear
00003790   _ctypes_
00003a00   halfseg
00003a1c   __TI_Handler_Table_Base
00003a28   __TI_Handler_Table_Limit
00003a30   __TI_CINIT_Base
00003a40   __TI_CINIT_Limit
20000000   __stack
20000200   __STACK_TOP
20000800   __STACK_END
20000808   _lock
2000080c   _unlock
20000810   __TI_cleanup_ptr
20000814   __TI_dtors_ptr
20000818   sys_us
20000820   process
20000824   lm35Peltier
20000828   main_func_sp
2000082c   tmp
20000840   lm35Interna
ffffffff   __binit__
ffffffff   __c_args__
ffffffff   binit
UNDEFED    SHT$$INIT_ARRAY$$Base
UNDEFED    SHT$$INIT_ARRAY$$Limit

[169 symbols]
