******************************************************************************
                  TI ARM Linker PC v5.1.1                      
******************************************************************************
>> Linked Sat Jul 16 19:14:09 2016

OUTPUT FILE NAME:   <TCC.out>
ENTRY POINT SYMBOL: "_c_int00"  address: 00003075


MEMORY CONFIGURATION

         name            origin    length      used     unused   attr    fill
----------------------  --------  ---------  --------  --------  ----  --------
  FLASH                 00000000   00040000  00003868  0003c798  R  X
  SRAM                  20000000   00008000  00000844  000077bc  RW X


SEGMENT ALLOCATION MAP

run origin  load origin   length   init length attrs members
----------  ----------- ---------- ----------- ----- -------
00000000    00000000    00003868   00003868    r-x
  00000000    00000000    0000026c   0000026c    r-- .intvecs
  0000026c    0000026c    00003350   00003350    r-x .text
  000035bc    000035bc    00000274   00000274    r-- .const
  00003830    00003830    00000038   00000038    r-- .cinit
20000000    20000000    00000844   00000000    rw-
  20000000    20000000    00000800   00000000    rw- .stack
  20000800    20000800    0000002c   00000000    rw- .data
  2000082c    2000082c    00000018   00000000    rw- .bss


SECTION ALLOCATION MAP

 output                                  attributes/
section   page    origin      length       input sections
--------  ----  ----------  ----------   ----------------
.intvecs   0    00000000    0000026c     
                  00000000    0000026c     tm4c123ah6pm_startup_ccs.obj (.intvecs)

.init_array 
*          0    00000000    00000000     UNINITIALIZED

.text      0    0000026c    00003350     
                  0000026c    00000e8c     rtsv7M4_T_le_v4SPD16_eabi.lib : _printfi.obj (.text)
                  000010f8    00000ac0     i2c.obj (.text)
                  00001bb8    00000348     lcd.obj (.text)
                  00001f00    000001f4     rtsv7M4_T_le_v4SPD16_eabi.lib : ull_div_t2.obj (.text)
                  000020f4    000001b6                                   : fd_add_t2.obj (.text)
                  000022aa    00000136                                   : fd_div_t2.obj (.text)
                  000023e0    00000130     driverlib.lib : gpio.obj (.text:GPIOPadConfigSet)
                  00002510    00000118                   : sysctl.obj (.text:SysCtlClockGet)
                  00002628    00000108     adc.obj (.text)
                  00002730    00000108     main.obj (.text)
                  00002838    000000fc     rtsv7M4_T_le_v4SPD16_eabi.lib : fd_mul_t2.obj (.text)
                  00002934    000000f0     driverlib.lib : sysctl.obj (.text:SysCtlClockSet)
                  00002a24    0000009c     rtsv7M4_T_le_v4SPD16_eabi.lib : memcpy_t2.obj (.text)
                  00002ac0    00000094                                   : auto_init.obj (.text)
                  00002b54    00000080     driverlib.lib : adc.obj (.text:ADCSequenceStepConfigure)
                  00002bd4    0000007e     rtsv7M4_T_le_v4SPD16_eabi.lib : fd_cmp_t2.obj (.text:__aeabi_cdcmple)
                  00002c52    0000007e                                   : fd_cmp_t2.obj (.text:__aeabi_cdrcmple)
                  00002cd0    00000078                                   : memset_t2.obj (.text)
                  00002d48    00000078     utils.obj (.text)
                  00002dc0    00000060     driverlib.lib : interrupt.obj (.text:IntEnable)
                  00002e20    00000060     rtsv7M4_T_le_v4SPD16_eabi.lib : sprintf.obj (.text)
                  00002e80    0000005e                                   : copy_decompress_rle.obj (.text)
                  00002ede    00000002     --HOLE-- [fill = 0]
                  00002ee0    0000005c     driverlib.lib : timer.obj (.text:TimerConfigure)
                  00002f3c    0000005a     rtsv7M4_T_le_v4SPD16_eabi.lib : ltoa.obj (.text)
                  00002f96    00000002     --HOLE-- [fill = 0]
                  00002f98    0000004c                                   : atoi.obj (.text)
                  00002fe4    00000048     driverlib.lib : gpio.obj (.text:GPIOPinConfigure)
                  0000302c    00000048                   : i2c.obj (.text:I2CMasterInitExpClk)
                  00003074    00000048     rtsv7M4_T_le_v4SPD16_eabi.lib : boot.obj (.text)
                  000030bc    00000048                                   : fd_toi_t2.obj (.text)
                  00003104    00000044                                   : cpy_tbl.obj (.text)
                  00003148    00000044                                   : exit.obj (.text)
                  0000318c    00000044                                   : fd_tou_t2.obj (.text)
                  000031d0    00000044                                   : xdtest.obj (.text)
                  00003214    00000042                                   : u_divt2.obj (.text)
                  00003256    0000003e     driverlib.lib : adc.obj (.text:ADCSequenceConfigure)
                  00003294    00000034                   : sysctl.obj (.text:SysCtlPeripheralEnable)
                  000032c8    0000002e                   : adc.obj (.text:ADCIntStatus)
                  000032f6    0000002e     rtsv7M4_T_le_v4SPD16_eabi.lib : i_tofd_t2.obj (.text)
                  00003324    0000002a     driverlib.lib : gpio.obj (.text:GPIODirModeSet)
                  0000334e    00000020     rtsv7M4_T_le_v4SPD16_eabi.lib : u_tofd_t2.obj (.text)
                  0000336e    0000001e     driverlib.lib : adc.obj (.text:ADCSequenceDataGet)
                  0000338c    0000001c     rtsv7M4_T_le_v4SPD16_eabi.lib : memccpy.obj (.text)
                  000033a8    0000001a                                   : strcat.obj (.text)
                  000033c2    00000018     driverlib.lib : gpio.obj (.text:GPIOPinTypeGPIOOutput)
                  000033da    00000002     --HOLE-- [fill = 0]
                  000033dc    00000018     rtsv7M4_T_le_v4SPD16_eabi.lib : args_main.obj (.text)
                  000033f4    00000018                                   : ll_mul_t2.obj (.text)
                  0000340c    00000016     driverlib.lib : adc.obj (.text:ADCProcessorTrigger)
                  00003422    00000002     --HOLE-- [fill = 0]
                  00003424    00000014                   : systick.obj (.text:SysTickEnable)
                  00003438    00000014                   : systick.obj (.text:SysTickIntEnable)
                  0000344c    00000014     rtsv7M4_T_le_v4SPD16_eabi.lib : _lock.obj (.text)
                  00003460    00000014                                   : strlen.obj (.text)
                  00003474    00000012     driverlib.lib : adc.obj (.text:ADCHardwareOversampleConfigure)
                  00003486    00000012                   : gpio.obj (.text:GPIOPinTypeADC)
                  00003498    00000012                   : gpio.obj (.text:GPIOPinTypeI2C)
                  000034aa    00000012                   : gpio.obj (.text:GPIOPinTypeI2CSCL)
                  000034bc    00000012                   : timer.obj (.text:TimerLoadSet)
                  000034ce    00000012     rtsv7M4_T_le_v4SPD16_eabi.lib : copy_zero_init.obj (.text:decompress:ZI)
                  000034e0    00000012                                   : xdclass.obj (.text)
                  000034f2    00000002     --HOLE-- [fill = 0]
                  000034f4    00000010     driverlib.lib : systick.obj (.text:SysTickPeriodSet)
                  00003504    00000010     rtsv7M4_T_le_v4SPD16_eabi.lib : strcpy.obj (.text)
                  00003514    0000000e     driverlib.lib : adc.obj (.text:ADCSequenceDisable)
                  00003522    0000000e                   : adc.obj (.text:ADCSequenceEnable)
                  00003530    0000000e                   : timer.obj (.text:TimerEnable)
                  0000353e    0000000e     rtsv7M4_T_le_v4SPD16_eabi.lib : copy_decompress_none.obj (.text:decompress:none)
                  0000354c    0000000c     driverlib.lib : cpu.obj (.text:CPUcpsie)
                  00003558    0000000c     tm4c123ah6pm_startup_ccs.obj (.text)
                  00003564    0000000a     driverlib.lib : adc.obj (.text:ADCIntClear)
                  0000356e    0000000a                   : i2c.obj (.text:I2CMasterEnable)
                  00003578    0000000a                   : interrupt.obj (.text:IntMasterEnable)
                  00003582    00000008                   : i2c.obj (.text:I2CMasterBusy)
                  0000358a    00000008                   : i2c.obj (.text:I2CMasterSlaveAddrSet)
                  00003592    00000008                   : timer.obj (.text:TimerIntEnable)
                  0000359a    00000006                   : gpio.obj (.text:GPIOPinWrite)
                  000035a0    00000006                   : sysctl.obj (.text:SysCtlDelay)
                  000035a6    00000006     rtsv7M4_T_le_v4SPD16_eabi.lib : copy_decompress_rle.obj (.text:decompress:rle24)
                  000035ac    00000004     driverlib.lib : i2c.obj (.text:I2CMasterControl)
                  000035b0    00000004                   : i2c.obj (.text:I2CMasterDataGet)
                  000035b4    00000004                   : i2c.obj (.text:I2CMasterDataPut)
                  000035b8    00000004                   : timer.obj (.text:TimerIntClear)

.const     0    000035bc    00000274     
                  000035bc    00000102     rtsv7M4_T_le_v4SPD16_eabi.lib : ctype.obj (.const:.string:_ctypes_)
                  000036be    00000002     --HOLE-- [fill = 0]
                  000036c0    00000090     driverlib.lib : gpio.obj (.const:g_pui32GPIOBaseAddrs)
                  00003750    00000070                   : interrupt.obj (.const)
                  000037c0    0000006c                   : sysctl.obj (.const:g_pui32Xtals)
                  0000382c    00000004     main.obj (.const)

.cinit     0    00003830    00000038     
                  00003830    00000012     (.cinit..data.load) [load image, compression = rle]
                  00003842    00000002     --HOLE-- [fill = 0]
                  00003844    0000000c     (__TI_handler_table)
                  00003850    00000008     (.cinit..bss.load) [load image, compression = zero_init]
                  00003858    00000010     (__TI_cinit_table)

.stack     0    20000000    00000800     UNINITIALIZED
                  20000000    00000800     --HOLE--

.data      0    20000800    0000002c     UNINITIALIZED
                  20000800    00000008     adc.obj (.data)
                  20000808    00000008     rtsv7M4_T_le_v4SPD16_eabi.lib : _lock.obj (.data)
                  20000810    00000008                                   : exit.obj (.data)
                  20000818    00000008     utils.obj (.data)
                  20000820    00000004     lcd.obj (.data)
                  20000824    00000004     main.obj (.data)
                  20000828    00000004     rtsv7M4_T_le_v4SPD16_eabi.lib : stkdepth_vars.obj (.data)

.bss       0    2000082c    00000018     UNINITIALIZED
                  2000082c    00000014     (.common:tmp)
                  20000840    00000004     (.common:lm35Interna)


LINKER GENERATED COPY TABLES

__TI_cinit_table @ 00003858 records: 2, size/record: 8, table size: 16
	.data: load addr=00003830, load size=00000012 bytes, run addr=20000800, run size=0000002c bytes, compression=rle
	.bss: load addr=00003850, load size=00000008 bytes, run addr=2000082c, run size=00000018 bytes, compression=zero_init


LINKER GENERATED HANDLER TABLE

__TI_handler_table @ 00003844 records: 3, size/record: 4, table size: 12
	index: 0, handler: __TI_decompress_rle24
	index: 1, handler: __TI_decompress_none
	index: 2, handler: __TI_zero_init


GLOBAL SYMBOLS: SORTED ALPHABETICALLY BY Name 

address    name
--------   ----
00003475   ADCHardwareOversampleConfigure
00003565   ADCIntClear
000032c9   ADCIntStatus
0000340d   ADCProcessorTrigger
00003257   ADCSequenceConfigure
0000336f   ADCSequenceDataGet
00003515   ADCSequenceDisable
00003523   ADCSequenceEnable
00002b55   ADCSequenceStepConfigure
00002629   ADC_Init
000026af   ADC_Read
00003149   C$$EXIT
0000354d   CPUcpsie
0000133b   DS1307_GetDate
000013c9   DS1307_GetTime
00001189   DS1307_ReadReg
000011eb   DS1307_SetDate
00001293   DS1307_SetTime
0000113b   DS1307_WriteReg
00002d67   Delay
000016c1   EEPROM_AdicionaFuncionario
000017a5   EEPROM_EncontraFuncionario
000015b7   EEPROM_GetDado
00001597   EEPROM_GetNrFuncionario
00001aed   EEPROM_GetRegistros
000014dd   EEPROM_Read
000018a5   EEPROM_RegistraFuncionarioEntrada
000019c7   EEPROM_RegistraFuncionarioSaida
00001461   EEPROM_Write
00003325   GPIODirModeSet
000023e1   GPIOPadConfigSet
00002fe5   GPIOPinConfigure
00003487   GPIOPinTypeADC
000033c3   GPIOPinTypeGPIOOutput
00003499   GPIOPinTypeI2C
000034ab   GPIOPinTypeI2CSCL
0000359b   GPIOPinWrite
00003583   I2CMasterBusy
000035ad   I2CMasterControl
000035b1   I2CMasterDataGet
000035b5   I2CMasterDataPut
0000356f   I2CMasterEnable
0000302d   I2CMasterInitExpClk
0000358b   I2CMasterSlaveAddrSet
000010f9   I2C_Init
0000278b   Inicia_Tiva
00002dc1   IntEnable
00003579   IntMasterEnable
00001ddd   IntToStr
00001dd3   LCD_Clear
00001cc3   LCD_Data
00001c43   LCD_EN_Pulse
00001bb9   LCD_Init
00001c67   LCD_Inst
00001da5   LCD_Process
00001d93   LCD_Write
00001d1f   LCD_WriteCol
000027bd   LeSensores
00003559   ResetISR
0000155f   ResetMem
UNDEFED    SHT$$INIT_ARRAY$$Base
UNDEFED    SHT$$INIT_ARRAY$$Limit
0000279d   ShowDateTime
00002511   SysCtlClockGet
00002935   SysCtlClockSet
000035a1   SysCtlDelay
00003295   SysCtlPeripheralEnable
00003425   SysTickEnable
00003439   SysTickIntEnable
000034f5   SysTickPeriodSet
00002d4f   SysTick_Handler
000027ff   Timer0IntHandler
00002ee1   TimerConfigure
00003531   TimerEnable
000035b9   TimerIntClear
00003593   TimerIntEnable
000034bd   TimerLoadSet
00002731   Timer_Init
000034e1   _Dclass
000031d1   _Dtest
20000800   __STACK_END
00000800   __STACK_SIZE
20000200   __STACK_TOP
00003858   __TI_CINIT_Base
00003868   __TI_CINIT_Limit
00003844   __TI_Handler_Table_Base
00003850   __TI_Handler_Table_Limit
00000001   __TI_args_main
00002ac1   __TI_auto_init
20000810   __TI_cleanup_ptr
0000353f   __TI_decompress_none
000035a7   __TI_decompress_rle24
20000814   __TI_dtors_ptr
00000def   __TI_printfi
00000000   __TI_static_base__
000034cf   __TI_zero_init
00002bd5   __aeabi_cdcmpeq
00002bd5   __aeabi_cdcmple
00002c53   __aeabi_cdrcmple
000030bd   __aeabi_d2iz
0000318d   __aeabi_d2uiz
000020ff   __aeabi_dadd
000022ab   __aeabi_ddiv
00002839   __aeabi_dmul
000020f5   __aeabi_dsub
000032f7   __aeabi_i2d
000033f5   __aeabi_lmul
00002cd1   __aeabi_memclr
00002cd1   __aeabi_memclr4
00002cd1   __aeabi_memclr8
00002a25   __aeabi_memcpy
00002a25   __aeabi_memcpy4
00002a25   __aeabi_memcpy8
00002cd3   __aeabi_memset
00002cd3   __aeabi_memset4
00002cd3   __aeabi_memset8
0000334f   __aeabi_ui2d
00003215   __aeabi_uidivmod
00001f01   __aeabi_uldivmod
ffffffff   __binit__
ffffffff   __c_args__
20000000   __stack
000033dd   _args_main
00003075   _c_int00
000035bc   _ctypes_
20000808   _lock
0000345b   _nop
00003453   _register_lock
0000344d   _register_unlock
2000080c   _unlock
0000314d   abort
00002f99   atoi
ffffffff   binit
00003105   copy_in
00003155   exit
00000000   g_pfnVectors
00002d49   getSysTick
0000382c   halfseg
20000840   lm35Interna
20000824   lm35Peltier
00002f3d   ltoa
000027f3   main
20000828   main_func_sp
0000338d   memccpy
00002a25   memcpy
00002cd9   memset
20000820   process
00002e21   sprintf
000033a9   strcat
00003505   strcpy
00001e89   stringcat
00003461   strlen
20000818   sys_us
2000082c   tmp


GLOBAL SYMBOLS: SORTED BY Symbol Address 

address    name
--------   ----
00000000   __TI_static_base__
00000000   g_pfnVectors
00000001   __TI_args_main
00000800   __STACK_SIZE
00000def   __TI_printfi
000010f9   I2C_Init
0000113b   DS1307_WriteReg
00001189   DS1307_ReadReg
000011eb   DS1307_SetDate
00001293   DS1307_SetTime
0000133b   DS1307_GetDate
000013c9   DS1307_GetTime
00001461   EEPROM_Write
000014dd   EEPROM_Read
0000155f   ResetMem
00001597   EEPROM_GetNrFuncionario
000015b7   EEPROM_GetDado
000016c1   EEPROM_AdicionaFuncionario
000017a5   EEPROM_EncontraFuncionario
000018a5   EEPROM_RegistraFuncionarioEntrada
000019c7   EEPROM_RegistraFuncionarioSaida
00001aed   EEPROM_GetRegistros
00001bb9   LCD_Init
00001c43   LCD_EN_Pulse
00001c67   LCD_Inst
00001cc3   LCD_Data
00001d1f   LCD_WriteCol
00001d93   LCD_Write
00001da5   LCD_Process
00001dd3   LCD_Clear
00001ddd   IntToStr
00001e89   stringcat
00001f01   __aeabi_uldivmod
000020f5   __aeabi_dsub
000020ff   __aeabi_dadd
000022ab   __aeabi_ddiv
000023e1   GPIOPadConfigSet
00002511   SysCtlClockGet
00002629   ADC_Init
000026af   ADC_Read
00002731   Timer_Init
0000278b   Inicia_Tiva
0000279d   ShowDateTime
000027bd   LeSensores
000027f3   main
000027ff   Timer0IntHandler
00002839   __aeabi_dmul
00002935   SysCtlClockSet
00002a25   __aeabi_memcpy
00002a25   __aeabi_memcpy4
00002a25   __aeabi_memcpy8
00002a25   memcpy
00002ac1   __TI_auto_init
00002b55   ADCSequenceStepConfigure
00002bd5   __aeabi_cdcmpeq
00002bd5   __aeabi_cdcmple
00002c53   __aeabi_cdrcmple
00002cd1   __aeabi_memclr
00002cd1   __aeabi_memclr4
00002cd1   __aeabi_memclr8
00002cd3   __aeabi_memset
00002cd3   __aeabi_memset4
00002cd3   __aeabi_memset8
00002cd9   memset
00002d49   getSysTick
00002d4f   SysTick_Handler
00002d67   Delay
00002dc1   IntEnable
00002e21   sprintf
00002ee1   TimerConfigure
00002f3d   ltoa
00002f99   atoi
00002fe5   GPIOPinConfigure
0000302d   I2CMasterInitExpClk
00003075   _c_int00
000030bd   __aeabi_d2iz
00003105   copy_in
00003149   C$$EXIT
0000314d   abort
00003155   exit
0000318d   __aeabi_d2uiz
000031d1   _Dtest
00003215   __aeabi_uidivmod
00003257   ADCSequenceConfigure
00003295   SysCtlPeripheralEnable
000032c9   ADCIntStatus
000032f7   __aeabi_i2d
00003325   GPIODirModeSet
0000334f   __aeabi_ui2d
0000336f   ADCSequenceDataGet
0000338d   memccpy
000033a9   strcat
000033c3   GPIOPinTypeGPIOOutput
000033dd   _args_main
000033f5   __aeabi_lmul
0000340d   ADCProcessorTrigger
00003425   SysTickEnable
00003439   SysTickIntEnable
0000344d   _register_unlock
00003453   _register_lock
0000345b   _nop
00003461   strlen
00003475   ADCHardwareOversampleConfigure
00003487   GPIOPinTypeADC
00003499   GPIOPinTypeI2C
000034ab   GPIOPinTypeI2CSCL
000034bd   TimerLoadSet
000034cf   __TI_zero_init
000034e1   _Dclass
000034f5   SysTickPeriodSet
00003505   strcpy
00003515   ADCSequenceDisable
00003523   ADCSequenceEnable
00003531   TimerEnable
0000353f   __TI_decompress_none
0000354d   CPUcpsie
00003559   ResetISR
00003565   ADCIntClear
0000356f   I2CMasterEnable
00003579   IntMasterEnable
00003583   I2CMasterBusy
0000358b   I2CMasterSlaveAddrSet
00003593   TimerIntEnable
0000359b   GPIOPinWrite
000035a1   SysCtlDelay
000035a7   __TI_decompress_rle24
000035ad   I2CMasterControl
000035b1   I2CMasterDataGet
000035b5   I2CMasterDataPut
000035b9   TimerIntClear
000035bc   _ctypes_
0000382c   halfseg
00003844   __TI_Handler_Table_Base
00003850   __TI_Handler_Table_Limit
00003858   __TI_CINIT_Base
00003868   __TI_CINIT_Limit
20000000   __stack
20000200   __STACK_TOP
20000800   __STACK_END
20000808   _lock
2000080c   _unlock
20000810   __TI_cleanup_ptr
20000814   __TI_dtors_ptr
20000818   sys_us
20000820   process
20000824   lm35Peltier
20000828   main_func_sp
2000082c   tmp
20000840   lm35Interna
ffffffff   __binit__
ffffffff   __c_args__
ffffffff   binit
UNDEFED    SHT$$INIT_ARRAY$$Base
UNDEFED    SHT$$INIT_ARRAY$$Limit

[154 symbols]
