<?xml version="1.0"?>
<link_info>
   <banner>TI ARM Linker PC v5.1.1</banner>
   <copyright>Copyright (c) 1996-2013 Texas Instruments Incorporated</copyright>
   <link_time>0x57b4f5b4</link_time>
   <link_errors>0x0</link_errors>
   <output_file>TCC.out</output_file>
   <entry_point>
      <name>_c_int00</name>
      <address>0x3a75</address>
   </entry_point>
   <input_file_list>
      <input_file id="fl-2">
         <path>.\</path>
         <kind>object</kind>
         <file>utils.obj</file>
         <name>utils.obj</name>
      </input_file>
      <input_file id="fl-3">
         <path>.\</path>
         <kind>object</kind>
         <file>tm4c123ah6pm_startup_ccs.obj</file>
         <name>tm4c123ah6pm_startup_ccs.obj</name>
      </input_file>
      <input_file id="fl-4">
         <path>.\</path>
         <kind>object</kind>
         <file>monitorafluxo.obj</file>
         <name>monitorafluxo.obj</name>
      </input_file>
      <input_file id="fl-5">
         <path>.\</path>
         <kind>object</kind>
         <file>main.obj</file>
         <name>main.obj</name>
      </input_file>
      <input_file id="fl-6">
         <path>.\</path>
         <kind>object</kind>
         <file>lcd.obj</file>
         <name>lcd.obj</name>
      </input_file>
      <input_file id="fl-7">
         <path>.\</path>
         <kind>object</kind>
         <file>i2cmod.obj</file>
         <name>i2cmod.obj</name>
      </input_file>
      <input_file id="fl-8">
         <path>.\</path>
         <kind>object</kind>
         <file>bluetooth.obj</file>
         <name>bluetooth.obj</name>
      </input_file>
      <input_file id="fl-9">
         <path>.\</path>
         <kind>object</kind>
         <file>adc.obj</file>
         <name>adc.obj</name>
      </input_file>
      <input_file id="fl-137">
         <path>C:\ti\ccsv5\tools\compiler\arm_5.1.1\lib\</path>
         <kind>archive</kind>
         <file>rtsv7M4_T_le_v4SPD16_eabi.lib</file>
         <name>boot.obj</name>
      </input_file>
      <input_file id="fl-138">
         <path>C:\ti\ccsv5\tools\compiler\arm_5.1.1\lib\</path>
         <kind>archive</kind>
         <file>rtsv7M4_T_le_v4SPD16_eabi.lib</file>
         <name>copy_decompress_none.obj</name>
      </input_file>
      <input_file id="fl-139">
         <path>C:\ti\ccsv5\tools\compiler\arm_5.1.1\lib\</path>
         <kind>archive</kind>
         <file>rtsv7M4_T_le_v4SPD16_eabi.lib</file>
         <name>copy_decompress_rle.obj</name>
      </input_file>
      <input_file id="fl-13a">
         <path>C:\ti\ccsv5\tools\compiler\arm_5.1.1\lib\</path>
         <kind>archive</kind>
         <file>rtsv7M4_T_le_v4SPD16_eabi.lib</file>
         <name>copy_zero_init.obj</name>
      </input_file>
      <input_file id="fl-13b">
         <path>C:\ti\ccsv5\tools\compiler\arm_5.1.1\lib\</path>
         <kind>archive</kind>
         <file>rtsv7M4_T_le_v4SPD16_eabi.lib</file>
         <name>exit.obj</name>
      </input_file>
      <input_file id="fl-13c">
         <path>C:\ti\ccsv5\tools\compiler\arm_5.1.1\lib\</path>
         <kind>archive</kind>
         <file>rtsv7M4_T_le_v4SPD16_eabi.lib</file>
         <name>fd_div_t2.obj</name>
      </input_file>
      <input_file id="fl-13d">
         <path>C:\ti\ccsv5\tools\compiler\arm_5.1.1\lib\</path>
         <kind>archive</kind>
         <file>rtsv7M4_T_le_v4SPD16_eabi.lib</file>
         <name>fd_tou_t2.obj</name>
      </input_file>
      <input_file id="fl-13e">
         <path>C:\ti\ccsv5\tools\compiler\arm_5.1.1\lib\</path>
         <kind>archive</kind>
         <file>rtsv7M4_T_le_v4SPD16_eabi.lib</file>
         <name>memcpy_t2.obj</name>
      </input_file>
      <input_file id="fl-13f">
         <path>C:\ti\ccsv5\tools\compiler\arm_5.1.1\lib\</path>
         <kind>archive</kind>
         <file>rtsv7M4_T_le_v4SPD16_eabi.lib</file>
         <name>memset_t2.obj</name>
      </input_file>
      <input_file id="fl-140">
         <path>C:\ti\ccsv5\tools\compiler\arm_5.1.1\lib\</path>
         <kind>archive</kind>
         <file>rtsv7M4_T_le_v4SPD16_eabi.lib</file>
         <name>sprintf.obj</name>
      </input_file>
      <input_file id="fl-141">
         <path>C:\ti\ccsv5\tools\compiler\arm_5.1.1\lib\</path>
         <kind>archive</kind>
         <file>rtsv7M4_T_le_v4SPD16_eabi.lib</file>
         <name>stkdepth_vars.obj</name>
      </input_file>
      <input_file id="fl-142">
         <path>C:\ti\ccsv5\tools\compiler\arm_5.1.1\lib\</path>
         <kind>archive</kind>
         <file>rtsv7M4_T_le_v4SPD16_eabi.lib</file>
         <name>strcat.obj</name>
      </input_file>
      <input_file id="fl-143">
         <path>C:\ti\ccsv5\tools\compiler\arm_5.1.1\lib\</path>
         <kind>archive</kind>
         <file>rtsv7M4_T_le_v4SPD16_eabi.lib</file>
         <name>strcpy.obj</name>
      </input_file>
      <input_file id="fl-144">
         <path>C:\ti\ccsv5\tools\compiler\arm_5.1.1\lib\</path>
         <kind>archive</kind>
         <file>rtsv7M4_T_le_v4SPD16_eabi.lib</file>
         <name>u_divt2.obj</name>
      </input_file>
      <input_file id="fl-145">
         <path>C:\ti\ccsv5\tools\compiler\arm_5.1.1\lib\</path>
         <kind>archive</kind>
         <file>rtsv7M4_T_le_v4SPD16_eabi.lib</file>
         <name>u_tofd_t2.obj</name>
      </input_file>
      <input_file id="fl-146">
         <path>C:\ti\ccsv5\tools\compiler\arm_5.1.1\lib\</path>
         <kind>archive</kind>
         <file>rtsv7M4_T_le_v4SPD16_eabi.lib</file>
         <name>_lock.obj</name>
      </input_file>
      <input_file id="fl-147">
         <path>C:\ti\ccsv5\tools\compiler\arm_5.1.1\lib\</path>
         <kind>archive</kind>
         <file>rtsv7M4_T_le_v4SPD16_eabi.lib</file>
         <name>_printfi.obj</name>
      </input_file>
      <input_file id="fl-148">
         <path>C:\ti\ccsv5\tools\compiler\arm_5.1.1\lib\</path>
         <kind>archive</kind>
         <file>rtsv7M4_T_le_v4SPD16_eabi.lib</file>
         <name>args_main.obj</name>
      </input_file>
      <input_file id="fl-149">
         <path>C:\ti\ccsv5\tools\compiler\arm_5.1.1\lib\</path>
         <kind>archive</kind>
         <file>rtsv7M4_T_le_v4SPD16_eabi.lib</file>
         <name>atoi.obj</name>
      </input_file>
      <input_file id="fl-14a">
         <path>C:\ti\ccsv5\tools\compiler\arm_5.1.1\lib\</path>
         <kind>archive</kind>
         <file>rtsv7M4_T_le_v4SPD16_eabi.lib</file>
         <name>auto_init.obj</name>
      </input_file>
      <input_file id="fl-14b">
         <path>C:\ti\ccsv5\tools\compiler\arm_5.1.1\lib\</path>
         <kind>archive</kind>
         <file>rtsv7M4_T_le_v4SPD16_eabi.lib</file>
         <name>cpy_tbl.obj</name>
      </input_file>
      <input_file id="fl-14c">
         <path>C:\ti\ccsv5\tools\compiler\arm_5.1.1\lib\</path>
         <kind>archive</kind>
         <file>rtsv7M4_T_le_v4SPD16_eabi.lib</file>
         <name>ctype.obj</name>
      </input_file>
      <input_file id="fl-14d">
         <path>C:\ti\ccsv5\tools\compiler\arm_5.1.1\lib\</path>
         <kind>archive</kind>
         <file>rtsv7M4_T_le_v4SPD16_eabi.lib</file>
         <name>fd_add_t2.obj</name>
      </input_file>
      <input_file id="fl-14e">
         <path>C:\ti\ccsv5\tools\compiler\arm_5.1.1\lib\</path>
         <kind>archive</kind>
         <file>rtsv7M4_T_le_v4SPD16_eabi.lib</file>
         <name>fd_cmp_t2.obj</name>
      </input_file>
      <input_file id="fl-14f">
         <path>C:\ti\ccsv5\tools\compiler\arm_5.1.1\lib\</path>
         <kind>archive</kind>
         <file>rtsv7M4_T_le_v4SPD16_eabi.lib</file>
         <name>fd_mul_t2.obj</name>
      </input_file>
      <input_file id="fl-150">
         <path>C:\ti\ccsv5\tools\compiler\arm_5.1.1\lib\</path>
         <kind>archive</kind>
         <file>rtsv7M4_T_le_v4SPD16_eabi.lib</file>
         <name>fd_toi_t2.obj</name>
      </input_file>
      <input_file id="fl-151">
         <path>C:\ti\ccsv5\tools\compiler\arm_5.1.1\lib\</path>
         <kind>archive</kind>
         <file>rtsv7M4_T_le_v4SPD16_eabi.lib</file>
         <name>i_tofd_t2.obj</name>
      </input_file>
      <input_file id="fl-152">
         <path>C:\ti\ccsv5\tools\compiler\arm_5.1.1\lib\</path>
         <kind>archive</kind>
         <file>rtsv7M4_T_le_v4SPD16_eabi.lib</file>
         <name>ll_mul_t2.obj</name>
      </input_file>
      <input_file id="fl-153">
         <path>C:\ti\ccsv5\tools\compiler\arm_5.1.1\lib\</path>
         <kind>archive</kind>
         <file>rtsv7M4_T_le_v4SPD16_eabi.lib</file>
         <name>ltoa.obj</name>
      </input_file>
      <input_file id="fl-154">
         <path>C:\ti\ccsv5\tools\compiler\arm_5.1.1\lib\</path>
         <kind>archive</kind>
         <file>rtsv7M4_T_le_v4SPD16_eabi.lib</file>
         <name>memccpy.obj</name>
      </input_file>
      <input_file id="fl-155">
         <path>C:\ti\ccsv5\tools\compiler\arm_5.1.1\lib\</path>
         <kind>archive</kind>
         <file>rtsv7M4_T_le_v4SPD16_eabi.lib</file>
         <name>strlen.obj</name>
      </input_file>
      <input_file id="fl-156">
         <path>C:\ti\ccsv5\tools\compiler\arm_5.1.1\lib\</path>
         <kind>archive</kind>
         <file>rtsv7M4_T_le_v4SPD16_eabi.lib</file>
         <name>ull_div_t2.obj</name>
      </input_file>
      <input_file id="fl-157">
         <path>C:\ti\ccsv5\tools\compiler\arm_5.1.1\lib\</path>
         <kind>archive</kind>
         <file>rtsv7M4_T_le_v4SPD16_eabi.lib</file>
         <name>xdclass.obj</name>
      </input_file>
      <input_file id="fl-158">
         <path>C:\ti\ccsv5\tools\compiler\arm_5.1.1\lib\</path>
         <kind>archive</kind>
         <file>rtsv7M4_T_le_v4SPD16_eabi.lib</file>
         <name>xdtest.obj</name>
      </input_file>
      <input_file id="fl-159">
         <path>C:\ti\TivaWare\driverlib\ccs\Debug\</path>
         <kind>archive</kind>
         <file>driverlib.lib</file>
         <name>uart.obj</name>
      </input_file>
      <input_file id="fl-15a">
         <path>C:\ti\TivaWare\driverlib\ccs\Debug\</path>
         <kind>archive</kind>
         <file>driverlib.lib</file>
         <name>timer.obj</name>
      </input_file>
      <input_file id="fl-15b">
         <path>C:\ti\TivaWare\driverlib\ccs\Debug\</path>
         <kind>archive</kind>
         <file>driverlib.lib</file>
         <name>systick.obj</name>
      </input_file>
      <input_file id="fl-15c">
         <path>C:\ti\TivaWare\driverlib\ccs\Debug\</path>
         <kind>archive</kind>
         <file>driverlib.lib</file>
         <name>sysctl.obj</name>
      </input_file>
      <input_file id="fl-15d">
         <path>C:\ti\TivaWare\driverlib\ccs\Debug\</path>
         <kind>archive</kind>
         <file>driverlib.lib</file>
         <name>interrupt.obj</name>
      </input_file>
      <input_file id="fl-15e">
         <path>C:\ti\TivaWare\driverlib\ccs\Debug\</path>
         <kind>archive</kind>
         <file>driverlib.lib</file>
         <name>i2c.obj</name>
      </input_file>
      <input_file id="fl-15f">
         <path>C:\ti\TivaWare\driverlib\ccs\Debug\</path>
         <kind>archive</kind>
         <file>driverlib.lib</file>
         <name>gpio.obj</name>
      </input_file>
      <input_file id="fl-160">
         <path>C:\ti\TivaWare\driverlib\ccs\Debug\</path>
         <kind>archive</kind>
         <file>driverlib.lib</file>
         <name>cpu.obj</name>
      </input_file>
      <input_file id="fl-161">
         <path>C:\ti\TivaWare\driverlib\ccs\Debug\</path>
         <kind>archive</kind>
         <file>driverlib.lib</file>
         <name>adc.obj</name>
      </input_file>
   </input_file_list>
   <object_component_list>
      <object_component id="oc-e">
         <name>.intvecs</name>
         <load_address>0x0</load_address>
         <run_address>0x0</run_address>
         <size>0x26c</size>
         <input_file_ref idref="fl-3"/>
      </object_component>
      <object_component id="oc-251">
         <name>.text</name>
         <load_address>0x26c</load_address>
         <run_address>0x26c</run_address>
         <size>0xe8c</size>
         <input_file_ref idref="fl-147"/>
      </object_component>
      <object_component id="oc-cb">
         <name>.text</name>
         <load_address>0x10f8</load_address>
         <run_address>0x10f8</run_address>
         <size>0xacc</size>
         <input_file_ref idref="fl-7"/>
      </object_component>
      <object_component id="oc-d4">
         <name>.text</name>
         <load_address>0x1bc4</load_address>
         <run_address>0x1bc4</run_address>
         <size>0x7ac</size>
         <input_file_ref idref="fl-4"/>
      </object_component>
      <object_component id="oc-bc">
         <name>.text</name>
         <load_address>0x2370</load_address>
         <run_address>0x2370</run_address>
         <size>0x370</size>
         <input_file_ref idref="fl-6"/>
      </object_component>
      <object_component id="oc-2e">
         <name>.text</name>
         <load_address>0x26e0</load_address>
         <run_address>0x26e0</run_address>
         <size>0x1f8</size>
         <input_file_ref idref="fl-5"/>
      </object_component>
      <object_component id="oc-291">
         <name>.text</name>
         <load_address>0x28d8</load_address>
         <run_address>0x28d8</run_address>
         <size>0x1f4</size>
         <input_file_ref idref="fl-156"/>
      </object_component>
      <object_component id="oc-2b7">
         <name>.text</name>
         <load_address>0x2acc</load_address>
         <run_address>0x2acc</run_address>
         <size>0x1b6</size>
         <input_file_ref idref="fl-14d"/>
      </object_component>
      <object_component id="oc-6a">
         <name>.text</name>
         <load_address>0x2c82</load_address>
         <run_address>0x2c82</run_address>
         <size>0x136</size>
         <input_file_ref idref="fl-13c"/>
      </object_component>
      <object_component id="oc-1e7">
         <name>.text:GPIOPadConfigSet</name>
         <load_address>0x2db8</load_address>
         <run_address>0x2db8</run_address>
         <size>0x130</size>
         <input_file_ref idref="fl-15f"/>
      </object_component>
      <object_component id="oc-c6">
         <name>.text</name>
         <load_address>0x2ee8</load_address>
         <run_address>0x2ee8</run_address>
         <size>0x130</size>
         <input_file_ref idref="fl-8"/>
      </object_component>
      <object_component id="oc-6e">
         <name>.text:SysCtlClockGet</name>
         <load_address>0x3018</load_address>
         <run_address>0x3018</run_address>
         <size>0x118</size>
         <input_file_ref idref="fl-15c"/>
      </object_component>
      <object_component id="oc-c1">
         <name>.text</name>
         <load_address>0x3130</load_address>
         <run_address>0x3130</run_address>
         <size>0x108</size>
         <input_file_ref idref="fl-9"/>
      </object_component>
      <object_component id="oc-2a2">
         <name>.text</name>
         <load_address>0x3238</load_address>
         <run_address>0x3238</run_address>
         <size>0xfc</size>
         <input_file_ref idref="fl-14f"/>
      </object_component>
      <object_component id="oc-b7">
         <name>.text:SysCtlClockSet</name>
         <load_address>0x3334</load_address>
         <run_address>0x3334</run_address>
         <size>0xf0</size>
         <input_file_ref idref="fl-15c"/>
      </object_component>
      <object_component id="oc-47">
         <name>.text</name>
         <load_address>0x3424</load_address>
         <run_address>0x3424</run_address>
         <size>0x9c</size>
         <input_file_ref idref="fl-13e"/>
      </object_component>
      <object_component id="oc-36">
         <name>.text</name>
         <load_address>0x34c0</load_address>
         <run_address>0x34c0</run_address>
         <size>0x94</size>
         <input_file_ref idref="fl-14a"/>
      </object_component>
      <object_component id="oc-167">
         <name>.text:ADCSequenceStepConfigure</name>
         <load_address>0x3554</load_address>
         <run_address>0x3554</run_address>
         <size>0x80</size>
         <input_file_ref idref="fl-161"/>
      </object_component>
      <object_component id="oc-29e">
         <name>.text:__aeabi_cdcmple</name>
         <load_address>0x35d4</load_address>
         <run_address>0x35d4</run_address>
         <size>0x7e</size>
         <input_file_ref idref="fl-14e"/>
      </object_component>
      <object_component id="oc-2a6">
         <name>.text:__aeabi_cdrcmple</name>
         <load_address>0x3652</load_address>
         <run_address>0x3652</run_address>
         <size>0x7e</size>
         <input_file_ref idref="fl-14e"/>
      </object_component>
      <object_component id="oc-d0">
         <name>.text</name>
         <load_address>0x36d0</load_address>
         <run_address>0x36d0</run_address>
         <size>0x78</size>
         <input_file_ref idref="fl-13f"/>
      </object_component>
      <object_component id="oc-29">
         <name>.text</name>
         <load_address>0x3748</load_address>
         <run_address>0x3748</run_address>
         <size>0x78</size>
         <input_file_ref idref="fl-2"/>
      </object_component>
      <object_component id="oc-94">
         <name>.text:IntEnable</name>
         <load_address>0x37c0</load_address>
         <run_address>0x37c0</run_address>
         <size>0x60</size>
         <input_file_ref idref="fl-15d"/>
      </object_component>
      <object_component id="oc-198">
         <name>.text</name>
         <load_address>0x3820</load_address>
         <run_address>0x3820</run_address>
         <size>0x60</size>
         <input_file_ref idref="fl-140"/>
      </object_component>
      <object_component id="oc-59">
         <name>.text</name>
         <load_address>0x3880</load_address>
         <run_address>0x3880</run_address>
         <size>0x5e</size>
         <input_file_ref idref="fl-139"/>
      </object_component>
      <object_component id="oc-8a">
         <name>.text:TimerConfigure</name>
         <load_address>0x38e0</load_address>
         <run_address>0x38e0</run_address>
         <size>0x5c</size>
         <input_file_ref idref="fl-15a"/>
      </object_component>
      <object_component id="oc-2ae">
         <name>.text</name>
         <load_address>0x393c</load_address>
         <run_address>0x393c</run_address>
         <size>0x5a</size>
         <input_file_ref idref="fl-153"/>
      </object_component>
      <object_component id="oc-2c5">
         <name>.text</name>
         <load_address>0x3998</load_address>
         <run_address>0x3998</run_address>
         <size>0x4c</size>
         <input_file_ref idref="fl-149"/>
      </object_component>
      <object_component id="oc-189">
         <name>.text:GPIOPinConfigure</name>
         <load_address>0x39e4</load_address>
         <run_address>0x39e4</run_address>
         <size>0x48</size>
         <input_file_ref idref="fl-15f"/>
      </object_component>
      <object_component id="oc-1b0">
         <name>.text:I2CMasterInitExpClk</name>
         <load_address>0x3a2c</load_address>
         <run_address>0x3a2c</run_address>
         <size>0x48</size>
         <input_file_ref idref="fl-15e"/>
      </object_component>
      <object_component id="oc-10">
         <name>.text</name>
         <load_address>0x3a74</load_address>
         <run_address>0x3a74</run_address>
         <size>0x48</size>
         <input_file_ref idref="fl-137"/>
      </object_component>
      <object_component id="oc-2aa">
         <name>.text</name>
         <load_address>0x3abc</load_address>
         <run_address>0x3abc</run_address>
         <size>0x48</size>
         <input_file_ref idref="fl-150"/>
      </object_component>
      <object_component id="oc-f6">
         <name>.text</name>
         <load_address>0x3b04</load_address>
         <run_address>0x3b04</run_address>
         <size>0x44</size>
         <input_file_ref idref="fl-14b"/>
      </object_component>
      <object_component id="oc-3f">
         <name>.text</name>
         <load_address>0x3b48</load_address>
         <run_address>0x3b48</run_address>
         <size>0x44</size>
         <input_file_ref idref="fl-13b"/>
      </object_component>
      <object_component id="oc-73">
         <name>.text</name>
         <load_address>0x3b8c</load_address>
         <run_address>0x3b8c</run_address>
         <size>0x44</size>
         <input_file_ref idref="fl-13d"/>
      </object_component>
      <object_component id="oc-2ec">
         <name>.text</name>
         <load_address>0x3bd0</load_address>
         <run_address>0x3bd0</run_address>
         <size>0x44</size>
         <input_file_ref idref="fl-158"/>
      </object_component>
      <object_component id="oc-141">
         <name>.text</name>
         <load_address>0x3c14</load_address>
         <run_address>0x3c14</run_address>
         <size>0x42</size>
         <input_file_ref idref="fl-144"/>
      </object_component>
      <object_component id="oc-193">
         <name>.text:UARTConfigSetExpClk</name>
         <load_address>0x3c56</load_address>
         <run_address>0x3c56</run_address>
         <size>0x40</size>
         <input_file_ref idref="fl-159"/>
      </object_component>
      <object_component id="oc-162">
         <name>.text:ADCSequenceConfigure</name>
         <load_address>0x3c96</load_address>
         <run_address>0x3c96</run_address>
         <size>0x3e</size>
         <input_file_ref idref="fl-161"/>
      </object_component>
      <object_component id="oc-85">
         <name>.text:SysCtlPeripheralEnable</name>
         <load_address>0x3cd4</load_address>
         <run_address>0x3cd4</run_address>
         <size>0x34</size>
         <input_file_ref idref="fl-15c"/>
      </object_component>
      <object_component id="oc-17b">
         <name>.text:ADCIntStatus</name>
         <load_address>0x3d08</load_address>
         <run_address>0x3d08</run_address>
         <size>0x2e</size>
         <input_file_ref idref="fl-161"/>
      </object_component>
      <object_component id="oc-2b3">
         <name>.text</name>
         <load_address>0x3d36</load_address>
         <run_address>0x3d36</run_address>
         <size>0x2e</size>
         <input_file_ref idref="fl-151"/>
      </object_component>
      <object_component id="oc-1ec">
         <name>.text:GPIODirModeSet</name>
         <load_address>0x3d64</load_address>
         <run_address>0x3d64</run_address>
         <size>0x2a</size>
         <input_file_ref idref="fl-15f"/>
      </object_component>
      <object_component id="oc-66">
         <name>.text</name>
         <load_address>0x3d8e</load_address>
         <run_address>0x3d8e</run_address>
         <size>0x20</size>
         <input_file_ref idref="fl-145"/>
      </object_component>
      <object_component id="oc-180">
         <name>.text:ADCSequenceDataGet</name>
         <load_address>0x3dae</load_address>
         <run_address>0x3dae</run_address>
         <size>0x1e</size>
         <input_file_ref idref="fl-161"/>
      </object_component>
      <object_component id="oc-245">
         <name>.text:UARTDisable</name>
         <load_address>0x3dcc</load_address>
         <run_address>0x3dcc</run_address>
         <size>0x1c</size>
         <input_file_ref idref="fl-159"/>
      </object_component>
      <object_component id="oc-2c0">
         <name>.text</name>
         <load_address>0x3de8</load_address>
         <run_address>0x3de8</run_address>
         <size>0x1c</size>
         <input_file_ref idref="fl-154"/>
      </object_component>
      <object_component id="oc-14a">
         <name>.text</name>
         <load_address>0x3e04</load_address>
         <run_address>0x3e04</run_address>
         <size>0x1a</size>
         <input_file_ref idref="fl-142"/>
      </object_component>
      <object_component id="oc-d9">
         <name>.text:GPIOPinTypeGPIOOutput</name>
         <load_address>0x3e1e</load_address>
         <run_address>0x3e1e</run_address>
         <size>0x18</size>
         <input_file_ref idref="fl-15f"/>
      </object_component>
      <object_component id="oc-3a">
         <name>.text</name>
         <load_address>0x3e38</load_address>
         <run_address>0x3e38</run_address>
         <size>0x18</size>
         <input_file_ref idref="fl-148"/>
      </object_component>
      <object_component id="oc-295">
         <name>.text</name>
         <load_address>0x3e50</load_address>
         <run_address>0x3e50</run_address>
         <size>0x18</size>
         <input_file_ref idref="fl-152"/>
      </object_component>
      <object_component id="oc-176">
         <name>.text:ADCProcessorTrigger</name>
         <load_address>0x3e68</load_address>
         <run_address>0x3e68</run_address>
         <size>0x16</size>
         <input_file_ref idref="fl-161"/>
      </object_component>
      <object_component id="oc-a3">
         <name>.text:SysTickEnable</name>
         <load_address>0x3e80</load_address>
         <run_address>0x3e80</run_address>
         <size>0x14</size>
         <input_file_ref idref="fl-15b"/>
      </object_component>
      <object_component id="oc-a8">
         <name>.text:SysTickIntEnable</name>
         <load_address>0x3e94</load_address>
         <run_address>0x3e94</run_address>
         <size>0x14</size>
         <input_file_ref idref="fl-15b"/>
      </object_component>
      <object_component id="oc-24a">
         <name>.text:UARTEnable</name>
         <load_address>0x3ea8</load_address>
         <run_address>0x3ea8</run_address>
         <size>0x14</size>
         <input_file_ref idref="fl-159"/>
      </object_component>
      <object_component id="oc-209">
         <name>.text</name>
         <load_address>0x3ebc</load_address>
         <run_address>0x3ebc</run_address>
         <size>0x14</size>
         <input_file_ref idref="fl-146"/>
      </object_component>
      <object_component id="oc-299">
         <name>.text</name>
         <load_address>0x3ed0</load_address>
         <run_address>0x3ed0</run_address>
         <size>0x14</size>
         <input_file_ref idref="fl-155"/>
      </object_component>
      <object_component id="oc-158">
         <name>.text:ADCHardwareOversampleConfigure</name>
         <load_address>0x3ee4</load_address>
         <run_address>0x3ee4</run_address>
         <size>0x12</size>
         <input_file_ref idref="fl-161"/>
      </object_component>
      <object_component id="oc-153">
         <name>.text:GPIOPinTypeADC</name>
         <load_address>0x3ef6</load_address>
         <run_address>0x3ef6</run_address>
         <size>0x12</size>
         <input_file_ref idref="fl-15f"/>
      </object_component>
      <object_component id="oc-1ba">
         <name>.text:GPIOPinTypeI2C</name>
         <load_address>0x3f08</load_address>
         <run_address>0x3f08</run_address>
         <size>0x12</size>
         <input_file_ref idref="fl-15f"/>
      </object_component>
      <object_component id="oc-1b5">
         <name>.text:GPIOPinTypeI2CSCL</name>
         <load_address>0x3f1a</load_address>
         <run_address>0x3f1a</run_address>
         <size>0x12</size>
         <input_file_ref idref="fl-15f"/>
      </object_component>
      <object_component id="oc-18e">
         <name>.text:GPIOPinTypeUART</name>
         <load_address>0x3f2c</load_address>
         <run_address>0x3f2c</run_address>
         <size>0x12</size>
         <input_file_ref idref="fl-15f"/>
      </object_component>
      <object_component id="oc-8f">
         <name>.text:TimerLoadSet</name>
         <load_address>0x3f3e</load_address>
         <run_address>0x3f3e</run_address>
         <size>0x12</size>
         <input_file_ref idref="fl-15a"/>
      </object_component>
      <object_component id="oc-19">
         <name>.text:decompress:ZI</name>
         <load_address>0x3f50</load_address>
         <run_address>0x3f50</run_address>
         <size>0x12</size>
         <input_file_ref idref="fl-13a"/>
      </object_component>
      <object_component id="oc-2bb">
         <name>.text</name>
         <load_address>0x3f62</load_address>
         <run_address>0x3f62</run_address>
         <size>0x12</size>
         <input_file_ref idref="fl-157"/>
      </object_component>
      <object_component id="oc-9e">
         <name>.text:SysTickPeriodSet</name>
         <load_address>0x3f74</load_address>
         <run_address>0x3f74</run_address>
         <size>0x10</size>
         <input_file_ref idref="fl-15b"/>
      </object_component>
      <object_component id="oc-145">
         <name>.text</name>
         <load_address>0x3f84</load_address>
         <run_address>0x3f84</run_address>
         <size>0x10</size>
         <input_file_ref idref="fl-143"/>
      </object_component>
      <object_component id="oc-15d">
         <name>.text:ADCSequenceDisable</name>
         <load_address>0x3f94</load_address>
         <run_address>0x3f94</run_address>
         <size>0xe</size>
         <input_file_ref idref="fl-161"/>
      </object_component>
      <object_component id="oc-16c">
         <name>.text:ADCSequenceEnable</name>
         <load_address>0x3fa2</load_address>
         <run_address>0x3fa2</run_address>
         <size>0xe</size>
         <input_file_ref idref="fl-161"/>
      </object_component>
      <object_component id="oc-b2">
         <name>.text:TimerEnable</name>
         <load_address>0x3fb0</load_address>
         <run_address>0x3fb0</run_address>
         <size>0xe</size>
         <input_file_ref idref="fl-15a"/>
      </object_component>
      <object_component id="oc-14">
         <name>.text:decompress:none</name>
         <load_address>0x3fbe</load_address>
         <run_address>0x3fbe</run_address>
         <size>0xe</size>
         <input_file_ref idref="fl-138"/>
      </object_component>
      <object_component id="oc-134">
         <name>.text:CPUcpsie</name>
         <load_address>0x3fcc</load_address>
         <run_address>0x3fcc</run_address>
         <size>0xc</size>
         <input_file_ref idref="fl-160"/>
      </object_component>
      <object_component id="oc-1a7">
         <name>.text:UARTCharsAvail</name>
         <load_address>0x3fd8</load_address>
         <run_address>0x3fd8</run_address>
         <size>0xc</size>
         <input_file_ref idref="fl-159"/>
      </object_component>
      <object_component id="oc-24">
         <name>.text</name>
         <load_address>0x3fe4</load_address>
         <run_address>0x3fe4</run_address>
         <size>0xc</size>
         <input_file_ref idref="fl-3"/>
      </object_component>
      <object_component id="oc-171">
         <name>.text:ADCIntClear</name>
         <load_address>0x3ff0</load_address>
         <run_address>0x3ff0</run_address>
         <size>0xa</size>
         <input_file_ref idref="fl-161"/>
      </object_component>
      <object_component id="oc-264">
         <name>.text:I2CMasterEnable</name>
         <load_address>0x3ffa</load_address>
         <run_address>0x3ffa</run_address>
         <size>0xa</size>
         <input_file_ref idref="fl-15e"/>
      </object_component>
      <object_component id="oc-ad">
         <name>.text:IntMasterEnable</name>
         <load_address>0x4004</load_address>
         <run_address>0x4004</run_address>
         <size>0xa</size>
         <input_file_ref idref="fl-15d"/>
      </object_component>
      <object_component id="oc-1a2">
         <name>.text:UARTCharGet</name>
         <load_address>0x400e</load_address>
         <run_address>0x400e</run_address>
         <size>0xa</size>
         <input_file_ref idref="fl-159"/>
      </object_component>
      <object_component id="oc-19d">
         <name>.text:UARTCharPut</name>
         <load_address>0x4018</load_address>
         <run_address>0x4018</run_address>
         <size>0xa</size>
         <input_file_ref idref="fl-159"/>
      </object_component>
      <object_component id="oc-1bf">
         <name>.text:I2CMasterBusy</name>
         <load_address>0x4022</load_address>
         <run_address>0x4022</run_address>
         <size>0x8</size>
         <input_file_ref idref="fl-15e"/>
      </object_component>
      <object_component id="oc-1c4">
         <name>.text:I2CMasterSlaveAddrSet</name>
         <load_address>0x402a</load_address>
         <run_address>0x402a</run_address>
         <size>0x8</size>
         <input_file_ref idref="fl-15e"/>
      </object_component>
      <object_component id="oc-99">
         <name>.text:TimerIntEnable</name>
         <load_address>0x4032</load_address>
         <run_address>0x4032</run_address>
         <size>0x8</size>
         <input_file_ref idref="fl-15a"/>
      </object_component>
      <object_component id="oc-1e0">
         <name>.text:GPIOPinRead</name>
         <load_address>0x403a</load_address>
         <run_address>0x403a</run_address>
         <size>0x6</size>
         <input_file_ref idref="fl-15f"/>
      </object_component>
      <object_component id="oc-de">
         <name>.text:GPIOPinWrite</name>
         <load_address>0x4040</load_address>
         <run_address>0x4040</run_address>
         <size>0x6</size>
         <input_file_ref idref="fl-15f"/>
      </object_component>
      <object_component id="oc-77">
         <name>.text:SysCtlDelay</name>
         <load_address>0x4046</load_address>
         <run_address>0x4046</run_address>
         <size>0x6</size>
         <input_file_ref idref="fl-15c"/>
      </object_component>
      <object_component id="oc-1e">
         <name>.text:decompress:rle24</name>
         <load_address>0x404c</load_address>
         <run_address>0x404c</run_address>
         <size>0x6</size>
         <input_file_ref idref="fl-139"/>
      </object_component>
      <object_component id="oc-1ce">
         <name>.text:I2CMasterControl</name>
         <load_address>0x4052</load_address>
         <run_address>0x4052</run_address>
         <size>0x4</size>
         <input_file_ref idref="fl-15e"/>
      </object_component>
      <object_component id="oc-1d3">
         <name>.text:I2CMasterDataGet</name>
         <load_address>0x4056</load_address>
         <run_address>0x4056</run_address>
         <size>0x4</size>
         <input_file_ref idref="fl-15e"/>
      </object_component>
      <object_component id="oc-1c9">
         <name>.text:I2CMasterDataPut</name>
         <load_address>0x405a</load_address>
         <run_address>0x405a</run_address>
         <size>0x4</size>
         <input_file_ref idref="fl-15e"/>
      </object_component>
      <object_component id="oc-e3">
         <name>.text:TimerIntClear</name>
         <load_address>0x405e</load_address>
         <run_address>0x405e</run_address>
         <size>0x4</size>
         <input_file_ref idref="fl-15a"/>
      </object_component>
      <object_component id="oc-2f4">
         <name>.const:.string:_ctypes_</name>
         <load_address>0x4064</load_address>
         <run_address>0x4064</run_address>
         <size>0x102</size>
         <input_file_ref idref="fl-14c"/>
      </object_component>
      <object_component id="oc-241">
         <name>.const:g_pui32GPIOBaseAddrs</name>
         <load_address>0x4168</load_address>
         <run_address>0x4168</run_address>
         <size>0x90</size>
         <input_file_ref idref="fl-15f"/>
      </object_component>
      <object_component id="oc-12b">
         <name>.const</name>
         <load_address>0x41f8</load_address>
         <run_address>0x41f8</run_address>
         <size>0x70</size>
         <input_file_ref idref="fl-15d"/>
      </object_component>
      <object_component id="oc-11a">
         <name>.const:g_pui32Xtals</name>
         <load_address>0x4268</load_address>
         <run_address>0x4268</run_address>
         <size>0x6c</size>
         <input_file_ref idref="fl-15c"/>
      </object_component>
      <object_component id="oc-1ac">
         <name>.const:.string</name>
         <load_address>0x42d4</load_address>
         <run_address>0x42d4</run_address>
         <size>0x9</size>
         <input_file_ref idref="fl-8"/>
      </object_component>
      <object_component id="oc-ec">
         <name>.const</name>
         <load_address>0x42e0</load_address>
         <run_address>0x42e0</run_address>
         <size>0x4</size>
         <input_file_ref idref="fl-5"/>
      </object_component>
      <object_component id="oc-32c">
         <name>.cinit..data.load</name>
         <load_address>0x42e8</load_address>
         <run_address>0x42e8</run_address>
         <size>0x12</size>
      </object_component>
      <object_component id="oc-32a">
         <name>__TI_handler_table</name>
         <load_address>0x42fc</load_address>
         <run_address>0x42fc</run_address>
         <size>0xc</size>
      </object_component>
      <object_component id="oc-32d">
         <name>.cinit..bss.load</name>
         <load_address>0x4308</load_address>
         <run_address>0x4308</run_address>
         <size>0x8</size>
      </object_component>
      <object_component id="oc-32b">
         <name>__TI_cinit_table</name>
         <load_address>0x4310</load_address>
         <run_address>0x4310</run_address>
         <size>0x10</size>
      </object_component>
      <object_component id="oc-44">
         <name>.data</name>
         <load_address>0x20000828</load_address>
         <run_address>0x20000828</run_address>
         <size>0x4</size>
         <input_file_ref idref="fl-141"/>
      </object_component>
      <object_component id="oc-78">
         <name>.data</name>
         <load_address>0x20000818</load_address>
         <run_address>0x20000818</run_address>
         <size>0x8</size>
         <input_file_ref idref="fl-2"/>
      </object_component>
      <object_component id="oc-ea">
         <name>.data</name>
         <load_address>0x20000824</load_address>
         <run_address>0x20000824</run_address>
         <size>0x4</size>
         <input_file_ref idref="fl-5"/>
      </object_component>
      <object_component id="oc-fe">
         <name>.data</name>
         <load_address>0x20000808</load_address>
         <run_address>0x20000808</run_address>
         <size>0x8</size>
         <input_file_ref idref="fl-146"/>
      </object_component>
      <object_component id="oc-100">
         <name>.data</name>
         <load_address>0x20000810</load_address>
         <run_address>0x20000810</run_address>
         <size>0x8</size>
         <input_file_ref idref="fl-13b"/>
      </object_component>
      <object_component id="oc-14f">
         <name>.data</name>
         <load_address>0x20000820</load_address>
         <run_address>0x20000820</run_address>
         <size>0x4</size>
         <input_file_ref idref="fl-6"/>
      </object_component>
      <object_component id="oc-185">
         <name>.data</name>
         <load_address>0x20000800</load_address>
         <run_address>0x20000800</run_address>
         <size>0x8</size>
         <input_file_ref idref="fl-9"/>
      </object_component>
      <object_component id="oc-e8">
         <name>.common:lm35Interna</name>
         <uninitialized>true</uninitialized>
         <run_address>0x2000082c</run_address>
         <size>0x4</size>
      </object_component>
      <object_component id="oc-23">
         <name>.stack</name>
         <uninitialized>true</uninitialized>
         <run_address>0x20000000</run_address>
         <size>0x0</size>
         <input_file_ref idref="fl-137"/>
      </object_component>
      <object_component id="oc-32e">
         <name>.stack</name>
         <uninitialized>true</uninitialized>
         <run_address>0x20000000</run_address>
         <size>0x0</size>
      </object_component>
      <object_component id="oc-f">
         <name>.debug_info</name>
         <load_address>0x0</load_address>
         <run_address>0x0</run_address>
         <size>0xe8</size>
         <input_file_ref idref="fl-3"/>
      </object_component>
      <object_component id="oc-12">
         <name>.debug_info</name>
         <load_address>0xe8</load_address>
         <run_address>0xe8</run_address>
         <size>0xf3</size>
         <input_file_ref idref="fl-137"/>
      </object_component>
      <object_component id="oc-17">
         <name>.debug_info</name>
         <load_address>0x1db</load_address>
         <run_address>0x1db</run_address>
         <size>0x194</size>
         <input_file_ref idref="fl-138"/>
      </object_component>
      <object_component id="oc-1a">
         <name>.debug_info</name>
         <load_address>0x36f</load_address>
         <run_address>0x36f</run_address>
         <size>0x16a</size>
         <input_file_ref idref="fl-13a"/>
      </object_component>
      <object_component id="oc-1f">
         <name>.debug_info</name>
         <load_address>0x4d9</load_address>
         <run_address>0x4d9</run_address>
         <size>0x18e</size>
         <input_file_ref idref="fl-139"/>
      </object_component>
      <object_component id="oc-25">
         <name>.debug_info</name>
         <load_address>0x667</load_address>
         <run_address>0x667</run_address>
         <size>0x264</size>
         <input_file_ref idref="fl-3"/>
      </object_component>
      <object_component id="oc-2a">
         <name>.debug_info</name>
         <load_address>0x8cb</load_address>
         <run_address>0x8cb</run_address>
         <size>0x25c</size>
         <input_file_ref idref="fl-2"/>
      </object_component>
      <object_component id="oc-2f">
         <name>.debug_info</name>
         <load_address>0xb27</load_address>
         <run_address>0xb27</run_address>
         <size>0x635</size>
         <input_file_ref idref="fl-5"/>
      </object_component>
      <object_component id="oc-35">
         <name>.debug_info</name>
         <load_address>0x115c</load_address>
         <run_address>0x115c</run_address>
         <size>0x14b</size>
         <input_file_ref idref="fl-3"/>
      </object_component>
      <object_component id="oc-37">
         <name>.debug_info</name>
         <load_address>0x12a7</load_address>
         <run_address>0x12a7</run_address>
         <size>0x13d</size>
         <input_file_ref idref="fl-14a"/>
      </object_component>
      <object_component id="oc-3b">
         <name>.debug_info</name>
         <load_address>0x13e4</load_address>
         <run_address>0x13e4</run_address>
         <size>0x11c</size>
         <input_file_ref idref="fl-148"/>
      </object_component>
      <object_component id="oc-41">
         <name>.debug_info</name>
         <load_address>0x1500</load_address>
         <run_address>0x1500</run_address>
         <size>0x1c2</size>
         <input_file_ref idref="fl-13b"/>
      </object_component>
      <object_component id="oc-45">
         <name>.debug_info</name>
         <load_address>0x16c2</load_address>
         <run_address>0x16c2</run_address>
         <size>0xbe</size>
         <input_file_ref idref="fl-141"/>
      </object_component>
      <object_component id="oc-49">
         <name>.debug_info</name>
         <load_address>0x1780</load_address>
         <run_address>0x1780</run_address>
         <size>0xcc</size>
         <input_file_ref idref="fl-13e"/>
      </object_component>
      <object_component id="oc-4c">
         <name>.debug_info</name>
         <load_address>0x184c</load_address>
         <run_address>0x184c</run_address>
         <size>0x46</size>
         <input_file_ref idref="fl-138"/>
      </object_component>
      <object_component id="oc-51">
         <name>.debug_info</name>
         <load_address>0x1892</load_address>
         <run_address>0x1892</run_address>
         <size>0xf2</size>
         <input_file_ref idref="fl-138"/>
      </object_component>
      <object_component id="oc-53">
         <name>.debug_info</name>
         <load_address>0x1984</load_address>
         <run_address>0x1984</run_address>
         <size>0x46</size>
         <input_file_ref idref="fl-13a"/>
      </object_component>
      <object_component id="oc-58">
         <name>.debug_info</name>
         <load_address>0x19ca</load_address>
         <run_address>0x19ca</run_address>
         <size>0xad</size>
         <input_file_ref idref="fl-13a"/>
      </object_component>
      <object_component id="oc-5a">
         <name>.debug_info</name>
         <load_address>0x1a77</load_address>
         <run_address>0x1a77</run_address>
         <size>0x1ef</size>
         <input_file_ref idref="fl-139"/>
      </object_component>
      <object_component id="oc-5f">
         <name>.debug_info</name>
         <load_address>0x1c66</load_address>
         <run_address>0x1c66</run_address>
         <size>0xb7</size>
         <input_file_ref idref="fl-139"/>
      </object_component>
      <object_component id="oc-60">
         <name>.debug_info</name>
         <load_address>0x1d1d</load_address>
         <run_address>0x1d1d</run_address>
         <size>0x39</size>
         <input_file_ref idref="fl-139"/>
      </object_component>
      <object_component id="oc-69">
         <name>.debug_info</name>
         <load_address>0x1d56</load_address>
         <run_address>0x1d56</run_address>
         <size>0xe1</size>
         <input_file_ref idref="fl-145"/>
      </object_component>
      <object_component id="oc-6d">
         <name>.debug_info</name>
         <load_address>0x1e37</load_address>
         <run_address>0x1e37</run_address>
         <size>0xed</size>
         <input_file_ref idref="fl-13c"/>
      </object_component>
      <object_component id="oc-6f">
         <name>.debug_info</name>
         <load_address>0x1f24</load_address>
         <run_address>0x1f24</run_address>
         <size>0x219</size>
         <input_file_ref idref="fl-15c"/>
      </object_component>
      <object_component id="oc-75">
         <name>.debug_info</name>
         <load_address>0x213d</load_address>
         <run_address>0x213d</run_address>
         <size>0xec</size>
         <input_file_ref idref="fl-13d"/>
      </object_component>
      <object_component id="oc-79">
         <name>.debug_info</name>
         <load_address>0x2229</load_address>
         <run_address>0x2229</run_address>
         <size>0xc9</size>
         <input_file_ref idref="fl-2"/>
      </object_component>
      <object_component id="oc-7b">
         <name>.debug_info</name>
         <load_address>0x22f2</load_address>
         <run_address>0x22f2</run_address>
         <size>0x84</size>
         <input_file_ref idref="fl-2"/>
      </object_component>
      <object_component id="oc-80">
         <name>.debug_info</name>
         <load_address>0x2376</load_address>
         <run_address>0x2376</run_address>
         <size>0x18b</size>
         <input_file_ref idref="fl-2"/>
      </object_component>
      <object_component id="oc-87">
         <name>.debug_info</name>
         <load_address>0x2501</load_address>
         <run_address>0x2501</run_address>
         <size>0x1e1</size>
         <input_file_ref idref="fl-15c"/>
      </object_component>
      <object_component id="oc-8b">
         <name>.debug_info</name>
         <load_address>0x26e2</load_address>
         <run_address>0x26e2</run_address>
         <size>0x1f0</size>
         <input_file_ref idref="fl-15a"/>
      </object_component>
      <object_component id="oc-90">
         <name>.debug_info</name>
         <load_address>0x28d2</load_address>
         <run_address>0x28d2</run_address>
         <size>0x21e</size>
         <input_file_ref idref="fl-15a"/>
      </object_component>
      <object_component id="oc-95">
         <name>.debug_info</name>
         <load_address>0x2af0</load_address>
         <run_address>0x2af0</run_address>
         <size>0x1cc</size>
         <input_file_ref idref="fl-15d"/>
      </object_component>
      <object_component id="oc-9a">
         <name>.debug_info</name>
         <load_address>0x2cbc</load_address>
         <run_address>0x2cbc</run_address>
         <size>0x1f8</size>
         <input_file_ref idref="fl-15a"/>
      </object_component>
      <object_component id="oc-9f">
         <name>.debug_info</name>
         <load_address>0x2eb4</load_address>
         <run_address>0x2eb4</run_address>
         <size>0x1c5</size>
         <input_file_ref idref="fl-15b"/>
      </object_component>
      <object_component id="oc-a5">
         <name>.debug_info</name>
         <load_address>0x3079</load_address>
         <run_address>0x3079</run_address>
         <size>0x185</size>
         <input_file_ref idref="fl-15b"/>
      </object_component>
      <object_component id="oc-aa">
         <name>.debug_info</name>
         <load_address>0x31fe</load_address>
         <run_address>0x31fe</run_address>
         <size>0x18b</size>
         <input_file_ref idref="fl-15b"/>
      </object_component>
      <object_component id="oc-ae">
         <name>.debug_info</name>
         <load_address>0x3389</load_address>
         <run_address>0x3389</run_address>
         <size>0x1a2</size>
         <input_file_ref idref="fl-15d"/>
      </object_component>
      <object_component id="oc-b3">
         <name>.debug_info</name>
         <load_address>0x352b</load_address>
         <run_address>0x352b</run_address>
         <size>0x1e3</size>
         <input_file_ref idref="fl-15a"/>
      </object_component>
      <object_component id="oc-b8">
         <name>.debug_info</name>
         <load_address>0x370e</load_address>
         <run_address>0x370e</run_address>
         <size>0x363</size>
         <input_file_ref idref="fl-15c"/>
      </object_component>
      <object_component id="oc-be">
         <name>.debug_info</name>
         <load_address>0x3a71</load_address>
         <run_address>0x3a71</run_address>
         <size>0xa2b</size>
         <input_file_ref idref="fl-6"/>
      </object_component>
      <object_component id="oc-c2">
         <name>.debug_info</name>
         <load_address>0x449c</load_address>
         <run_address>0x449c</run_address>
         <size>0x3a1</size>
         <input_file_ref idref="fl-9"/>
      </object_component>
      <object_component id="oc-c9">
         <name>.debug_info</name>
         <load_address>0x483d</load_address>
         <run_address>0x483d</run_address>
         <size>0x56a</size>
         <input_file_ref idref="fl-8"/>
      </object_component>
      <object_component id="oc-cc">
         <name>.debug_info</name>
         <load_address>0x4da7</load_address>
         <run_address>0x4da7</run_address>
         <size>0x1549</size>
         <input_file_ref idref="fl-7"/>
      </object_component>
      <object_component id="oc-d1">
         <name>.debug_info</name>
         <load_address>0x62f0</load_address>
         <run_address>0x62f0</run_address>
         <size>0xfc</size>
         <input_file_ref idref="fl-13f"/>
      </object_component>
      <object_component id="oc-d6">
         <name>.debug_info</name>
         <load_address>0x63ec</load_address>
         <run_address>0x63ec</run_address>
         <size>0x947</size>
         <input_file_ref idref="fl-4"/>
      </object_component>
      <object_component id="oc-dc">
         <name>.debug_info</name>
         <load_address>0x6d33</load_address>
         <run_address>0x6d33</run_address>
         <size>0x1eb</size>
         <input_file_ref idref="fl-15f"/>
      </object_component>
      <object_component id="oc-e1">
         <name>.debug_info</name>
         <load_address>0x6f1e</load_address>
         <run_address>0x6f1e</run_address>
         <size>0x207</size>
         <input_file_ref idref="fl-15f"/>
      </object_component>
      <object_component id="oc-e4">
         <name>.debug_info</name>
         <load_address>0x7125</load_address>
         <run_address>0x7125</run_address>
         <size>0x1f6</size>
         <input_file_ref idref="fl-15a"/>
      </object_component>
      <object_component id="oc-e9">
         <name>.debug_info</name>
         <load_address>0x731b</load_address>
         <run_address>0x731b</run_address>
         <size>0x66c</size>
         <input_file_ref idref="fl-5"/>
      </object_component>
      <object_component id="oc-eb">
         <name>.debug_info</name>
         <load_address>0x7987</load_address>
         <run_address>0x7987</run_address>
         <size>0xd2</size>
         <input_file_ref idref="fl-5"/>
      </object_component>
      <object_component id="oc-ed">
         <name>.debug_info</name>
         <load_address>0x7a59</load_address>
         <run_address>0x7a59</run_address>
         <size>0xca</size>
         <input_file_ref idref="fl-5"/>
      </object_component>
      <object_component id="oc-ef">
         <name>.debug_info</name>
         <load_address>0x7b23</load_address>
         <run_address>0x7b23</run_address>
         <size>0xda</size>
         <input_file_ref idref="fl-4"/>
      </object_component>
      <object_component id="oc-f8">
         <name>.debug_info</name>
         <load_address>0x7bfd</load_address>
         <run_address>0x7bfd</run_address>
         <size>0x14b</size>
         <input_file_ref idref="fl-14b"/>
      </object_component>
      <object_component id="oc-fd">
         <name>.debug_info</name>
         <load_address>0x7d48</load_address>
         <run_address>0x7d48</run_address>
         <size>0x11b</size>
         <input_file_ref idref="fl-148"/>
      </object_component>
      <object_component id="oc-ff">
         <name>.debug_info</name>
         <load_address>0x7e63</load_address>
         <run_address>0x7e63</run_address>
         <size>0xc8</size>
         <input_file_ref idref="fl-146"/>
      </object_component>
      <object_component id="oc-101">
         <name>.debug_info</name>
         <load_address>0x7f2b</load_address>
         <run_address>0x7f2b</run_address>
         <size>0xeb</size>
         <input_file_ref idref="fl-13b"/>
      </object_component>
      <object_component id="oc-103">
         <name>.debug_info</name>
         <load_address>0x8016</load_address>
         <run_address>0x8016</run_address>
         <size>0x146</size>
         <input_file_ref idref="fl-13b"/>
      </object_component>
      <object_component id="oc-107">
         <name>.debug_info</name>
         <load_address>0x815c</load_address>
         <run_address>0x815c</run_address>
         <size>0x2c</size>
         <input_file_ref idref="fl-138"/>
      </object_component>
      <object_component id="oc-10e">
         <name>.debug_info</name>
         <load_address>0x8188</load_address>
         <run_address>0x8188</run_address>
         <size>0x2c</size>
         <input_file_ref idref="fl-5"/>
      </object_component>
      <object_component id="oc-11b">
         <name>.debug_info</name>
         <load_address>0x81b4</load_address>
         <run_address>0x81b4</run_address>
         <size>0xff</size>
         <input_file_ref idref="fl-15c"/>
      </object_component>
      <object_component id="oc-11d">
         <name>.debug_info</name>
         <load_address>0x82b3</load_address>
         <run_address>0x82b3</run_address>
         <size>0x18b</size>
         <input_file_ref idref="fl-159"/>
      </object_component>
      <object_component id="oc-125">
         <name>.debug_info</name>
         <load_address>0x843e</load_address>
         <run_address>0x843e</run_address>
         <size>0x10f</size>
         <input_file_ref idref="fl-2"/>
      </object_component>
      <object_component id="oc-127">
         <name>.debug_info</name>
         <load_address>0x854d</load_address>
         <run_address>0x854d</run_address>
         <size>0x226</size>
         <input_file_ref idref="fl-15c"/>
      </object_component>
      <object_component id="oc-129">
         <name>.debug_info</name>
         <load_address>0x8773</load_address>
         <run_address>0x8773</run_address>
         <size>0x1cf</size>
         <input_file_ref idref="fl-15a"/>
      </object_component>
      <object_component id="oc-12c">
         <name>.debug_info</name>
         <load_address>0x8942</load_address>
         <run_address>0x8942</run_address>
         <size>0x1c2</size>
         <input_file_ref idref="fl-15d"/>
      </object_component>
      <object_component id="oc-12e">
         <name>.debug_info</name>
         <load_address>0x8b04</load_address>
         <run_address>0x8b04</run_address>
         <size>0x1ba</size>
         <input_file_ref idref="fl-15d"/>
      </object_component>
      <object_component id="oc-131">
         <name>.debug_info</name>
         <load_address>0x8cbe</load_address>
         <run_address>0x8cbe</run_address>
         <size>0x144</size>
         <input_file_ref idref="fl-15b"/>
      </object_component>
      <object_component id="oc-135">
         <name>.debug_info</name>
         <load_address>0x8e02</load_address>
         <run_address>0x8e02</run_address>
         <size>0x176</size>
         <input_file_ref idref="fl-160"/>
      </object_component>
      <object_component id="oc-13a">
         <name>.debug_info</name>
         <load_address>0x8f78</load_address>
         <run_address>0x8f78</run_address>
         <size>0x90</size>
         <input_file_ref idref="fl-159"/>
      </object_component>
      <object_component id="oc-142">
         <name>.debug_info</name>
         <load_address>0x9008</load_address>
         <run_address>0x9008</run_address>
         <size>0x137</size>
         <input_file_ref idref="fl-144"/>
      </object_component>
      <object_component id="oc-146">
         <name>.debug_info</name>
         <load_address>0x913f</load_address>
         <run_address>0x913f</run_address>
         <size>0x169</size>
         <input_file_ref idref="fl-143"/>
      </object_component>
      <object_component id="oc-14d">
         <name>.debug_info</name>
         <load_address>0x92a8</load_address>
         <run_address>0x92a8</run_address>
         <size>0x189</size>
         <input_file_ref idref="fl-142"/>
      </object_component>
      <object_component id="oc-150">
         <name>.debug_info</name>
         <load_address>0x9431</load_address>
         <run_address>0x9431</run_address>
         <size>0xc9</size>
         <input_file_ref idref="fl-6"/>
      </object_component>
      <object_component id="oc-152">
         <name>.debug_info</name>
         <load_address>0x94fa</load_address>
         <run_address>0x94fa</run_address>
         <size>0x208</size>
         <input_file_ref idref="fl-6"/>
      </object_component>
      <object_component id="oc-157">
         <name>.debug_info</name>
         <load_address>0x9702</load_address>
         <run_address>0x9702</run_address>
         <size>0x1dd</size>
         <input_file_ref idref="fl-15f"/>
      </object_component>
      <object_component id="oc-159">
         <name>.debug_info</name>
         <load_address>0x98df</load_address>
         <run_address>0x98df</run_address>
         <size>0x2b4</size>
         <input_file_ref idref="fl-161"/>
      </object_component>
      <object_component id="oc-15e">
         <name>.debug_info</name>
         <load_address>0x9b93</load_address>
         <run_address>0x9b93</run_address>
         <size>0x206</size>
         <input_file_ref idref="fl-161"/>
      </object_component>
      <object_component id="oc-163">
         <name>.debug_info</name>
         <load_address>0x9d99</load_address>
         <run_address>0x9d99</run_address>
         <size>0x28a</size>
         <input_file_ref idref="fl-161"/>
      </object_component>
      <object_component id="oc-168">
         <name>.debug_info</name>
         <load_address>0xa023</load_address>
         <run_address>0xa023</run_address>
         <size>0x297</size>
         <input_file_ref idref="fl-161"/>
      </object_component>
      <object_component id="oc-16d">
         <name>.debug_info</name>
         <load_address>0xa2ba</load_address>
         <run_address>0xa2ba</run_address>
         <size>0x204</size>
         <input_file_ref idref="fl-161"/>
      </object_component>
      <object_component id="oc-172">
         <name>.debug_info</name>
         <load_address>0xa4be</load_address>
         <run_address>0xa4be</run_address>
         <size>0x1f8</size>
         <input_file_ref idref="fl-161"/>
      </object_component>
      <object_component id="oc-177">
         <name>.debug_info</name>
         <load_address>0xa6b6</load_address>
         <run_address>0xa6b6</run_address>
         <size>0x208</size>
         <input_file_ref idref="fl-161"/>
      </object_component>
      <object_component id="oc-17c">
         <name>.debug_info</name>
         <load_address>0xa8be</load_address>
         <run_address>0xa8be</run_address>
         <size>0x245</size>
         <input_file_ref idref="fl-161"/>
      </object_component>
      <object_component id="oc-181">
         <name>.debug_info</name>
         <load_address>0xab03</load_address>
         <run_address>0xab03</run_address>
         <size>0x2fb</size>
         <input_file_ref idref="fl-161"/>
      </object_component>
      <object_component id="oc-186">
         <name>.debug_info</name>
         <load_address>0xadfe</load_address>
         <run_address>0xadfe</run_address>
         <size>0xc8</size>
         <input_file_ref idref="fl-9"/>
      </object_component>
      <object_component id="oc-188">
         <name>.debug_info</name>
         <load_address>0xaec6</load_address>
         <run_address>0xaec6</run_address>
         <size>0x3a5</size>
         <input_file_ref idref="fl-9"/>
      </object_component>
      <object_component id="oc-18d">
         <name>.debug_info</name>
         <load_address>0xb26b</load_address>
         <run_address>0xb26b</run_address>
         <size>0x1e4</size>
         <input_file_ref idref="fl-15f"/>
      </object_component>
      <object_component id="oc-191">
         <name>.debug_info</name>
         <load_address>0xb44f</load_address>
         <run_address>0xb44f</run_address>
         <size>0x1df</size>
         <input_file_ref idref="fl-15f"/>
      </object_component>
      <object_component id="oc-195">
         <name>.debug_info</name>
         <load_address>0xb62e</load_address>
         <run_address>0xb62e</run_address>
         <size>0x28a</size>
         <input_file_ref idref="fl-159"/>
      </object_component>
      <object_component id="oc-199">
         <name>.debug_info</name>
         <load_address>0xb8b8</load_address>
         <run_address>0xb8b8</run_address>
         <size>0x2b5</size>
         <input_file_ref idref="fl-140"/>
      </object_component>
      <object_component id="oc-19f">
         <name>.debug_info</name>
         <load_address>0xbb6d</load_address>
         <run_address>0xbb6d</run_address>
         <size>0x25d</size>
         <input_file_ref idref="fl-159"/>
      </object_component>
      <object_component id="oc-1a4">
         <name>.debug_info</name>
         <load_address>0xbdca</load_address>
         <run_address>0xbdca</run_address>
         <size>0x237</size>
         <input_file_ref idref="fl-159"/>
      </object_component>
      <object_component id="oc-1a9">
         <name>.debug_info</name>
         <load_address>0xc001</load_address>
         <run_address>0xc001</run_address>
         <size>0x1b7</size>
         <input_file_ref idref="fl-159"/>
      </object_component>
      <object_component id="oc-1ad">
         <name>.debug_info</name>
         <load_address>0xc1b8</load_address>
         <run_address>0xc1b8</run_address>
         <size>0xce</size>
         <input_file_ref idref="fl-8"/>
      </object_component>
      <object_component id="oc-1af">
         <name>.debug_info</name>
         <load_address>0xc286</load_address>
         <run_address>0xc286</run_address>
         <size>0x337</size>
         <input_file_ref idref="fl-8"/>
      </object_component>
      <object_component id="oc-1b1">
         <name>.debug_info</name>
         <load_address>0xc5bd</load_address>
         <run_address>0xc5bd</run_address>
         <size>0x24c</size>
         <input_file_ref idref="fl-15e"/>
      </object_component>
      <object_component id="oc-1b8">
         <name>.debug_info</name>
         <load_address>0xc809</load_address>
         <run_address>0xc809</run_address>
         <size>0x1e3</size>
         <input_file_ref idref="fl-15f"/>
      </object_component>
      <object_component id="oc-1bd">
         <name>.debug_info</name>
         <load_address>0xc9ec</load_address>
         <run_address>0xc9ec</run_address>
         <size>0x1dd</size>
         <input_file_ref idref="fl-15f"/>
      </object_component>
      <object_component id="oc-1c0">
         <name>.debug_info</name>
         <load_address>0xcbc9</load_address>
         <run_address>0xcbc9</run_address>
         <size>0x1b2</size>
         <input_file_ref idref="fl-15e"/>
      </object_component>
      <object_component id="oc-1c6">
         <name>.debug_info</name>
         <load_address>0xcd7b</load_address>
         <run_address>0xcd7b</run_address>
         <size>0x232</size>
         <input_file_ref idref="fl-15e"/>
      </object_component>
      <object_component id="oc-1ca">
         <name>.debug_info</name>
         <load_address>0xcfad</load_address>
         <run_address>0xcfad</run_address>
         <size>0x1e2</size>
         <input_file_ref idref="fl-15e"/>
      </object_component>
      <object_component id="oc-1cf">
         <name>.debug_info</name>
         <load_address>0xd18f</load_address>
         <run_address>0xd18f</run_address>
         <size>0x1e2</size>
         <input_file_ref idref="fl-15e"/>
      </object_component>
      <object_component id="oc-1d4">
         <name>.debug_info</name>
         <load_address>0xd371</load_address>
         <run_address>0xd371</run_address>
         <size>0x1b8</size>
         <input_file_ref idref="fl-15e"/>
      </object_component>
      <object_component id="oc-1d9">
         <name>.debug_info</name>
         <load_address>0xd529</load_address>
         <run_address>0xd529</run_address>
         <size>0x36d</size>
         <input_file_ref idref="fl-7"/>
      </object_component>
      <object_component id="oc-1da">
         <name>.debug_info</name>
         <load_address>0xd896</load_address>
         <run_address>0xd896</run_address>
         <size>0x138</size>
         <input_file_ref idref="fl-4"/>
      </object_component>
      <object_component id="oc-1e4">
         <name>.debug_info</name>
         <load_address>0xd9ce</load_address>
         <run_address>0xd9ce</run_address>
         <size>0x1df</size>
         <input_file_ref idref="fl-15f"/>
      </object_component>
      <object_component id="oc-1e6">
         <name>.debug_info</name>
         <load_address>0xdbad</load_address>
         <run_address>0xdbad</run_address>
         <size>0x3c1</size>
         <input_file_ref idref="fl-4"/>
      </object_component>
      <object_component id="oc-1ea">
         <name>.debug_info</name>
         <load_address>0xdf6e</load_address>
         <run_address>0xdf6e</run_address>
         <size>0x312</size>
         <input_file_ref idref="fl-15f"/>
      </object_component>
      <object_component id="oc-1ef">
         <name>.debug_info</name>
         <load_address>0xe280</load_address>
         <run_address>0xe280</run_address>
         <size>0x217</size>
         <input_file_ref idref="fl-15f"/>
      </object_component>
      <object_component id="oc-1f3">
         <name>.debug_info</name>
         <load_address>0xe497</load_address>
         <run_address>0xe497</run_address>
         <size>0x1d7</size>
         <input_file_ref idref="fl-15f"/>
      </object_component>
      <object_component id="oc-1f7">
         <name>.debug_info</name>
         <load_address>0xe66e</load_address>
         <run_address>0xe66e</run_address>
         <size>0x2c</size>
         <input_file_ref idref="fl-2"/>
      </object_component>
      <object_component id="oc-201">
         <name>.debug_info</name>
         <load_address>0xe69a</load_address>
         <run_address>0xe69a</run_address>
         <size>0x148</size>
         <input_file_ref idref="fl-14b"/>
      </object_component>
      <object_component id="oc-204">
         <name>.debug_info</name>
         <load_address>0xe7e2</load_address>
         <run_address>0xe7e2</run_address>
         <size>0x5e</size>
         <input_file_ref idref="fl-148"/>
      </object_component>
      <object_component id="oc-20a">
         <name>.debug_info</name>
         <load_address>0xe840</load_address>
         <run_address>0xe840</run_address>
         <size>0x1d4</size>
         <input_file_ref idref="fl-146"/>
      </object_component>
      <object_component id="oc-210">
         <name>.debug_info</name>
         <load_address>0xea14</load_address>
         <run_address>0xea14</run_address>
         <size>0xd9</size>
         <input_file_ref idref="fl-146"/>
      </object_component>
      <object_component id="oc-21b">
         <name>.debug_info</name>
         <load_address>0xeaed</load_address>
         <run_address>0xeaed</run_address>
         <size>0x5f</size>
         <input_file_ref idref="fl-15c"/>
      </object_component>
      <object_component id="oc-22b">
         <name>.debug_info</name>
         <load_address>0xeb4c</load_address>
         <run_address>0xeb4c</run_address>
         <size>0xaa</size>
         <input_file_ref idref="fl-143"/>
      </object_component>
      <object_component id="oc-22d">
         <name>.debug_info</name>
         <load_address>0xebf6</load_address>
         <run_address>0xebf6</run_address>
         <size>0xaa</size>
         <input_file_ref idref="fl-142"/>
      </object_component>
      <object_component id="oc-234">
         <name>.debug_info</name>
         <load_address>0xeca0</load_address>
         <run_address>0xeca0</run_address>
         <size>0x1a8</size>
         <input_file_ref idref="fl-161"/>
      </object_component>
      <object_component id="oc-242">
         <name>.debug_info</name>
         <load_address>0xee48</load_address>
         <run_address>0xee48</run_address>
         <size>0x10d</size>
         <input_file_ref idref="fl-15f"/>
      </object_component>
      <object_component id="oc-246">
         <name>.debug_info</name>
         <load_address>0xef55</load_address>
         <run_address>0xef55</run_address>
         <size>0x233</size>
         <input_file_ref idref="fl-159"/>
      </object_component>
      <object_component id="oc-24b">
         <name>.debug_info</name>
         <load_address>0xf188</load_address>
         <run_address>0xf188</run_address>
         <size>0x1ab</size>
         <input_file_ref idref="fl-159"/>
      </object_component>
      <object_component id="oc-250">
         <name>.debug_info</name>
         <load_address>0xf333</load_address>
         <run_address>0xf333</run_address>
         <size>0x1ce</size>
         <input_file_ref idref="fl-159"/>
      </object_component>
      <object_component id="oc-252">
         <name>.debug_info</name>
         <load_address>0xf501</load_address>
         <run_address>0xf501</run_address>
         <size>0x12a0</size>
         <input_file_ref idref="fl-147"/>
      </object_component>
      <object_component id="oc-257">
         <name>.debug_info</name>
         <load_address>0x107a1</load_address>
         <run_address>0x107a1</run_address>
         <size>0x170</size>
         <input_file_ref idref="fl-140"/>
      </object_component>
      <object_component id="oc-258">
         <name>.debug_info</name>
         <load_address>0x10911</load_address>
         <run_address>0x10911</run_address>
         <size>0x4e</size>
         <input_file_ref idref="fl-2"/>
      </object_component>
      <object_component id="oc-265">
         <name>.debug_info</name>
         <load_address>0x1095f</load_address>
         <run_address>0x1095f</run_address>
         <size>0x1b2</size>
         <input_file_ref idref="fl-15e"/>
      </object_component>
      <object_component id="oc-26a">
         <name>.debug_info</name>
         <load_address>0x10b11</load_address>
         <run_address>0x10b11</run_address>
         <size>0x1d8</size>
         <input_file_ref idref="fl-15e"/>
      </object_component>
      <object_component id="oc-27d">
         <name>.debug_info</name>
         <load_address>0x10ce9</load_address>
         <run_address>0x10ce9</run_address>
         <size>0xcd</size>
         <input_file_ref idref="fl-14b"/>
      </object_component>
      <object_component id="oc-292">
         <name>.debug_info</name>
         <load_address>0x10db6</load_address>
         <run_address>0x10db6</run_address>
         <size>0x13a</size>
         <input_file_ref idref="fl-156"/>
      </object_component>
      <object_component id="oc-298">
         <name>.debug_info</name>
         <load_address>0x10ef0</load_address>
         <run_address>0x10ef0</run_address>
         <size>0xd5</size>
         <input_file_ref idref="fl-152"/>
      </object_component>
      <object_component id="oc-29b">
         <name>.debug_info</name>
         <load_address>0x10fc5</load_address>
         <run_address>0x10fc5</run_address>
         <size>0x153</size>
         <input_file_ref idref="fl-155"/>
      </object_component>
      <object_component id="oc-29f">
         <name>.debug_info</name>
         <load_address>0x11118</load_address>
         <run_address>0x11118</run_address>
         <size>0xdb</size>
         <input_file_ref idref="fl-14e"/>
      </object_component>
      <object_component id="oc-2a3">
         <name>.debug_info</name>
         <load_address>0x111f3</load_address>
         <run_address>0x111f3</run_address>
         <size>0xed</size>
         <input_file_ref idref="fl-14f"/>
      </object_component>
      <object_component id="oc-2a7">
         <name>.debug_info</name>
         <load_address>0x112e0</load_address>
         <run_address>0x112e0</run_address>
         <size>0xdd</size>
         <input_file_ref idref="fl-14e"/>
      </object_component>
      <object_component id="oc-2ac">
         <name>.debug_info</name>
         <load_address>0x113bd</load_address>
         <run_address>0x113bd</run_address>
         <size>0xe1</size>
         <input_file_ref idref="fl-150"/>
      </object_component>
      <object_component id="oc-2af">
         <name>.debug_info</name>
         <load_address>0x1149e</load_address>
         <run_address>0x1149e</run_address>
         <size>0x177</size>
         <input_file_ref idref="fl-153"/>
      </object_component>
      <object_component id="oc-2b6">
         <name>.debug_info</name>
         <load_address>0x11615</load_address>
         <run_address>0x11615</run_address>
         <size>0xdf</size>
         <input_file_ref idref="fl-151"/>
      </object_component>
      <object_component id="oc-2b8">
         <name>.debug_info</name>
         <load_address>0x116f4</load_address>
         <run_address>0x116f4</run_address>
         <size>0xff</size>
         <input_file_ref idref="fl-14d"/>
      </object_component>
      <object_component id="oc-2bc">
         <name>.debug_info</name>
         <load_address>0x117f3</load_address>
         <run_address>0x117f3</run_address>
         <size>0x111</size>
         <input_file_ref idref="fl-157"/>
      </object_component>
      <object_component id="oc-2c1">
         <name>.debug_info</name>
         <load_address>0x11904</load_address>
         <run_address>0x11904</run_address>
         <size>0x160</size>
         <input_file_ref idref="fl-154"/>
      </object_component>
      <object_component id="oc-2c9">
         <name>.debug_info</name>
         <load_address>0x11a64</load_address>
         <run_address>0x11a64</run_address>
         <size>0x126</size>
         <input_file_ref idref="fl-149"/>
      </object_component>
      <object_component id="oc-2cb">
         <name>.debug_info</name>
         <load_address>0x11b8a</load_address>
         <run_address>0x11b8a</run_address>
         <size>0x26b</size>
         <input_file_ref idref="fl-147"/>
      </object_component>
      <object_component id="oc-2cc">
         <name>.debug_info</name>
         <load_address>0x11df5</load_address>
         <run_address>0x11df5</run_address>
         <size>0x86</size>
         <input_file_ref idref="fl-147"/>
      </object_component>
      <object_component id="oc-2d1">
         <name>.debug_info</name>
         <load_address>0x11e7b</load_address>
         <run_address>0x11e7b</run_address>
         <size>0x39</size>
         <input_file_ref idref="fl-147"/>
      </object_component>
      <object_component id="oc-2d8">
         <name>.debug_info</name>
         <load_address>0x11eb4</load_address>
         <run_address>0x11eb4</run_address>
         <size>0x2c</size>
         <input_file_ref idref="fl-140"/>
      </object_component>
      <object_component id="oc-2e3">
         <name>.debug_info</name>
         <load_address>0x11ee0</load_address>
         <run_address>0x11ee0</run_address>
         <size>0x9f</size>
         <input_file_ref idref="fl-155"/>
      </object_component>
      <object_component id="oc-2e9">
         <name>.debug_info</name>
         <load_address>0x11f7f</load_address>
         <run_address>0x11f7f</run_address>
         <size>0x101</size>
         <input_file_ref idref="fl-153"/>
      </object_component>
      <object_component id="oc-2ee">
         <name>.debug_info</name>
         <load_address>0x12080</load_address>
         <run_address>0x12080</run_address>
         <size>0x10f</size>
         <input_file_ref idref="fl-158"/>
      </object_component>
      <object_component id="oc-2f3">
         <name>.debug_info</name>
         <load_address>0x1218f</load_address>
         <run_address>0x1218f</run_address>
         <size>0xa6</size>
         <input_file_ref idref="fl-154"/>
      </object_component>
      <object_component id="oc-2f5">
         <name>.debug_info</name>
         <load_address>0x12235</load_address>
         <run_address>0x12235</run_address>
         <size>0xaf</size>
         <input_file_ref idref="fl-14c"/>
      </object_component>
      <object_component id="oc-2f7">
         <name>.debug_info</name>
         <load_address>0x122e4</load_address>
         <run_address>0x122e4</run_address>
         <size>0xc5</size>
         <input_file_ref idref="fl-149"/>
      </object_component>
      <object_component id="oc-2fa">
         <name>.debug_info</name>
         <load_address>0x123a9</load_address>
         <run_address>0x123a9</run_address>
         <size>0x46</size>
         <input_file_ref idref="fl-147"/>
      </object_component>
      <object_component id="oc-304">
         <name>.debug_info</name>
         <load_address>0x123ef</load_address>
         <run_address>0x123ef</run_address>
         <size>0x9a</size>
         <input_file_ref idref="fl-158"/>
      </object_component>
      <object_component id="oc-309">
         <name>.debug_info</name>
         <load_address>0x12489</load_address>
         <run_address>0x12489</run_address>
         <size>0xa3</size>
         <input_file_ref idref="fl-14c"/>
      </object_component>
      <object_component id="oc-32f">
         <name>.debug_info</name>
         <load_address>0x1252c</load_address>
         <run_address>0x1252c</run_address>
         <size>0xa2</size>
      </object_component>
      <object_component id="oc-11">
         <name>.debug_aranges</name>
         <load_address>0x0</load_address>
         <run_address>0x0</run_address>
         <size>0x20</size>
         <input_file_ref idref="fl-137"/>
      </object_component>
      <object_component id="oc-18">
         <name>.debug_aranges</name>
         <load_address>0x20</load_address>
         <run_address>0x20</run_address>
         <size>0x20</size>
         <input_file_ref idref="fl-138"/>
      </object_component>
      <object_component id="oc-1b">
         <name>.debug_aranges</name>
         <load_address>0x40</load_address>
         <run_address>0x40</run_address>
         <size>0x20</size>
         <input_file_ref idref="fl-13a"/>
      </object_component>
      <object_component id="oc-22">
         <name>.debug_aranges</name>
[...]
      </symbol>
      <symbol id="sm-166">
         <name>EEPROM_Define</name>
         <value>0x15a3</value>
         <object_component_ref idref="oc-cb"/>
      </symbol>
      <symbol id="sm-167">
         <name>EEPROM_Read</name>
         <value>0x14e1</value>
         <object_component_ref idref="oc-cb"/>
      </symbol>
      <symbol id="sm-168">
         <name>EEPROM_PegaMedia</name>
         <value>0x1999</value>
         <object_component_ref idref="oc-cb"/>
      </symbol>
      <symbol id="sm-169">
         <name>DS1307_SetTime</name>
         <value>0x1293</value>
         <object_component_ref idref="oc-cb"/>
      </symbol>
      <symbol id="sm-16a">
         <name>EEPROM_SalvaLeitura</name>
         <value>0x1931</value>
         <object_component_ref idref="oc-cb"/>
      </symbol>
      <symbol id="sm-16b">
         <name>DS1307_ReadReg</name>
         <value>0x1189</value>
         <object_component_ref idref="oc-cb"/>
      </symbol>
      <symbol id="sm-16c">
         <name>DS1307_SetDate</name>
         <value>0x11eb</value>
         <object_component_ref idref="oc-cb"/>
      </symbol>
      <symbol id="sm-16d">
         <name>DS1307_WriteReg</name>
         <value>0x113b</value>
         <object_component_ref idref="oc-cb"/>
      </symbol>
      <symbol id="sm-16e">
         <name>EEPROM_PegaLeitura</name>
         <value>0x1b03</value>
         <object_component_ref idref="oc-cb"/>
      </symbol>
      <symbol id="sm-16f">
         <name>I2C_Init</name>
         <value>0x10f9</value>
         <object_component_ref idref="oc-cb"/>
      </symbol>
      <symbol id="sm-170">
         <name>ResetMem</name>
         <value>0x1563</value>
         <object_component_ref idref="oc-cb"/>
      </symbol>
      <symbol id="sm-171">
         <name>EEPROM_Incrementa</name>
         <value>0x1a8b</value>
         <object_component_ref idref="oc-cb"/>
      </symbol>
      <symbol id="sm-172">
         <name>EEPROM_SalvaMedia</name>
         <value>0x18a7</value>
         <object_component_ref idref="oc-cb"/>
      </symbol>
      <symbol id="sm-197">
         <name>Bluetooth_EnviaDados</name>
         <value>0x2f6d</value>
         <object_component_ref idref="oc-c6"/>
      </symbol>
      <symbol id="sm-198">
         <name>Bluetooth_RecebeDados</name>
         <value>0x2fa5</value>
         <object_component_ref idref="oc-c6"/>
      </symbol>
      <symbol id="sm-199">
         <name>Bluetooth_Init</name>
         <value>0x2ee9</value>
         <object_component_ref idref="oc-c6"/>
      </symbol>
      <symbol id="sm-19a">
         <name>Bluetooth_Enable</name>
         <value>0x2f85</value>
         <object_component_ref idref="oc-c6"/>
      </symbol>
      <symbol id="sm-19b">
         <name>Bluetooth_EnviaValor</name>
         <value>0x2f31</value>
         <object_component_ref idref="oc-c6"/>
      </symbol>
      <symbol id="sm-19c">
         <name>Bluetooth_Disable</name>
         <value>0x2f95</value>
         <object_component_ref idref="oc-c6"/>
      </symbol>
      <symbol id="sm-1bc">
         <name>ADC_Init</name>
         <value>0x3131</value>
         <object_component_ref idref="oc-c1"/>
      </symbol>
      <symbol id="sm-1bd">
         <name>ADC_Read</name>
         <value>0x31b7</value>
         <object_component_ref idref="oc-c1"/>
      </symbol>
      <symbol id="sm-1cc">
         <name>_c_int00</name>
         <value>0x3a75</value>
         <object_component_ref idref="oc-10"/>
      </symbol>
      <symbol id="sm-1cd">
         <name>__stack</name>
         <value>0x20000000</value>
         <object_component_ref idref="oc-23"/>
      </symbol>
      <symbol id="sm-1e3">
         <name>__TI_decompress_none</name>
         <value>0x3fbf</value>
         <object_component_ref idref="oc-14"/>
      </symbol>
      <symbol id="sm-205">
         <name>__TI_decompress_rle24</name>
         <value>0x404d</value>
         <object_component_ref idref="oc-1e"/>
      </symbol>
      <symbol id="sm-218">
         <name>__TI_zero_init</name>
         <value>0x3f51</value>
         <object_component_ref idref="oc-19"/>
      </symbol>
      <symbol id="sm-234">
         <name>C$$EXIT</name>
         <value>0x3b49</value>
         <object_component_ref idref="oc-3f"/>
      </symbol>
      <symbol id="sm-235">
         <name>abort</name>
         <value>0x3b4d</value>
         <object_component_ref idref="oc-3f"/>
      </symbol>
      <symbol id="sm-236">
         <name>exit</name>
         <value>0x3b55</value>
         <object_component_ref idref="oc-3f"/>
      </symbol>
      <symbol id="sm-237">
         <name>__TI_dtors_ptr</name>
         <value>0x20000814</value>
         <object_component_ref idref="oc-100"/>
      </symbol>
      <symbol id="sm-238">
         <name>__TI_cleanup_ptr</name>
         <value>0x20000810</value>
         <object_component_ref idref="oc-100"/>
      </symbol>
      <symbol id="sm-24b">
         <name>__aeabi_ddiv</name>
         <value>0x2c83</value>
         <object_component_ref idref="oc-6a"/>
      </symbol>
      <symbol id="sm-254">
         <name>__aeabi_d2uiz</name>
         <value>0x3b8d</value>
         <object_component_ref idref="oc-73"/>
      </symbol>
      <symbol id="sm-26e">
         <name>memcpy</name>
         <value>0x3425</value>
         <object_component_ref idref="oc-47"/>
      </symbol>
      <symbol id="sm-26f">
         <name>__aeabi_memcpy</name>
         <value>0x3425</value>
         <object_component_ref idref="oc-47"/>
      </symbol>
      <symbol id="sm-270">
         <name>__aeabi_memcpy8</name>
         <value>0x3425</value>
         <object_component_ref idref="oc-47"/>
      </symbol>
      <symbol id="sm-271">
         <name>__aeabi_memcpy4</name>
         <value>0x3425</value>
         <object_component_ref idref="oc-47"/>
      </symbol>
      <symbol id="sm-27f">
         <name>__aeabi_memset</name>
         <value>0x36d3</value>
         <object_component_ref idref="oc-d0"/>
      </symbol>
      <symbol id="sm-280">
         <name>memset</name>
         <value>0x36d9</value>
         <object_component_ref idref="oc-d0"/>
      </symbol>
      <symbol id="sm-281">
         <name>__aeabi_memset8</name>
         <value>0x36d3</value>
         <object_component_ref idref="oc-d0"/>
      </symbol>
      <symbol id="sm-282">
         <name>__aeabi_memset4</name>
         <value>0x36d3</value>
         <object_component_ref idref="oc-d0"/>
      </symbol>
      <symbol id="sm-283">
         <name>__aeabi_memclr8</name>
         <value>0x36d1</value>
         <object_component_ref idref="oc-d0"/>
      </symbol>
      <symbol id="sm-284">
         <name>__aeabi_memclr4</name>
         <value>0x36d1</value>
         <object_component_ref idref="oc-d0"/>
      </symbol>
      <symbol id="sm-285">
         <name>__aeabi_memclr</name>
         <value>0x36d1</value>
         <object_component_ref idref="oc-d0"/>
      </symbol>
      <symbol id="sm-29d">
         <name>sprintf</name>
         <value>0x3821</value>
         <object_component_ref idref="oc-198"/>
      </symbol>
      <symbol id="sm-2a4">
         <name>main_func_sp</name>
         <value>0x20000828</value>
         <object_component_ref idref="oc-44"/>
      </symbol>
      <symbol id="sm-2b3">
         <name>strcat</name>
         <value>0x3e05</value>
         <object_component_ref idref="oc-14a"/>
      </symbol>
      <symbol id="sm-2c0">
         <name>strcpy</name>
         <value>0x3f85</value>
         <object_component_ref idref="oc-145"/>
      </symbol>
      <symbol id="sm-2cf">
         <name>__aeabi_uidivmod</name>
         <value>0x3c15</value>
         <object_component_ref idref="oc-141"/>
      </symbol>
      <symbol id="sm-2d8">
         <name>__aeabi_ui2d</name>
         <value>0x3d8f</value>
         <object_component_ref idref="oc-66"/>
      </symbol>
      <symbol id="sm-2ee">
         <name>_nop</name>
         <value>0x3ecb</value>
         <object_component_ref idref="oc-209"/>
      </symbol>
      <symbol id="sm-2ef">
         <name>_lock</name>
         <value>0x20000808</value>
         <object_component_ref idref="oc-fe"/>
      </symbol>
      <symbol id="sm-2f0">
         <name>_unlock</name>
         <value>0x2000080c</value>
         <object_component_ref idref="oc-fe"/>
      </symbol>
      <symbol id="sm-2f1">
         <name>_register_lock</name>
         <value>0x3ec3</value>
         <object_component_ref idref="oc-209"/>
      </symbol>
      <symbol id="sm-2f2">
         <name>_register_unlock</name>
         <value>0x3ebd</value>
         <object_component_ref idref="oc-209"/>
      </symbol>
      <symbol id="sm-3da">
         <name>__TI_printfi</name>
         <value>0xdef</value>
         <object_component_ref idref="oc-251"/>
      </symbol>
      <symbol id="sm-3ed">
         <name>_args_main</name>
         <value>0x3e39</value>
         <object_component_ref idref="oc-3a"/>
      </symbol>
      <symbol id="sm-402">
         <name>atoi</name>
         <value>0x3999</value>
         <object_component_ref idref="oc-2c5"/>
      </symbol>
      <symbol id="sm-41e">
         <name>__TI_auto_init</name>
         <value>0x34c1</value>
         <object_component_ref idref="oc-36"/>
      </symbol>
      <symbol id="sm-436">
         <name>copy_in</name>
         <value>0x3b05</value>
         <object_component_ref idref="oc-f6"/>
      </symbol>
      <symbol id="sm-440">
         <name>_ctypes_</name>
         <value>0x4064</value>
         <object_component_ref idref="oc-2f4"/>
      </symbol>
      <symbol id="sm-456">
         <name>__aeabi_dsub</name>
         <value>0x2acd</value>
         <object_component_ref idref="oc-2b7"/>
      </symbol>
      <symbol id="sm-457">
         <name>__aeabi_dadd</name>
         <value>0x2ad7</value>
         <object_component_ref idref="oc-2b7"/>
      </symbol>
      <symbol id="sm-477">
         <name>__aeabi_cdcmpeq</name>
         <value>0x35d5</value>
         <object_component_ref idref="oc-29e"/>
      </symbol>
      <symbol id="sm-478">
         <name>__aeabi_cdcmple</name>
         <value>0x35d5</value>
         <object_component_ref idref="oc-29e"/>
      </symbol>
      <symbol id="sm-479">
         <name>__aeabi_cdrcmple</name>
         <value>0x3653</value>
         <object_component_ref idref="oc-2a6"/>
      </symbol>
      <symbol id="sm-483">
         <name>__aeabi_dmul</name>
         <value>0x3239</value>
         <object_component_ref idref="oc-2a2"/>
      </symbol>
      <symbol id="sm-48c">
         <name>__aeabi_d2iz</name>
         <value>0x3abd</value>
         <object_component_ref idref="oc-2aa"/>
      </symbol>
      <symbol id="sm-495">
         <name>__aeabi_i2d</name>
         <value>0x3d37</value>
         <object_component_ref idref="oc-2b3"/>
      </symbol>
      <symbol id="sm-49d">
         <name>__aeabi_lmul</name>
         <value>0x3e51</value>
         <object_component_ref idref="oc-295"/>
      </symbol>
      <symbol id="sm-4ab">
         <name>ltoa</name>
         <value>0x393d</value>
         <object_component_ref idref="oc-2ae"/>
      </symbol>
      <symbol id="sm-4ba">
         <name>memccpy</name>
         <value>0x3de9</value>
         <object_component_ref idref="oc-2c0"/>
      </symbol>
      <symbol id="sm-4c7">
         <name>strlen</name>
         <value>0x3ed1</value>
         <object_component_ref idref="oc-299"/>
      </symbol>
      <symbol id="sm-4e2">
         <name>__aeabi_uldivmod</name>
         <value>0x28d9</value>
         <object_component_ref idref="oc-291"/>
      </symbol>
      <symbol id="sm-4eb">
         <name>_Dclass</name>
         <value>0x3f63</value>
         <object_component_ref idref="oc-2bb"/>
      </symbol>
      <symbol id="sm-4fc">
         <name>_Dtest</name>
         <value>0x3bd1</value>
         <object_component_ref idref="oc-2ec"/>
      </symbol>
      <symbol id="sm-541">
         <name>UARTConfigSetExpClk</name>
         <value>0x3c57</value>
         <object_component_ref idref="oc-193"/>
      </symbol>
      <symbol id="sm-542">
         <name>UARTDisable</name>
         <value>0x3dcd</value>
         <object_component_ref idref="oc-245"/>
      </symbol>
      <symbol id="sm-543">
         <name>UARTCharsAvail</name>
         <value>0x3fd9</value>
         <object_component_ref idref="oc-1a7"/>
      </symbol>
      <symbol id="sm-544">
         <name>UARTCharPut</name>
         <value>0x4019</value>
         <object_component_ref idref="oc-19d"/>
      </symbol>
      <symbol id="sm-545">
         <name>UARTEnable</name>
         <value>0x3ea9</value>
         <object_component_ref idref="oc-24a"/>
      </symbol>
      <symbol id="sm-546">
         <name>UARTCharGet</name>
         <value>0x400f</value>
         <object_component_ref idref="oc-1a2"/>
      </symbol>
      <symbol id="sm-574">
         <name>TimerLoadSet</name>
         <value>0x3f3f</value>
         <object_component_ref idref="oc-8f"/>
      </symbol>
      <symbol id="sm-575">
         <name>TimerEnable</name>
         <value>0x3fb1</value>
         <object_component_ref idref="oc-b2"/>
      </symbol>
      <symbol id="sm-576">
         <name>TimerIntEnable</name>
         <value>0x4033</value>
         <object_component_ref idref="oc-99"/>
      </symbol>
      <symbol id="sm-577">
         <name>TimerConfigure</name>
         <value>0x38e1</value>
         <object_component_ref idref="oc-8a"/>
      </symbol>
      <symbol id="sm-578">
         <name>TimerIntClear</name>
         <value>0x405f</value>
         <object_component_ref idref="oc-e3"/>
      </symbol>
      <symbol id="sm-598">
         <name>SysTickEnable</name>
         <value>0x3e81</value>
         <object_component_ref idref="oc-a3"/>
      </symbol>
      <symbol id="sm-599">
         <name>SysTickIntEnable</name>
         <value>0x3e95</value>
         <object_component_ref idref="oc-a8"/>
      </symbol>
      <symbol id="sm-59a">
         <name>SysTickPeriodSet</name>
         <value>0x3f75</value>
         <object_component_ref idref="oc-9e"/>
      </symbol>
      <symbol id="sm-5f1">
         <name>SysCtlClockSet</name>
         <value>0x3335</value>
         <object_component_ref idref="oc-b7"/>
      </symbol>
      <symbol id="sm-5f2">
         <name>SysCtlDelay</name>
         <value>0x4047</value>
         <object_component_ref idref="oc-77"/>
      </symbol>
      <symbol id="sm-5f3">
         <name>SysCtlPeripheralEnable</name>
         <value>0x3cd5</value>
         <object_component_ref idref="oc-85"/>
      </symbol>
      <symbol id="sm-5f4">
         <name>SysCtlClockGet</name>
         <value>0x3019</value>
         <object_component_ref idref="oc-6e"/>
      </symbol>
      <symbol id="sm-61f">
         <name>IntEnable</name>
         <value>0x37c1</value>
         <object_component_ref idref="oc-94"/>
      </symbol>
      <symbol id="sm-620">
         <name>IntMasterEnable</name>
         <value>0x4005</value>
         <object_component_ref idref="oc-ad"/>
      </symbol>
      <symbol id="sm-65a">
         <name>I2CMasterDataPut</name>
         <value>0x405b</value>
         <object_component_ref idref="oc-1c9"/>
      </symbol>
      <symbol id="sm-65b">
         <name>I2CMasterInitExpClk</name>
         <value>0x3a2d</value>
         <object_component_ref idref="oc-1b0"/>
      </symbol>
      <symbol id="sm-65c">
         <name>I2CMasterSlaveAddrSet</name>
         <value>0x402b</value>
         <object_component_ref idref="oc-1c4"/>
      </symbol>
      <symbol id="sm-65d">
         <name>I2CMasterDataGet</name>
         <value>0x4057</value>
         <object_component_ref idref="oc-1d3"/>
      </symbol>
      <symbol id="sm-65e">
         <name>I2CMasterControl</name>
         <value>0x4053</value>
         <object_component_ref idref="oc-1ce"/>
      </symbol>
      <symbol id="sm-65f">
         <name>I2CMasterBusy</name>
         <value>0x4023</value>
         <object_component_ref idref="oc-1bf"/>
      </symbol>
      <symbol id="sm-660">
         <name>I2CMasterEnable</name>
         <value>0x3ffb</value>
         <object_component_ref idref="oc-264"/>
      </symbol>
      <symbol id="sm-6bd">
         <name>GPIOPinConfigure</name>
         <value>0x39e5</value>
         <object_component_ref idref="oc-189"/>
      </symbol>
      <symbol id="sm-6be">
         <name>GPIOPinTypeI2CSCL</name>
         <value>0x3f1b</value>
         <object_component_ref idref="oc-1b5"/>
      </symbol>
      <symbol id="sm-6bf">
         <name>GPIOPinTypeI2C</name>
         <value>0x3f09</value>
         <object_component_ref idref="oc-1ba"/>
      </symbol>
      <symbol id="sm-6c0">
         <name>GPIOPinTypeADC</name>
         <value>0x3ef7</value>
         <object_component_ref idref="oc-153"/>
      </symbol>
      <symbol id="sm-6c1">
         <name>GPIOPinTypeUART</name>
         <value>0x3f2d</value>
         <object_component_ref idref="oc-18e"/>
      </symbol>
      <symbol id="sm-6c2">
         <name>GPIOPinTypeGPIOOutput</name>
         <value>0x3e1f</value>
         <object_component_ref idref="oc-d9"/>
      </symbol>
      <symbol id="sm-6c3">
         <name>GPIOPinRead</name>
         <value>0x403b</value>
         <object_component_ref idref="oc-1e0"/>
      </symbol>
      <symbol id="sm-6c4">
         <name>GPIODirModeSet</name>
         <value>0x3d65</value>
         <object_component_ref idref="oc-1ec"/>
      </symbol>
      <symbol id="sm-6c5">
         <name>GPIOPinWrite</name>
         <value>0x4041</value>
         <object_component_ref idref="oc-de"/>
      </symbol>
      <symbol id="sm-6c6">
         <name>GPIOPadConfigSet</name>
         <value>0x2db9</value>
         <object_component_ref idref="oc-1e7"/>
      </symbol>
      <symbol id="sm-6cf">
         <name>CPUcpsie</name>
         <value>0x3fcd</value>
         <object_component_ref idref="oc-134"/>
      </symbol>
      <symbol id="sm-726">
         <name>ADCProcessorTrigger</name>
         <value>0x3e69</value>
         <object_component_ref idref="oc-176"/>
      </symbol>
      <symbol id="sm-727">
         <name>ADCSequenceEnable</name>
         <value>0x3fa3</value>
         <object_component_ref idref="oc-16c"/>
      </symbol>
      <symbol id="sm-728">
         <name>ADCSequenceConfigure</name>
         <value>0x3c97</value>
         <object_component_ref idref="oc-162"/>
      </symbol>
      <symbol id="sm-729">
         <name>ADCSequenceStepConfigure</name>
         <value>0x3555</value>
         <object_component_ref idref="oc-167"/>
      </symbol>
      <symbol id="sm-72a">
         <name>ADCIntClear</name>
         <value>0x3ff1</value>
         <object_component_ref idref="oc-171"/>
      </symbol>
      <symbol id="sm-72b">
         <name>ADCHardwareOversampleConfigure</name>
         <value>0x3ee5</value>
         <object_component_ref idref="oc-158"/>
      </symbol>
      <symbol id="sm-72c">
         <name>ADCIntStatus</name>
         <value>0x3d09</value>
         <object_component_ref idref="oc-17b"/>
      </symbol>
      <symbol id="sm-72d">
         <name>ADCSequenceDisable</name>
         <value>0x3f95</value>
         <object_component_ref idref="oc-15d"/>
      </symbol>
      <symbol id="sm-72e">
         <name>ADCSequenceDataGet</name>
         <value>0x3daf</value>
         <object_component_ref idref="oc-180"/>
      </symbol>
      <symbol id="sm-72f">
         <name>__TI_static_base__</name>
         <value>0x0</value>
      </symbol>
      <symbol id="sm-730">
         <name>__TI_args_main</name>
         <value>0x1</value>
      </symbol>
      <symbol id="sm-731">
         <name>SHT$$INIT_ARRAY$$Limit</name>
         <value>0x0</value>
      </symbol>
      <symbol id="sm-732">
         <name>SHT$$INIT_ARRAY$$Base</name>
         <value>0x0</value>
      </symbol>
   </symbol_table>
   <title>Link successful</title>
</link_info>
