<?xml version="1.0"?>
<link_info>
   <banner>TI ARM Linker PC v5.1.1</banner>
   <copyright>Copyright (c) 1996-2013 Texas Instruments Incorporated</copyright>
   <link_time>0x5777c82c</link_time>
   <link_errors>0x0</link_errors>
   <output_file>TCC.out</output_file>
   <entry_point>
      <name>_c_int00</name>
      <address>0x388d</address>
   </entry_point>
   <input_file_list>
      <input_file id="fl-2">
         <path>.\</path>
         <kind>object</kind>
         <file>utils.obj</file>
         <name>utils.obj</name>
      </input_file>
      <input_file id="fl-3">
         <path>.\</path>
         <kind>object</kind>
         <file>tm4c123ah6pm_startup_ccs.obj</file>
         <name>tm4c123ah6pm_startup_ccs.obj</name>
      </input_file>
      <input_file id="fl-4">
         <path>.\</path>
         <kind>object</kind>
         <file>sensor.obj</file>
         <name>sensor.obj</name>
      </input_file>
      <input_file id="fl-5">
         <path>.\</path>
         <kind>object</kind>
         <file>main.obj</file>
         <name>main.obj</name>
      </input_file>
      <input_file id="fl-6">
         <path>.\</path>
         <kind>object</kind>
         <file>lcd.obj</file>
         <name>lcd.obj</name>
      </input_file>
      <input_file id="fl-7">
         <path>.\</path>
         <kind>object</kind>
         <file>i2c.obj</file>
         <name>i2c.obj</name>
      </input_file>
      <input_file id="fl-8">
         <path>.\</path>
         <kind>object</kind>
         <file>bluetooth.obj</file>
         <name>bluetooth.obj</name>
      </input_file>
      <input_file id="fl-9">
         <path>.\</path>
         <kind>object</kind>
         <file>adc.obj</file>
         <name>adc.obj</name>
      </input_file>
      <input_file id="fl-137">
         <path>C:\ti\ccsv5\tools\compiler\arm_5.1.1\lib\</path>
         <kind>archive</kind>
         <file>rtsv7M4_T_le_v4SPD16_eabi.lib</file>
         <name>boot.obj</name>
      </input_file>
      <input_file id="fl-138">
         <path>C:\ti\ccsv5\tools\compiler\arm_5.1.1\lib\</path>
         <kind>archive</kind>
         <file>rtsv7M4_T_le_v4SPD16_eabi.lib</file>
         <name>copy_decompress_none.obj</name>
      </input_file>
      <input_file id="fl-139">
         <path>C:\ti\ccsv5\tools\compiler\arm_5.1.1\lib\</path>
         <kind>archive</kind>
         <file>rtsv7M4_T_le_v4SPD16_eabi.lib</file>
         <name>copy_decompress_rle.obj</name>
      </input_file>
      <input_file id="fl-13a">
         <path>C:\ti\ccsv5\tools\compiler\arm_5.1.1\lib\</path>
         <kind>archive</kind>
         <file>rtsv7M4_T_le_v4SPD16_eabi.lib</file>
         <name>copy_zero_init.obj</name>
      </input_file>
      <input_file id="fl-13b">
         <path>C:\ti\ccsv5\tools\compiler\arm_5.1.1\lib\</path>
         <kind>archive</kind>
         <file>rtsv7M4_T_le_v4SPD16_eabi.lib</file>
         <name>exit.obj</name>
      </input_file>
      <input_file id="fl-13c">
         <path>C:\ti\ccsv5\tools\compiler\arm_5.1.1\lib\</path>
         <kind>archive</kind>
         <file>rtsv7M4_T_le_v4SPD16_eabi.lib</file>
         <name>fd_add_t2.obj</name>
      </input_file>
      <input_file id="fl-13d">
         <path>C:\ti\ccsv5\tools\compiler\arm_5.1.1\lib\</path>
         <kind>archive</kind>
         <file>rtsv7M4_T_le_v4SPD16_eabi.lib</file>
         <name>fd_cmp_t2.obj</name>
      </input_file>
      <input_file id="fl-13e">
         <path>C:\ti\ccsv5\tools\compiler\arm_5.1.1\lib\</path>
         <kind>archive</kind>
         <file>rtsv7M4_T_le_v4SPD16_eabi.lib</file>
         <name>fd_div_t2.obj</name>
      </input_file>
      <input_file id="fl-13f">
         <path>C:\ti\ccsv5\tools\compiler\arm_5.1.1\lib\</path>
         <kind>archive</kind>
         <file>rtsv7M4_T_le_v4SPD16_eabi.lib</file>
         <name>fd_mul_t2.obj</name>
      </input_file>
      <input_file id="fl-140">
         <path>C:\ti\ccsv5\tools\compiler\arm_5.1.1\lib\</path>
         <kind>archive</kind>
         <file>rtsv7M4_T_le_v4SPD16_eabi.lib</file>
         <name>fd_tou_t2.obj</name>
      </input_file>
      <input_file id="fl-141">
         <path>C:\ti\ccsv5\tools\compiler\arm_5.1.1\lib\</path>
         <kind>archive</kind>
         <file>rtsv7M4_T_le_v4SPD16_eabi.lib</file>
         <name>i_tofd_t2.obj</name>
      </input_file>
      <input_file id="fl-142">
         <path>C:\ti\ccsv5\tools\compiler\arm_5.1.1\lib\</path>
         <kind>archive</kind>
         <file>rtsv7M4_T_le_v4SPD16_eabi.lib</file>
         <name>memcpy_t2.obj</name>
      </input_file>
      <input_file id="fl-143">
         <path>C:\ti\ccsv5\tools\compiler\arm_5.1.1\lib\</path>
         <kind>archive</kind>
         <file>rtsv7M4_T_le_v4SPD16_eabi.lib</file>
         <name>sprintf.obj</name>
      </input_file>
      <input_file id="fl-144">
         <path>C:\ti\ccsv5\tools\compiler\arm_5.1.1\lib\</path>
         <kind>archive</kind>
         <file>rtsv7M4_T_le_v4SPD16_eabi.lib</file>
         <name>sqrt.obj</name>
      </input_file>
      <input_file id="fl-145">
         <path>C:\ti\ccsv5\tools\compiler\arm_5.1.1\lib\</path>
         <kind>archive</kind>
         <file>rtsv7M4_T_le_v4SPD16_eabi.lib</file>
         <name>stkdepth_vars.obj</name>
      </input_file>
      <input_file id="fl-146">
         <path>C:\ti\ccsv5\tools\compiler\arm_5.1.1\lib\</path>
         <kind>archive</kind>
         <file>rtsv7M4_T_le_v4SPD16_eabi.lib</file>
         <name>strcat.obj</name>
      </input_file>
      <input_file id="fl-147">
         <path>C:\ti\ccsv5\tools\compiler\arm_5.1.1\lib\</path>
         <kind>archive</kind>
         <file>rtsv7M4_T_le_v4SPD16_eabi.lib</file>
         <name>strcpy.obj</name>
      </input_file>
      <input_file id="fl-148">
         <path>C:\ti\ccsv5\tools\compiler\arm_5.1.1\lib\</path>
         <kind>archive</kind>
         <file>rtsv7M4_T_le_v4SPD16_eabi.lib</file>
         <name>u_divt2.obj</name>
      </input_file>
      <input_file id="fl-149">
         <path>C:\ti\ccsv5\tools\compiler\arm_5.1.1\lib\</path>
         <kind>archive</kind>
         <file>rtsv7M4_T_le_v4SPD16_eabi.lib</file>
         <name>u_tofd_t2.obj</name>
      </input_file>
      <input_file id="fl-14a">
         <path>C:\ti\ccsv5\tools\compiler\arm_5.1.1\lib\</path>
         <kind>archive</kind>
         <file>rtsv7M4_T_le_v4SPD16_eabi.lib</file>
         <name>xdscale.obj</name>
      </input_file>
      <input_file id="fl-14b">
         <path>C:\ti\ccsv5\tools\compiler\arm_5.1.1\lib\</path>
         <kind>archive</kind>
         <file>rtsv7M4_T_le_v4SPD16_eabi.lib</file>
         <name>xdunscal.obj</name>
      </input_file>
      <input_file id="fl-14c">
         <path>C:\ti\ccsv5\tools\compiler\arm_5.1.1\lib\</path>
         <kind>archive</kind>
         <file>rtsv7M4_T_le_v4SPD16_eabi.lib</file>
         <name>xferaise.obj</name>
      </input_file>
      <input_file id="fl-14d">
         <path>C:\ti\ccsv5\tools\compiler\arm_5.1.1\lib\</path>
         <kind>archive</kind>
         <file>rtsv7M4_T_le_v4SPD16_eabi.lib</file>
         <name>xvalues.obj</name>
      </input_file>
      <input_file id="fl-14e">
         <path>C:\ti\ccsv5\tools\compiler\arm_5.1.1\lib\</path>
         <kind>archive</kind>
         <file>rtsv7M4_T_le_v4SPD16_eabi.lib</file>
         <name>_lock.obj</name>
      </input_file>
      <input_file id="fl-14f">
         <path>C:\ti\ccsv5\tools\compiler\arm_5.1.1\lib\</path>
         <kind>archive</kind>
         <file>rtsv7M4_T_le_v4SPD16_eabi.lib</file>
         <name>_printfi.obj</name>
      </input_file>
      <input_file id="fl-150">
         <path>C:\ti\ccsv5\tools\compiler\arm_5.1.1\lib\</path>
         <kind>archive</kind>
         <file>rtsv7M4_T_le_v4SPD16_eabi.lib</file>
         <name>args_main.obj</name>
      </input_file>
      <input_file id="fl-151">
         <path>C:\ti\ccsv5\tools\compiler\arm_5.1.1\lib\</path>
         <kind>archive</kind>
         <file>rtsv7M4_T_le_v4SPD16_eabi.lib</file>
         <name>atoi.obj</name>
      </input_file>
      <input_file id="fl-152">
         <path>C:\ti\ccsv5\tools\compiler\arm_5.1.1\lib\</path>
         <kind>archive</kind>
         <file>rtsv7M4_T_le_v4SPD16_eabi.lib</file>
         <name>auto_init.obj</name>
      </input_file>
      <input_file id="fl-153">
         <path>C:\ti\ccsv5\tools\compiler\arm_5.1.1\lib\</path>
         <kind>archive</kind>
         <file>rtsv7M4_T_le_v4SPD16_eabi.lib</file>
         <name>cpy_tbl.obj</name>
      </input_file>
      <input_file id="fl-154">
         <path>C:\ti\ccsv5\tools\compiler\arm_5.1.1\lib\</path>
         <kind>archive</kind>
         <file>rtsv7M4_T_le_v4SPD16_eabi.lib</file>
         <name>ctype.obj</name>
      </input_file>
      <input_file id="fl-155">
         <path>C:\ti\ccsv5\tools\compiler\arm_5.1.1\lib\</path>
         <kind>archive</kind>
         <file>rtsv7M4_T_le_v4SPD16_eabi.lib</file>
         <name>errno.obj</name>
      </input_file>
      <input_file id="fl-156">
         <path>C:\ti\ccsv5\tools\compiler\arm_5.1.1\lib\</path>
         <kind>archive</kind>
         <file>rtsv7M4_T_le_v4SPD16_eabi.lib</file>
         <name>fd_toi_t2.obj</name>
      </input_file>
      <input_file id="fl-157">
         <path>C:\ti\ccsv5\tools\compiler\arm_5.1.1\lib\</path>
         <kind>archive</kind>
         <file>rtsv7M4_T_le_v4SPD16_eabi.lib</file>
         <name>feraiseexcept.obj</name>
      </input_file>
      <input_file id="fl-158">
         <path>C:\ti\ccsv5\tools\compiler\arm_5.1.1\lib\</path>
         <kind>archive</kind>
         <file>rtsv7M4_T_le_v4SPD16_eabi.lib</file>
         <name>ll_mul_t2.obj</name>
      </input_file>
      <input_file id="fl-159">
         <path>C:\ti\ccsv5\tools\compiler\arm_5.1.1\lib\</path>
         <kind>archive</kind>
         <file>rtsv7M4_T_le_v4SPD16_eabi.lib</file>
         <name>ltoa.obj</name>
      </input_file>
      <input_file id="fl-15a">
         <path>C:\ti\ccsv5\tools\compiler\arm_5.1.1\lib\</path>
         <kind>archive</kind>
         <file>rtsv7M4_T_le_v4SPD16_eabi.lib</file>
         <name>memccpy.obj</name>
      </input_file>
      <input_file id="fl-15b">
         <path>C:\ti\ccsv5\tools\compiler\arm_5.1.1\lib\</path>
         <kind>archive</kind>
         <file>rtsv7M4_T_le_v4SPD16_eabi.lib</file>
         <name>memset_t2.obj</name>
      </input_file>
      <input_file id="fl-15c">
         <path>C:\ti\ccsv5\tools\compiler\arm_5.1.1\lib\</path>
         <kind>archive</kind>
         <file>rtsv7M4_T_le_v4SPD16_eabi.lib</file>
         <name>raise.obj</name>
      </input_file>
      <input_file id="fl-15d">
         <path>C:\ti\ccsv5\tools\compiler\arm_5.1.1\lib\</path>
         <kind>archive</kind>
         <file>rtsv7M4_T_le_v4SPD16_eabi.lib</file>
         <name>signal.obj</name>
      </input_file>
      <input_file id="fl-15e">
         <path>C:\ti\ccsv5\tools\compiler\arm_5.1.1\lib\</path>
         <kind>archive</kind>
         <file>rtsv7M4_T_le_v4SPD16_eabi.lib</file>
         <name>strlen.obj</name>
      </input_file>
      <input_file id="fl-15f">
         <path>C:\ti\ccsv5\tools\compiler\arm_5.1.1\lib\</path>
         <kind>archive</kind>
         <file>rtsv7M4_T_le_v4SPD16_eabi.lib</file>
         <name>ull_div_t2.obj</name>
      </input_file>
      <input_file id="fl-160">
         <path>C:\ti\ccsv5\tools\compiler\arm_5.1.1\lib\</path>
         <kind>archive</kind>
         <file>rtsv7M4_T_le_v4SPD16_eabi.lib</file>
         <name>xdclass.obj</name>
      </input_file>
      <input_file id="fl-161">
         <path>C:\ti\ccsv5\tools\compiler\arm_5.1.1\lib\</path>
         <kind>archive</kind>
         <file>rtsv7M4_T_le_v4SPD16_eabi.lib</file>
         <name>xdnorm.obj</name>
      </input_file>
      <input_file id="fl-162">
         <path>C:\ti\ccsv5\tools\compiler\arm_5.1.1\lib\</path>
         <kind>archive</kind>
         <file>rtsv7M4_T_le_v4SPD16_eabi.lib</file>
         <name>xdtest.obj</name>
      </input_file>
      <input_file id="fl-163">
         <path>C:\ti\TivaWare_C\driverlib\ccs\Debug\</path>
         <kind>archive</kind>
         <file>driverlib.lib</file>
         <name>uart.obj</name>
      </input_file>
      <input_file id="fl-164">
         <path>C:\ti\TivaWare_C\driverlib\ccs\Debug\</path>
         <kind>archive</kind>
         <file>driverlib.lib</file>
         <name>timer.obj</name>
      </input_file>
      <input_file id="fl-165">
         <path>C:\ti\TivaWare_C\driverlib\ccs\Debug\</path>
         <kind>archive</kind>
         <file>driverlib.lib</file>
         <name>systick.obj</name>
      </input_file>
      <input_file id="fl-166">
         <path>C:\ti\TivaWare_C\driverlib\ccs\Debug\</path>
         <kind>archive</kind>
         <file>driverlib.lib</file>
         <name>sysctl.obj</name>
      </input_file>
      <input_file id="fl-167">
         <path>C:\ti\TivaWare_C\driverlib\ccs\Debug\</path>
         <kind>archive</kind>
         <file>driverlib.lib</file>
         <name>interrupt.obj</name>
      </input_file>
      <input_file id="fl-168">
         <path>C:\ti\TivaWare_C\driverlib\ccs\Debug\</path>
         <kind>archive</kind>
         <file>driverlib.lib</file>
         <name>i2c.obj</name>
      </input_file>
      <input_file id="fl-169">
         <path>C:\ti\TivaWare_C\driverlib\ccs\Debug\</path>
         <kind>archive</kind>
         <file>driverlib.lib</file>
         <name>gpio.obj</name>
      </input_file>
      <input_file id="fl-16a">
         <path>C:\ti\TivaWare_C\driverlib\ccs\Debug\</path>
         <kind>archive</kind>
         <file>driverlib.lib</file>
         <name>cpu.obj</name>
      </input_file>
      <input_file id="fl-16b">
         <path>C:\ti\TivaWare_C\driverlib\ccs\Debug\</path>
         <kind>archive</kind>
         <file>driverlib.lib</file>
         <name>adc.obj</name>
      </input_file>
   </input_file_list>
   <object_component_list>
      <object_component id="oc-e">
         <name>.intvecs</name>
         <load_address>0x0</load_address>
         <run_address>0x0</run_address>
         <size>0x26c</size>
         <input_file_ref idref="fl-3"/>
      </object_component>
      <object_component id="oc-275">
         <name>.text</name>
         <load_address>0x26c</load_address>
         <run_address>0x26c</run_address>
         <size>0xe8c</size>
         <input_file_ref idref="fl-14f"/>
      </object_component>
      <object_component id="oc-e1">
         <name>.text</name>
         <load_address>0x10f8</load_address>
         <run_address>0x10f8</run_address>
         <size>0xac0</size>
         <input_file_ref idref="fl-7"/>
      </object_component>
      <object_component id="oc-cd">
         <name>.text</name>
         <load_address>0x1bb8</load_address>
         <run_address>0x1bb8</run_address>
         <size>0x3b4</size>
         <input_file_ref idref="fl-4"/>
      </object_component>
      <object_component id="oc-d2">
         <name>.text</name>
         <load_address>0x1f6c</load_address>
         <run_address>0x1f6c</run_address>
         <size>0x348</size>
         <input_file_ref idref="fl-6"/>
      </object_component>
      <object_component id="oc-2bf">
         <name>.text</name>
         <load_address>0x22b4</load_address>
         <run_address>0x22b4</run_address>
         <size>0x1f4</size>
         <input_file_ref idref="fl-15f"/>
      </object_component>
      <object_component id="oc-14d">
         <name>.text</name>
         <load_address>0x24a8</load_address>
         <run_address>0x24a8</run_address>
         <size>0x1b6</size>
         <input_file_ref idref="fl-13c"/>
      </object_component>
      <object_component id="oc-148">
         <name>.text</name>
         <load_address>0x2660</load_address>
         <run_address>0x2660</run_address>
         <size>0x148</size>
         <input_file_ref idref="fl-144"/>
      </object_component>
      <object_component id="oc-1ab">
         <name>.text</name>
         <load_address>0x27a8</load_address>
         <run_address>0x27a8</run_address>
         <size>0x136</size>
         <input_file_ref idref="fl-13e"/>
      </object_component>
      <object_component id="oc-12c">
         <name>.text:GPIOPadConfigSet</name>
         <load_address>0x28de</load_address>
         <run_address>0x28de</run_address>
         <size>0x130</size>
         <input_file_ref idref="fl-169"/>
      </object_component>
      <object_component id="oc-d7">
         <name>.text</name>
         <load_address>0x2a10</load_address>
         <run_address>0x2a10</run_address>
         <size>0x120</size>
         <input_file_ref idref="fl-9"/>
      </object_component>
      <object_component id="oc-9b">
         <name>.text:SysCtlClockGet</name>
         <load_address>0x2b30</load_address>
         <run_address>0x2b30</run_address>
         <size>0x118</size>
         <input_file_ref idref="fl-166"/>
      </object_component>
      <object_component id="oc-237">
         <name>.text</name>
         <load_address>0x2c48</load_address>
         <run_address>0x2c48</run_address>
         <size>0x110</size>
         <input_file_ref idref="fl-14a"/>
      </object_component>
      <object_component id="oc-69">
         <name>.text</name>
         <load_address>0x2d58</load_address>
         <run_address>0x2d58</run_address>
         <size>0x104</size>
         <input_file_ref idref="fl-5"/>
      </object_component>
      <object_component id="oc-151">
         <name>.text</name>
         <load_address>0x2e5c</load_address>
         <run_address>0x2e5c</run_address>
         <size>0xfc</size>
         <input_file_ref idref="fl-13f"/>
      </object_component>
      <object_component id="oc-c8">
         <name>.text:SysCtlClockSet</name>
         <load_address>0x2f58</load_address>
         <run_address>0x2f58</run_address>
         <size>0xf0</size>
         <input_file_ref idref="fl-166"/>
      </object_component>
      <object_component id="oc-dc">
         <name>.text</name>
         <load_address>0x3048</load_address>
         <run_address>0x3048</run_address>
         <size>0xcc</size>
         <input_file_ref idref="fl-8"/>
      </object_component>
      <object_component id="oc-29b">
         <name>.text</name>
         <load_address>0x3114</load_address>
         <run_address>0x3114</run_address>
         <size>0xc4</size>
         <input_file_ref idref="fl-161"/>
      </object_component>
      <object_component id="oc-3d">
         <name>.text</name>
         <load_address>0x31d8</load_address>
         <run_address>0x31d8</run_address>
         <size>0x9c</size>
         <input_file_ref idref="fl-142"/>
      </object_component>
      <object_component id="oc-2c">
         <name>.text</name>
         <load_address>0x3274</load_address>
         <run_address>0x3274</run_address>
         <size>0x94</size>
         <input_file_ref idref="fl-152"/>
      </object_component>
      <object_component id="oc-189">
         <name>.text:ADCSequenceStepConfigure</name>
         <load_address>0x3308</load_address>
         <run_address>0x3308</run_address>
         <size>0x80</size>
         <input_file_ref idref="fl-16b"/>
      </object_component>
      <object_component id="oc-157">
         <name>.text:__aeabi_cdcmple</name>
         <load_address>0x3388</load_address>
         <run_address>0x3388</run_address>
         <size>0x7e</size>
         <input_file_ref idref="fl-13d"/>
      </object_component>
      <object_component id="oc-2cc">
         <name>.text:__aeabi_cdrcmple</name>
         <load_address>0x3406</load_address>
         <run_address>0x3406</run_address>
         <size>0x7e</size>
         <input_file_ref idref="fl-13d"/>
      </object_component>
      <object_component id="oc-2d9">
         <name>.text</name>
         <load_address>0x3484</load_address>
         <run_address>0x3484</run_address>
         <size>0x78</size>
         <input_file_ref idref="fl-15b"/>
      </object_component>
      <object_component id="oc-e6">
         <name>.text</name>
         <load_address>0x34fc</load_address>
         <run_address>0x34fc</run_address>
         <size>0x78</size>
         <input_file_ref idref="fl-2"/>
      </object_component>
      <object_component id="oc-232">
         <name>.text</name>
         <load_address>0x3574</load_address>
         <run_address>0x3574</run_address>
         <size>0x64</size>
         <input_file_ref idref="fl-14b"/>
      </object_component>
      <object_component id="oc-a5">
         <name>.text:IntEnable</name>
         <load_address>0x35d8</load_address>
         <run_address>0x35d8</run_address>
         <size>0x60</size>
         <input_file_ref idref="fl-167"/>
      </object_component>
      <object_component id="oc-1c6">
         <name>.text</name>
         <load_address>0x3638</load_address>
         <run_address>0x3638</run_address>
         <size>0x60</size>
         <input_file_ref idref="fl-143"/>
      </object_component>
      <object_component id="oc-4f">
         <name>.text</name>
         <load_address>0x3698</load_address>
         <run_address>0x3698</run_address>
         <size>0x5e</size>
         <input_file_ref idref="fl-139"/>
      </object_component>
      <object_component id="oc-96">
         <name>.text:TimerConfigure</name>
         <load_address>0x36f8</load_address>
         <run_address>0x36f8</run_address>
         <size>0x5c</size>
         <input_file_ref idref="fl-164"/>
      </object_component>
      <object_component id="oc-2d4">
         <name>.text</name>
         <load_address>0x3754</load_address>
         <run_address>0x3754</run_address>
         <size>0x5a</size>
         <input_file_ref idref="fl-159"/>
      </object_component>
      <object_component id="oc-2e7">
         <name>.text</name>
         <load_address>0x37b0</load_address>
         <run_address>0x37b0</run_address>
         <size>0x4c</size>
         <input_file_ref idref="fl-151"/>
      </object_component>
      <object_component id="oc-1b7">
         <name>.text:GPIOPinConfigure</name>
         <load_address>0x37fc</load_address>
         <run_address>0x37fc</run_address>
         <size>0x48</size>
         <input_file_ref idref="fl-169"/>
      </object_component>
      <object_component id="oc-1dc">
         <name>.text:I2CMasterInitExpClk</name>
         <load_address>0x3844</load_address>
         <run_address>0x3844</run_address>
         <size>0x48</size>
         <input_file_ref idref="fl-168"/>
      </object_component>
      <object_component id="oc-10">
         <name>.text</name>
         <load_address>0x388c</load_address>
         <run_address>0x388c</run_address>
         <size>0x48</size>
         <input_file_ref idref="fl-137"/>
      </object_component>
      <object_component id="oc-2d0">
         <name>.text</name>
         <load_address>0x38d4</load_address>
         <run_address>0x38d4</run_address>
         <size>0x48</size>
         <input_file_ref idref="fl-156"/>
      </object_component>
      <object_component id="oc-63">
         <name>.text</name>
         <load_address>0x391c</load_address>
         <run_address>0x391c</run_address>
         <size>0x44</size>
         <input_file_ref idref="fl-153"/>
      </object_component>
      <object_component id="oc-35">
         <name>.text</name>
         <load_address>0x3960</load_address>
         <run_address>0x3960</run_address>
         <size>0x44</size>
         <input_file_ref idref="fl-13b"/>
      </object_component>
      <object_component id="oc-1af">
         <name>.text</name>
         <load_address>0x39a4</load_address>
         <run_address>0x39a4</run_address>
         <size>0x44</size>
         <input_file_ref idref="fl-140"/>
      </object_component>
      <object_component id="oc-31d">
         <name>.text</name>
         <load_address>0x39e8</load_address>
         <run_address>0x39e8</run_address>
         <size>0x44</size>
         <input_file_ref idref="fl-162"/>
      </object_component>
      <object_component id="oc-163">
         <name>.text</name>
         <load_address>0x3a2c</load_address>
         <run_address>0x3a2c</run_address>
         <size>0x42</size>
         <input_file_ref idref="fl-148"/>
      </object_component>
      <object_component id="oc-1c1">
         <name>.text:UARTConfigSetExpClk</name>
         <load_address>0x3a6e</load_address>
         <run_address>0x3a6e</run_address>
         <size>0x40</size>
         <input_file_ref idref="fl-163"/>
      </object_component>
      <object_component id="oc-332">
         <name>.text</name>
         <load_address>0x3ab0</load_address>
         <run_address>0x3ab0</run_address>
         <size>0x40</size>
         <input_file_ref idref="fl-15d"/>
      </object_component>
      <object_component id="oc-184">
         <name>.text:ADCSequenceConfigure</name>
         <load_address>0x3af0</load_address>
         <run_address>0x3af0</run_address>
         <size>0x3e</size>
         <input_file_ref idref="fl-16b"/>
      </object_component>
      <object_component id="oc-91">
         <name>.text:SysCtlPeripheralEnable</name>
         <load_address>0x3b30</load_address>
         <run_address>0x3b30</run_address>
         <size>0x34</size>
         <input_file_ref idref="fl-166"/>
      </object_component>
      <object_component id="oc-2a4">
         <name>.text</name>
         <load_address>0x3b64</load_address>
         <run_address>0x3b64</run_address>
         <size>0x34</size>
         <input_file_ref idref="fl-157"/>
      </object_component>
      <object_component id="oc-23c">
         <name>.text</name>
         <load_address>0x3b98</load_address>
         <run_address>0x3b98</run_address>
         <size>0x30</size>
         <input_file_ref idref="fl-14c"/>
      </object_component>
      <object_component id="oc-19d">
         <name>.text:ADCIntStatus</name>
         <load_address>0x3bc8</load_address>
         <run_address>0x3bc8</run_address>
         <size>0x2e</size>
         <input_file_ref idref="fl-16b"/>
      </object_component>
      <object_component id="oc-144">
         <name>.text</name>
         <load_address>0x3bf6</load_address>
         <run_address>0x3bf6</run_address>
         <size>0x2e</size>
         <input_file_ref idref="fl-141"/>
      </object_component>
      <object_component id="oc-30a">
         <name>.text</name>
         <load_address>0x3c24</load_address>
         <run_address>0x3c24</run_address>
         <size>0x2e</size>
         <input_file_ref idref="fl-15c"/>
      </object_component>
      <object_component id="oc-131">
         <name>.text:GPIODirModeSet</name>
         <load_address>0x3c52</load_address>
         <run_address>0x3c52</run_address>
         <size>0x2a</size>
         <input_file_ref idref="fl-169"/>
      </object_component>
      <object_component id="oc-1a7">
         <name>.text</name>
         <load_address>0x3c7c</load_address>
         <run_address>0x3c7c</run_address>
         <size>0x20</size>
         <input_file_ref idref="fl-149"/>
      </object_component>
      <object_component id="oc-1a2">
         <name>.text:ADCSequenceDataGet</name>
         <load_address>0x3c9c</load_address>
         <run_address>0x3c9c</run_address>
         <size>0x1e</size>
         <input_file_ref idref="fl-16b"/>
      </object_component>
      <object_component id="oc-269">
         <name>.text:UARTDisable</name>
         <load_address>0x3cbc</load_address>
         <run_address>0x3cbc</run_address>
         <size>0x1c</size>
         <input_file_ref idref="fl-163"/>
      </object_component>
      <object_component id="oc-2e2">
         <name>.text</name>
         <load_address>0x3cd8</load_address>
         <run_address>0x3cd8</run_address>
         <size>0x1c</size>
         <input_file_ref idref="fl-15a"/>
      </object_component>
      <object_component id="oc-16c">
         <name>.text</name>
         <load_address>0x3cf4</load_address>
         <run_address>0x3cf4</run_address>
         <size>0x1a</size>
         <input_file_ref idref="fl-146"/>
      </object_component>
      <object_component id="oc-15e">
         <name>.text:GPIOPinTypeGPIOOutput</name>
         <load_address>0x3d0e</load_address>
         <run_address>0x3d0e</run_address>
         <size>0x18</size>
         <input_file_ref idref="fl-169"/>
      </object_component>
      <object_component id="oc-30">
         <name>.text</name>
         <load_address>0x3d28</load_address>
         <run_address>0x3d28</run_address>
         <size>0x18</size>
         <input_file_ref idref="fl-150"/>
      </object_component>
      <object_component id="oc-2c3">
         <name>.text</name>
         <load_address>0x3d40</load_address>
         <run_address>0x3d40</run_address>
         <size>0x18</size>
         <input_file_ref idref="fl-158"/>
      </object_component>
      <object_component id="oc-198">
         <name>.text:ADCProcessorTrigger</name>
         <load_address>0x3d58</load_address>
         <run_address>0x3d58</run_address>
         <size>0x16</size>
         <input_file_ref idref="fl-16b"/>
      </object_component>
      <object_component id="oc-b4">
         <name>.text:SysTickEnable</name>
         <load_address>0x3d70</load_address>
         <run_address>0x3d70</run_address>
         <size>0x14</size>
         <input_file_ref idref="fl-165"/>
      </object_component>
      <object_component id="oc-b9">
         <name>.text:SysTickIntEnable</name>
         <load_address>0x3d84</load_address>
         <run_address>0x3d84</run_address>
         <size>0x14</size>
         <input_file_ref idref="fl-165"/>
      </object_component>
      <object_component id="oc-26e">
         <name>.text:UARTEnable</name>
         <load_address>0x3d98</load_address>
         <run_address>0x3d98</run_address>
         <size>0x14</size>
         <input_file_ref idref="fl-163"/>
      </object_component>
      <object_component id="oc-f5">
         <name>.text</name>
         <load_address>0x3dac</load_address>
         <run_address>0x3dac</run_address>
         <size>0x14</size>
         <input_file_ref idref="fl-14e"/>
      </object_component>
      <object_component id="oc-2c7">
         <name>.text</name>
         <load_address>0x3dc0</load_address>
         <run_address>0x3dc0</run_address>
         <size>0x14</size>
         <input_file_ref idref="fl-15e"/>
      </object_component>
      <object_component id="oc-17a">
         <name>.text:ADCHardwareOversampleConfigure</name>
         <load_address>0x3dd4</load_address>
         <run_address>0x3dd4</run_address>
         <size>0x12</size>
         <input_file_ref idref="fl-16b"/>
      </object_component>
      <object_component id="oc-175">
         <name>.text:GPIOPinTypeADC</name>
         <load_address>0x3de6</load_address>
         <run_address>0x3de6</run_address>
         <size>0x12</size>
         <input_file_ref idref="fl-169"/>
      </object_component>
      <object_component id="oc-1e6">
         <name>.text:GPIOPinTypeI2C</name>
         <load_address>0x3df8</load_address>
         <run_address>0x3df8</run_address>
         <size>0x12</size>
         <input_file_ref idref="fl-169"/>
      </object_component>
      <object_component id="oc-1e1">
         <name>.text:GPIOPinTypeI2CSCL</name>
         <load_address>0x3e0a</load_address>
         <run_address>0x3e0a</run_address>
         <size>0x12</size>
         <input_file_ref idref="fl-169"/>
      </object_component>
      <object_component id="oc-1bc">
         <name>.text:GPIOPinTypeUART</name>
         <load_address>0x3e1c</load_address>
         <run_address>0x3e1c</run_address>
         <size>0x12</size>
         <input_file_ref idref="fl-169"/>
      </object_component>
      <object_component id="oc-a0">
         <name>.text:TimerLoadSet</name>
         <load_address>0x3e2e</load_address>
         <run_address>0x3e2e</run_address>
         <size>0x12</size>
         <input_file_ref idref="fl-164"/>
      </object_component>
      <object_component id="oc-19">
         <name>.text:decompress:ZI</name>
         <load_address>0x3e40</load_address>
         <run_address>0x3e40</run_address>
         <size>0x12</size>
         <input_file_ref idref="fl-13a"/>
      </object_component>
      <object_component id="oc-2dd">
         <name>.text</name>
         <load_address>0x3e52</load_address>
         <run_address>0x3e52</run_address>
         <size>0x12</size>
         <input_file_ref idref="fl-160"/>
      </object_component>
      <object_component id="oc-af">
         <name>.text:SysTickPeriodSet</name>
         <load_address>0x3e64</load_address>
         <run_address>0x3e64</run_address>
         <size>0x10</size>
         <input_file_ref idref="fl-165"/>
      </object_component>
      <object_component id="oc-167">
         <name>.text</name>
         <load_address>0x3e74</load_address>
         <run_address>0x3e74</run_address>
         <size>0x10</size>
         <input_file_ref idref="fl-147"/>
      </object_component>
      <object_component id="oc-17f">
         <name>.text:ADCSequenceDisable</name>
         <load_address>0x3e84</load_address>
         <run_address>0x3e84</run_address>
         <size>0xe</size>
         <input_file_ref idref="fl-16b"/>
      </object_component>
      <object_component id="oc-18e">
         <name>.text:ADCSequenceEnable</name>
         <load_address>0x3e92</load_address>
         <run_address>0x3e92</run_address>
         <size>0xe</size>
         <input_file_ref idref="fl-16b"/>
      </object_component>
      <object_component id="oc-c3">
         <name>.text:TimerEnable</name>
         <load_address>0x3ea0</load_address>
         <run_address>0x3ea0</run_address>
         <size>0xe</size>
         <input_file_ref idref="fl-164"/>
      </object_component>
      <object_component id="oc-14">
         <name>.text:decompress:none</name>
         <load_address>0x3eae</load_address>
         <run_address>0x3eae</run_address>
         <size>0xe</size>
         <input_file_ref idref="fl-138"/>
      </object_component>
      <object_component id="oc-11e">
         <name>.text:CPUcpsie</name>
         <load_address>0x3ebc</load_address>
         <run_address>0x3ebc</run_address>
         <size>0xc</size>
         <input_file_ref idref="fl-16a"/>
      </object_component>
      <object_component id="oc-1d5">
         <name>.text:UARTCharsAvail</name>
         <load_address>0x3ec8</load_address>
         <run_address>0x3ec8</run_address>
         <size>0xc</size>
         <input_file_ref idref="fl-163"/>
      </object_component>
      <object_component id="oc-24">
         <name>.text</name>
         <load_address>0x3ed4</load_address>
         <run_address>0x3ed4</run_address>
         <size>0xc</size>
         <input_file_ref idref="fl-3"/>
      </object_component>
      <object_component id="oc-193">
         <name>.text:ADCIntClear</name>
         <load_address>0x3ee0</load_address>
         <run_address>0x3ee0</run_address>
         <size>0xa</size>
         <input_file_ref idref="fl-16b"/>
      </object_component>
      <object_component id="oc-286">
         <name>.text:I2CMasterEnable</name>
         <load_address>0x3eea</load_address>
         <run_address>0x3eea</run_address>
         <size>0xa</size>
         <input_file_ref idref="fl-168"/>
      </object_component>
      <object_component id="oc-be">
         <name>.text:IntMasterEnable</name>
         <load_address>0x3ef4</load_address>
         <run_address>0x3ef4</run_address>
         <size>0xa</size>
         <input_file_ref idref="fl-167"/>
      </object_component>
      <object_component id="oc-1d0">
         <name>.text:UARTCharGet</name>
         <load_address>0x3efe</load_address>
         <run_address>0x3efe</run_address>
         <size>0xa</size>
         <input_file_ref idref="fl-163"/>
      </object_component>
      <object_component id="oc-1cb">
         <name>.text:UARTCharPut</name>
         <load_address>0x3f08</load_address>
         <run_address>0x3f08</run_address>
         <size>0xa</size>
         <input_file_ref idref="fl-163"/>
      </object_component>
      <object_component id="oc-1eb">
         <name>.text:I2CMasterBusy</name>
         <load_address>0x3f12</load_address>
         <run_address>0x3f12</run_address>
         <size>0x8</size>
         <input_file_ref idref="fl-168"/>
      </object_component>
      <object_component id="oc-1f0">
         <name>.text:I2CMasterSlaveAddrSet</name>
         <load_address>0x3f1a</load_address>
         <run_address>0x3f1a</run_address>
         <size>0x8</size>
         <input_file_ref idref="fl-168"/>
      </object_component>
      <object_component id="oc-aa">
         <name>.text:TimerIntEnable</name>
         <load_address>0x3f22</load_address>
         <run_address>0x3f22</run_address>
         <size>0x8</size>
         <input_file_ref idref="fl-164"/>
      </object_component>
      <object_component id="oc-13b">
         <name>.text:GPIOPinRead</name>
         <load_address>0x3f2a</load_address>
         <run_address>0x3f2a</run_address>
         <size>0x6</size>
         <input_file_ref idref="fl-169"/>
      </object_component>
      <object_component id="oc-136">
         <name>.text:GPIOPinWrite</name>
         <load_address>0x3f30</load_address>
         <run_address>0x3f30</run_address>
         <size>0x6</size>
         <input_file_ref idref="fl-169"/>
      </object_component>
      <object_component id="oc-12a">
         <name>.text:SysCtlDelay</name>
         <load_address>0x3f36</load_address>
         <run_address>0x3f36</run_address>
         <size>0x6</size>
         <input_file_ref idref="fl-166"/>
      </object_component>
      <object_component id="oc-1e">
         <name>.text:decompress:rle24</name>
         <load_address>0x3f3c</load_address>
         <run_address>0x3f3c</run_address>
         <size>0x6</size>
         <input_file_ref idref="fl-139"/>
      </object_component>
      <object_component id="oc-1fa">
         <name>.text:I2CMasterControl</name>
         <load_address>0x3f42</load_address>
         <run_address>0x3f42</run_address>
         <size>0x4</size>
         <input_file_ref idref="fl-168"/>
      </object_component>
      <object_component id="oc-1ff">
         <name>.text:I2CMasterDataGet</name>
         <load_address>0x3f46</load_address>
         <run_address>0x3f46</run_address>
         <size>0x4</size>
         <input_file_ref idref="fl-168"/>
      </object_component>
      <object_component id="oc-1f5">
         <name>.text:I2CMasterDataPut</name>
         <load_address>0x3f4a</load_address>
         <run_address>0x3f4a</run_address>
         <size>0x4</size>
         <input_file_ref idref="fl-168"/>
      </object_component>
      <object_component id="oc-325">
         <name>.const:.string:_ctypes_</name>
         <load_address>0x3f50</load_address>
         <run_address>0x3f50</run_address>
         <size>0x102</size>
         <input_file_ref idref="fl-154"/>
      </object_component>
      <object_component id="oc-265">
         <name>.const:g_pui32GPIOBaseAddrs</name>
         <load_address>0x4054</load_address>
         <run_address>0x4054</run_address>
         <size>0x90</size>
         <input_file_ref idref="fl-169"/>
      </object_component>
      <object_component id="oc-115">
         <name>.const</name>
         <load_address>0x40e4</load_address>
         <run_address>0x40e4</run_address>
         <size>0x70</size>
         <input_file_ref idref="fl-167"/>
      </object_component>
      <object_component id="oc-111">
         <name>.const:g_pui32Xtals</name>
         <load_address>0x4154</load_address>
         <run_address>0x4154</run_address>
         <size>0x6c</size>
         <input_file_ref idref="fl-166"/>
      </object_component>
      <object_component id="oc-37f">
         <name>.cinit..data.load</name>
         <load_address>0x41c0</load_address>
         <run_address>0x41c0</run_address>
         <size>0x41</size>
      </object_component>
      <object_component id="oc-37d">
         <name>__TI_handler_table</name>
         <load_address>0x4204</load_address>
         <run_address>0x4204</run_address>
         <size>0xc</size>
      </object_component>
      <object_component id="oc-380">
         <name>.cinit..bss.load</name>
         <load_address>0x4210</load_address>
         <run_address>0x4210</run_address>
         <size>0x8</size>
      </object_component>
      <object_component id="oc-37e">
         <name>__TI_cinit_table</name>
         <load_address>0x4218</load_address>
         <run_address>0x4218</run_address>
         <size>0x10</size>
      </object_component>
      <object_component id="oc-3a">
         <name>.data</name>
         <load_address>0x2000096c</load_address>
         <run_address>0x2000096c</run_address>
         <size>0x4</size>
         <input_file_ref idref="fl-145"/>
      </object_component>
      <object_component id="oc-75">
         <name>.data</name>
         <load_address>0x20000948</load_address>
         <run_address>0x20000948</run_address>
         <size>0x8</size>
         <input_file_ref idref="fl-14e"/>
      </object_component>
      <object_component id="oc-77">
         <name>.data</name>
         <load_address>0x20000950</load_address>
         <run_address>0x20000950</run_address>
         <size>0x8</size>
         <input_file_ref idref="fl-13b"/>
      </object_component>
      <object_component id="oc-155">
         <name>.data</name>
         <load_address>0x20000930</load_address>
         <run_address>0x20000930</run_address>
         <size>0xc</size>
         <input_file_ref idref="fl-4"/>
      </object_component>
      <object_component id="oc-171">
         <name>.data</name>
         <load_address>0x2000093c</load_address>
         <run_address>0x2000093c</run_address>
         <size>0x4</size>
         <input_file_ref idref="fl-6"/>
      </object_component>
      <object_component id="oc-1b3">
         <name>.data</name>
         <load_address>0x20000940</load_address>
         <run_address>0x20000940</run_address>
         <size>0x8</size>
         <input_file_ref idref="fl-9"/>
      </object_component>
      <object_component id="oc-210">
         <name>.data</name>
         <load_address>0x20000960</load_address>
         <run_address>0x20000960</run_address>
         <size>0x8</size>
         <input_file_ref idref="fl-2"/>
      </object_component>
      <object_component id="oc-241">
         <name>.data</name>
         <load_address>0x200008b0</load_address>
         <run_address>0x200008b0</run_address>
         <size>0x80</size>
         <input_file_ref idref="fl-14d"/>
      </object_component>
      <object_component id="oc-2a9">
         <name>.data</name>
         <load_address>0x20000968</load_address>
         <run_address>0x20000968</run_address>
         <size>0x4</size>
         <input_file_ref idref="fl-155"/>
      </object_component>
      <object_component id="oc-30f">
         <name>.data</name>
         <load_address>0x20000958</load_address>
         <run_address>0x20000958</run_address>
         <size>0x8</size>
         <input_file_ref idref="fl-157"/>
      </object_component>
      <object_component id="oc-34e">
         <name>.data:sigtable</name>
         <load_address>0x20000800</load_address>
         <run_address>0x20000800</run_address>
         <size>0xb0</size>
         <input_file_ref idref="fl-15d"/>
      </object_component>
      <object_component id="oc-143">
         <name>.common:bits</name>
         <uninitialized>true</uninitialized>
         <run_address>0x20000984</run_address>
         <size>0x8</size>
      </object_component>
      <object_component id="oc-15b">
         <name>.common:ui64Value</name>
         <uninitialized>true</uninitialized>
         <run_address>0x20000998</run_address>
         <size>0x8</size>
      </object_component>
      <object_component id="oc-15c">
         <name>.common:orvalho</name>
         <uninitialized>true</uninitialized>
         <run_address>0x20000990</run_address>
         <size>0x8</size>
      </object_component>
      <object_component id="oc-eb">
         <name>.common:tmp</name>
         <uninitialized>true</uninitialized>
         <run_address>0x20000970</run_address>
         <size>0x14</size>
      </object_component>
      <object_component id="oc-23">
         <name>.stack</name>
         <uninitialized>true</uninitialized>
         <run_address>0x20000000</run_address>
         <size>0x0</size>
         <input_file_ref idref="fl-137"/>
      </object_component>
      <object_component id="oc-381">
         <name>.stack</name>
         <uninitialized>true</uninitialized>
         <run_address>0x20000000</run_address>
         <size>0x0</size>
      </object_component>
      <object_component id="oc-f">
         <name>.debug_info</name>
         <load_address>0x0</load_address>
         <run_address>0x0</run_address>
         <size>0xe8</size>
         <input_file_ref idref="fl-3"/>
      </object_component>
      <object_component id="oc-11">
         <name>.debug_info</name>
         <load_address>0xe8</load_address>
         <run_address>0xe8</run_address>
         <size>0xf3</size>
         <input_file_ref idref="fl-137"/>
      </object_component>
      <object_component id="oc-16">
         <name>.debug_info</name>
         <load_address>0x1db</load_address>
         <run_address>0x1db</run_address>
         <size>0x194</size>
         <input_file_ref idref="fl-138"/>
      </object_component>
      <object_component id="oc-1a">
         <name>.debug_info</name>
         <load_address>0x36f</load_address>
         <run_address>0x36f</run_address>
         <size>0x16a</size>
         <input_file_ref idref="fl-13a"/>
      </object_component>
      <object_component id="oc-20">
         <name>.debug_info</name>
         <load_address>0x4d9</load_address>
         <run_address>0x4d9</run_address>
         <size>0x18e</size>
         <input_file_ref idref="fl-139"/>
      </object_component>
      <object_component id="oc-25">
         <name>.debug_info</name>
         <load_address>0x667</load_address>
         <run_address>0x667</run_address>
         <size>0x264</size>
         <input_file_ref idref="fl-3"/>
      </object_component>
      <object_component id="oc-2b">
         <name>.debug_info</name>
         <load_address>0x8cb</load_address>
         <run_address>0x8cb</run_address>
         <size>0xfd</size>
         <input_file_ref idref="fl-3"/>
      </object_component>
      <object_component id="oc-2d">
         <name>.debug_info</name>
         <load_address>0x9c8</load_address>
         <run_address>0x9c8</run_address>
         <size>0x13d</size>
         <input_file_ref idref="fl-152"/>
      </object_component>
      <object_component id="oc-31">
         <name>.debug_info</name>
         <load_address>0xb05</load_address>
         <run_address>0xb05</run_address>
         <size>0x11c</size>
         <input_file_ref idref="fl-150"/>
      </object_component>
      <object_component id="oc-36">
         <name>.debug_info</name>
         <load_address>0xc21</load_address>
         <run_address>0xc21</run_address>
         <size>0x1c2</size>
         <input_file_ref idref="fl-13b"/>
      </object_component>
      <object_component id="oc-3b">
         <name>.debug_info</name>
         <load_address>0xde3</load_address>
         <run_address>0xde3</run_address>
         <size>0xbe</size>
         <input_file_ref idref="fl-145"/>
      </object_component>
      <object_component id="oc-3f">
         <name>.debug_info</name>
         <load_address>0xea1</load_address>
         <run_address>0xea1</run_address>
         <size>0xcc</size>
         <input_file_ref idref="fl-142"/>
      </object_component>
      <object_component id="oc-42">
         <name>.debug_info</name>
         <load_address>0xf6d</load_address>
         <run_address>0xf6d</run_address>
         <size>0x46</size>
         <input_file_ref idref="fl-138"/>
      </object_component>
      <object_component id="oc-47">
         <name>.debug_info</name>
         <load_address>0xfb3</load_address>
         <run_address>0xfb3</run_address>
         <size>0xf2</size>
         <input_file_ref idref="fl-138"/>
      </object_component>
      <object_component id="oc-49">
         <name>.debug_info</name>
         <load_address>0x10a5</load_address>
         <run_address>0x10a5</run_address>
         <size>0x46</size>
         <input_file_ref idref="fl-13a"/>
      </object_component>
      <object_component id="oc-4e">
         <name>.debug_info</name>
         <load_address>0x10eb</load_address>
         <run_address>0x10eb</run_address>
         <size>0xad</size>
         <input_file_ref idref="fl-13a"/>
      </object_component>
      <object_component id="oc-53">
         <name>.debug_info</name>
         <load_address>0x1198</load_address>
         <run_address>0x1198</run_address>
         <size>0x1ef</size>
         <input_file_ref idref="fl-139"/>
      </object_component>
      <object_component id="oc-55">
         <name>.debug_info</name>
         <load_address>0x1387</load_address>
         <run_address>0x1387</run_address>
         <size>0xb7</size>
         <input_file_ref idref="fl-139"/>
      </object_component>
      <object_component id="oc-56">
         <name>.debug_info</name>
         <load_address>0x143e</load_address>
         <run_address>0x143e</run_address>
         <size>0x39</size>
         <input_file_ref idref="fl-139"/>
      </object_component>
      <object_component id="oc-5e">
         <name>.debug_info</name>
         <load_address>0x1477</load_address>
         <run_address>0x1477</run_address>
         <size>0x18b</size>
         <input_file_ref idref="fl-2"/>
      </object_component>
      <object_component id="oc-67">
         <name>.debug_info</name>
         <load_address>0x1602</load_address>
         <run_address>0x1602</run_address>
         <size>0x14b</size>
         <input_file_ref idref="fl-153"/>
      </object_component>
      <object_component id="oc-6a">
         <name>.debug_info</name>
         <load_address>0x174d</load_address>
         <run_address>0x174d</run_address>
         <size>0x42b</size>
         <input_file_ref idref="fl-5"/>
      </object_component>
      <object_component id="oc-6f">
         <name>.debug_info</name>
         <load_address>0x1b78</load_address>
         <run_address>0x1b78</run_address>
         <size>0x84</size>
         <input_file_ref idref="fl-2"/>
      </object_component>
      <object_component id="oc-74">
         <name>.debug_info</name>
         <load_address>0x1bfc</load_address>
         <run_address>0x1bfc</run_address>
         <size>0x11b</size>
         <input_file_ref idref="fl-150"/>
      </object_component>
      <object_component id="oc-76">
         <name>.debug_info</name>
         <load_address>0x1d17</load_address>
         <run_address>0x1d17</run_address>
         <size>0xc8</size>
         <input_file_ref idref="fl-14e"/>
      </object_component>
      <object_component id="oc-78">
         <name>.debug_info</name>
         <load_address>0x1ddf</load_address>
         <run_address>0x1ddf</run_address>
         <size>0xeb</size>
         <input_file_ref idref="fl-13b"/>
      </object_component>
      <object_component id="oc-7a">
         <name>.debug_info</name>
         <load_address>0x1eca</load_address>
         <run_address>0x1eca</run_address>
         <size>0x146</size>
         <input_file_ref idref="fl-13b"/>
      </object_component>
      <object_component id="oc-7e">
         <name>.debug_info</name>
         <load_address>0x2010</load_address>
         <run_address>0x2010</run_address>
         <size>0x2c</size>
         <input_file_ref idref="fl-138"/>
      </object_component>
      <object_component id="oc-85">
         <name>.debug_info</name>
         <load_address>0x203c</load_address>
         <run_address>0x203c</run_address>
         <size>0x2c</size>
         <input_file_ref idref="fl-6"/>
      </object_component>
      <object_component id="oc-90">
         <name>.debug_info</name>
         <load_address>0x2068</load_address>
         <run_address>0x2068</run_address>
         <size>0x148</size>
         <input_file_ref idref="fl-153"/>
      </object_component>
      <object_component id="oc-92">
         <name>.debug_info</name>
         <load_address>0x21b0</load_address>
         <run_address>0x21b0</run_address>
         <size>0x1e1</size>
         <input_file_ref idref="fl-166"/>
      </object_component>
      <object_component id="oc-97">
         <name>.debug_info</name>
         <load_address>0x2391</load_address>
         <run_address>0x2391</run_address>
         <size>0x1f0</size>
         <input_file_ref idref="fl-164"/>
      </object_component>
      <object_component id="oc-9d">
         <name>.debug_info</name>
         <load_address>0x2581</load_address>
         <run_address>0x2581</run_address>
         <size>0x219</size>
         <input_file_ref idref="fl-166"/>
      </object_component>
      <object_component id="oc-a1">
         <name>.debug_info</name>
         <load_address>0x279a</load_address>
         <run_address>0x279a</run_address>
         <size>0x21e</size>
         <input_file_ref idref="fl-164"/>
      </object_component>
      <object_component id="oc-a6">
         <name>.debug_info</name>
         <load_address>0x29b8</load_address>
         <run_address>0x29b8</run_address>
         <size>0x1cc</size>
         <input_file_ref idref="fl-167"/>
      </object_component>
      <object_component id="oc-ab">
         <name>.debug_info</name>
         <load_address>0x2b84</load_address>
         <run_address>0x2b84</run_address>
         <size>0x1f8</size>
         <input_file_ref idref="fl-164"/>
      </object_component>
      <object_component id="oc-b1">
         <name>.debug_info</name>
         <load_address>0x2d7c</load_address>
         <run_address>0x2d7c</run_address>
         <size>0x1c5</size>
         <input_file_ref idref="fl-165"/>
      </object_component>
      <object_component id="oc-b6">
         <name>.debug_info</name>
         <load_address>0x2f41</load_address>
         <run_address>0x2f41</run_address>
         <size>0x185</size>
         <input_file_ref idref="fl-165"/>
      </object_component>
      <object_component id="oc-bb">
         <name>.debug_info</name>
         <load_address>0x30c6</load_address>
         <run_address>0x30c6</run_address>
         <size>0x18b</size>
         <input_file_ref idref="fl-165"/>
      </object_component>
      <object_component id="oc-bf">
         <name>.debug_info</name>
         <load_address>0x3251</load_address>
         <run_address>0x3251</run_address>
         <size>0x1a2</size>
         <input_file_ref idref="fl-167"/>
      </object_component>
      <object_component id="oc-c4">
         <name>.debug_info</name>
         <load_address>0x33f3</load_address>
         <run_address>0x33f3</run_address>
         <size>0x1e3</size>
         <input_file_ref idref="fl-164"/>
      </object_component>
      <object_component id="oc-ca">
         <name>.debug_info</name>
         <load_address>0x35d6</load_address>
         <run_address>0x35d6</run_address>
         <size>0x363</size>
         <input_file_ref idref="fl-166"/>
      </object_component>
      <object_component id="oc-cf">
         <name>.debug_info</name>
         <load_address>0x3939</load_address>
         <run_address>0x3939</run_address>
         <size>0x5be</size>
         <input_file_ref idref="fl-4"/>
      </object_component>
      <object_component id="oc-d5">
         <name>.debug_info</name>
         <load_address>0x3ef7</load_address>
         <run_address>0x3ef7</run_address>
         <size>0x914</size>
         <input_file_ref idref="fl-6"/>
      </object_component>
      <object_component id="oc-da">
         <name>.debug_info</name>
         <load_address>0x480b</load_address>
         <run_address>0x480b</run_address>
         <size>0x3f8</size>
         <input_file_ref idref="fl-9"/>
      </object_component>
      <object_component id="oc-dd">
         <name>.debug_info</name>
         <load_address>0x4c03</load_address>
         <run_address>0x4c03</run_address>
         <size>0x43f</size>
         <input_file_ref idref="fl-8"/>
      </object_component>
      <object_component id="oc-e3">
         <name>.debug_info</name>
         <load_address>0x5042</load_address>
         <run_address>0x5042</run_address>
         <size>0x14c4</size>
         <input_file_ref idref="fl-7"/>
      </object_component>
      <object_component id="oc-e7">
         <name>.debug_info</name>
         <load_address>0x6506</load_address>
         <run_address>0x6506</run_address>
         <size>0x25c</size>
         <input_file_ref idref="fl-2"/>
      </object_component>
      <object_component id="oc-ec">
         <name>.debug_info</name>
         <load_address>0x6762</load_address>
         <run_address>0x6762</run_address>
         <size>0x4c9</size>
         <input_file_ref idref="fl-5"/>
      </object_component>
      <object_component id="oc-f0">
         <name>.debug_info</name>
         <load_address>0x6c2b</load_address>
         <run_address>0x6c2b</run_address>
         <size>0x5e</size>
         <input_file_ref idref="fl-150"/>
      </object_component>
      <object_component id="oc-f6">
         <name>.debug_info</name>
         <load_address>0x6c89</load_address>
         <run_address>0x6c89</run_address>
         <size>0x1d4</size>
         <input_file_ref idref="fl-14e"/>
      </object_component>
      <object_component id="oc-fc">
         <name>.debug_info</name>
         <load_address>0x6e5d</load_address>
         <run_address>0x6e5d</run_address>
         <size>0xd9</size>
         <input_file_ref idref="fl-14e"/>
      </object_component>
      <object_component id="oc-103">
         <name>.debug_info</name>
         <load_address>0x6f36</load_address>
         <run_address>0x6f36</run_address>
         <size>0xcd</size>
         <input_file_ref idref="fl-153"/>
      </object_component>
      <object_component id="oc-109">
         <name>.debug_info</name>
         <load_address>0x7003</load_address>
         <run_address>0x7003</run_address>
         <size>0x18b</size>
         <input_file_ref idref="fl-163"/>
      </object_component>
      <object_component id="oc-10e">
         <name>.debug_info</name>
         <load_address>0x718e</load_address>
         <run_address>0x718e</run_address>
         <size>0x226</size>
         <input_file_ref idref="fl-166"/>
      </object_component>
      <object_component id="oc-110">
         <name>.debug_info</name>
         <load_address>0x73b4</load_address>
         <run_address>0x73b4</run_address>
         <size>0x1cf</size>
         <input_file_ref idref="fl-164"/>
      </object_component>
      <object_component id="oc-112">
         <name>.debug_info</name>
         <load_address>0x7583</load_address>
         <run_address>0x7583</run_address>
         <size>0xff</size>
         <input_file_ref idref="fl-166"/>
      </object_component>
      <object_component id="oc-116">
         <name>.debug_info</name>
         <load_address>0x7682</load_address>
         <run_address>0x7682</run_address>
         <size>0x1c2</size>
         <input_file_ref idref="fl-167"/>
      </object_component>
      <object_component id="oc-118">
         <name>.debug_info</name>
         <load_address>0x7844</load_address>
         <run_address>0x7844</run_address>
         <size>0x1ba</size>
         <input_file_ref idref="fl-167"/>
      </object_component>
      <object_component id="oc-11b">
         <name>.debug_info</name>
         <load_address>0x79fe</load_address>
         <run_address>0x79fe</run_address>
         <size>0x144</size>
         <input_file_ref idref="fl-165"/>
      </object_component>
      <object_component id="oc-120">
         <name>.debug_info</name>
         <load_address>0x7b42</load_address>
         <run_address>0x7b42</run_address>
         <size>0x176</size>
         <input_file_ref idref="fl-16a"/>
      </object_component>
      <object_component id="oc-124">
         <name>.debug_info</name>
         <load_address>0x7cb8</load_address>
         <run_address>0x7cb8</run_address>
         <size>0x90</size>
         <input_file_ref idref="fl-163"/>
      </object_component>
      <object_component id="oc-12e">
         <name>.debug_info</name>
         <load_address>0x7d48</load_address>
         <run_address>0x7d48</run_address>
         <size>0x312</size>
         <input_file_ref idref="fl-169"/>
      </object_component>
      <object_component id="oc-133">
         <name>.debug_info</name>
         <load_address>0x805a</load_address>
         <run_address>0x805a</run_address>
         <size>0x217</size>
         <input_file_ref idref="fl-169"/>
      </object_component>
      <object_component id="oc-138">
         <name>.debug_info</name>
         <load_address>0x8271</load_address>
         <run_address>0x8271</run_address>
         <size>0x207</size>
         <input_file_ref idref="fl-169"/>
      </object_component>
      <object_component id="oc-13c">
         <name>.debug_info</name>
         <load_address>0x8478</load_address>
         <run_address>0x8478</run_address>
         <size>0x1df</size>
         <input_file_ref idref="fl-169"/>
      </object_component>
      <object_component id="oc-141">
         <name>.debug_info</name>
         <load_address>0x8657</load_address>
         <run_address>0x8657</run_address>
         <size>0x290</size>
         <input_file_ref idref="fl-4"/>
      </object_component>
      <object_component id="oc-146">
         <name>.debug_info</name>
         <load_address>0x88e7</load_address>
         <run_address>0x88e7</run_address>
         <size>0xdf</size>
         <input_file_ref idref="fl-141"/>
      </object_component>
      <object_component id="oc-14b">
         <name>.debug_info</name>
         <load_address>0x89c6</load_address>
         <run_address>0x89c6</run_address>
         <size>0x237</size>
         <input_file_ref idref="fl-144"/>
      </object_component>
      <object_component id="oc-150">
         <name>.debug_info</name>
         <load_address>0x8bfd</load_address>
         <run_address>0x8bfd</run_address>
         <size>0xff</size>
         <input_file_ref idref="fl-13c"/>
      </object_component>
      <object_component id="oc-153">
         <name>.debug_info</name>
         <load_address>0x8cfc</load_address>
         <run_address>0x8cfc</run_address>
         <size>0xed</size>
         <input_file_ref idref="fl-13f"/>
      </object_component>
      <object_component id="oc-156">
         <name>.debug_info</name>
         <load_address>0x8de9</load_address>
         <run_address>0x8de9</run_address>
         <size>0x103</size>
         <input_file_ref idref="fl-4"/>
      </object_component>
      <object_component id="oc-15a">
         <name>.debug_info</name>
         <load_address>0x8eec</load_address>
         <run_address>0x8eec</run_address>
         <size>0xdb</size>
         <input_file_ref idref="fl-13d"/>
      </object_component>
      <object_component id="oc-15f">
         <name>.debug_info</name>
         <load_address>0x8fc7</load_address>
         <run_address>0x8fc7</run_address>
         <size>0x1eb</size>
         <input_file_ref idref="fl-169"/>
      </object_component>
      <object_component id="oc-164">
         <name>.debug_info</name>
         <load_address>0x91b2</load_address>
         <run_address>0x91b2</run_address>
         <size>0x137</size>
         <input_file_ref idref="fl-148"/>
      </object_component>
      <object_component id="oc-168">
         <name>.debug_info</name>
         <load_address>0x92e9</load_address>
         <run_address>0x92e9</run_address>
         <size>0x169</size>
         <input_file_ref idref="fl-147"/>
      </object_component>
      <object_component id="oc-16d">
         <name>.debug_info</name>
         <load_address>0x9452</load_address>
         <run_address>0x9452</run_address>
         <size>0x189</size>
         <input_file_ref idref="fl-146"/>
      </object_component>
      <object_component id="oc-172">
         <name>.debug_info</name>
         <load_address>0x95db</load_address>
         <run_address>0x95db</run_address>
         <size>0xc9</size>
         <input_file_ref idref="fl-6"/>
      </object_component>
      <object_component id="oc-174">
         <name>.debug_info</name>
         <load_address>0x96a4</load_address>
         <run_address>0x96a4</run_address>
         <size>0x208</size>
         <input_file_ref idref="fl-6"/>
      </object_component>
      <object_component id="oc-176">
         <name>.debug_info</name>
         <load_address>0x98ac</load_address>
         <run_address>0x98ac</run_address>
         <size>0x1dd</size>
         <input_file_ref idref="fl-169"/>
      </object_component>
      <object_component id="oc-17b">
         <name>.debug_info</name>
         <load_address>0x9a89</load_address>
         <run_address>0x9a89</run_address>
         <size>0x2b4</size>
         <input_file_ref idref="fl-16b"/>
      </object_component>
      <object_component id="oc-180">
         <name>.debug_info</name>
         <load_address>0x9d3d</load_address>
         <run_address>0x9d3d</run_address>
         <size>0x206</size>
         <input_file_ref idref="fl-16b"/>
      </object_component>
      <object_component id="oc-185">
         <name>.debug_info</name>
         <load_address>0x9f43</load_address>
         <run_address>0x9f43</run_address>
         <size>0x28a</size>
         <input_file_ref idref="fl-16b"/>
      </object_component>
      <object_component id="oc-18a">
         <name>.debug_info</name>
         <load_address>0xa1cd</load_address>
         <run_address>0xa1cd</run_address>
         <size>0x297</size>
         <input_file_ref idref="fl-16b"/>
      </object_component>
      <object_component id="oc-18f">
         <name>.debug_info</name>
         <load_address>0xa464</load_address>
         <run_address>0xa464</run_address>
         <size>0x204</size>
         <input_file_ref idref="fl-16b"/>
      </object_component>
      <object_component id="oc-194">
         <name>.debug_info</name>
         <load_address>0xa668</load_address>
         <run_address>0xa668</run_address>
         <size>0x1f8</size>
         <input_file_ref idref="fl-16b"/>
      </object_component>
      <object_component id="oc-199">
         <name>.debug_info</name>
         <load_address>0xa860</load_address>
         <run_address>0xa860</run_address>
         <size>0x208</size>
         <input_file_ref idref="fl-16b"/>
      </object_component>
      <object_component id="oc-19e">
         <name>.debug_info</name>
         <load_address>0xaa68</load_address>
         <run_address>0xaa68</run_address>
         <size>0x245</size>
         <input_file_ref idref="fl-16b"/>
      </object_component>
      <object_component id="oc-1a3">
         <name>.debug_info</name>
         <load_address>0xacad</load_address>
         <run_address>0xacad</run_address>
         <size>0x2fb</size>
         <input_file_ref idref="fl-16b"/>
      </object_component>
      <object_component id="oc-1aa">
         <name>.debug_info</name>
         <load_address>0xafa8</load_address>
         <run_address>0xafa8</run_address>
         <size>0xe1</size>
         <input_file_ref idref="fl-149"/>
      </object_component>
      <object_component id="oc-1ac">
         <name>.debug_info</name>
         <load_address>0xb089</load_address>
         <run_address>0xb089</run_address>
         <size>0xed</size>
         <input_file_ref idref="fl-13e"/>
      </object_component>
      <object_component id="oc-1b2">
         <name>.debug_info</name>
         <load_address>0xb176</load_address>
         <run_address>0xb176</run_address>
         <size>0xec</size>
         <input_file_ref idref="fl-140"/>
      </object_component>
      <object_component id="oc-1b4">
         <name>.debug_info</name>
         <load_address>0xb262</load_address>
         <run_address>0xb262</run_address>
         <size>0xc8</size>
         <input_file_ref idref="fl-9"/>
      </object_component>
      <object_component id="oc-1b6">
         <name>.debug_info</name>
         <load_address>0xb32a</load_address>
         <run_address>0xb32a</run_address>
         <size>0x3a5</size>
         <input_file_ref idref="fl-9"/>
      </object_component>
      <object_component id="oc-1b8">
         <name>.debug_info</name>
         <load_address>0xb6cf</load_address>
         <run_address>0xb6cf</run_address>
         <size>0x1e4</size>
         <input_file_ref idref="fl-169"/>
      </object_component>
      <object_component id="oc-1be">
         <name>.debug_info</name>
         <load_address>0xb8b3</load_address>
         <run_address>0xb8b3</run_address>
         <size>0x1df</size>
         <input_file_ref idref="fl-169"/>
      </object_component>
      <object_component id="oc-1c2">
         <name>.debug_info</name>
         <load_address>0xba92</load_address>
         <run_address>0xba92</run_address>
         <size>0x28a</size>
         <input_file_ref idref="fl-163"/>
      </object_component>
      <object_component id="oc-1c8">
         <name>.debug_info</name>
         <load_address>0xbd1c</load_address>
         <run_address>0xbd1c</run_address>
         <size>0x2b5</size>
         <input_file_ref idref="fl-143"/>
      </object_component>
      <object_component id="oc-1cc">
         <name>.debug_info</name>
         <load_address>0xbfd1</load_address>
         <run_address>0xbfd1</run_address>
         <size>0x25d</size>
         <input_file_ref idref="fl-163"/>
      </object_component>
      <object_component id="oc-1d1">
         <name>.debug_info</name>
         <load_address>0xc22e</load_address>
         <run_address>0xc22e</run_address>
         <size>0x237</size>
         <input_file_ref idref="fl-163"/>
      </object_component>
      <object_component id="oc-1d6">
         <name>.debug_info</name>
         <load_address>0xc465</load_address>
         <run_address>0xc465</run_address>
         <size>0x1b7</size>
         <input_file_ref idref="fl-163"/>
      </object_component>
      <object_component id="oc-1db">
         <name>.debug_info</name>
         <load_address>0xc61c</load_address>
         <run_address>0xc61c</run_address>
         <size>0x2a6</size>
         <input_file_ref idref="fl-8"/>
      </object_component>
      <object_component id="oc-1e0">
         <name>.debug_info</name>
         <load_address>0xc8c2</load_address>
         <run_address>0xc8c2</run_address>
         <size>0x24c</size>
         <input_file_ref idref="fl-168"/>
      </object_component>
      <object_component id="oc-1e2">
         <name>.debug_info</name>
         <load_address>0xcb0e</load_address>
         <run_address>0xcb0e</run_address>
         <size>0x1e3</size>
         <input_file_ref idref="fl-169"/>
      </object_component>
      <object_component id="oc-1e7">
         <name>.debug_info</name>
         <load_address>0xccf1</load_address>
         <run_address>0xccf1</run_address>
         <size>0x1dd</size>
         <input_file_ref idref="fl-169"/>
      </object_component>
      <object_component id="oc-1ef">
         <name>.debug_info</name>
         <load_address>0xcece</load_address>
         <run_address>0xcece</run_address>
         <size>0x1b2</size>
         <input_file_ref idref="fl-168"/>
      </object_component>
      <object_component id="oc-1f4">
         <name>.debug_info</name>
         <load_address>0xd080</load_address>
         <run_address>0xd080</run_address>
         <size>0x232</size>
         <input_file_ref idref="fl-168"/>
      </object_component>
      <object_component id="oc-1f9">
         <name>.debug_info</name>
         <load_address>0xd2b2</load_address>
         <run_address>0xd2b2</run_address>
         <size>0x1e2</size>
         <input_file_ref idref="fl-168"/>
      </object_component>
      <object_component id="oc-1fe">
         <name>.debug_info</name>
         <load_address>0xd494</load_address>
         <run_address>0xd494</run_address>
         <size>0x1e2</size>
         <input_file_ref idref="fl-168"/>
      </object_component>
      <object_component id="oc-203">
         <name>.debug_info</name>
         <load_address>0xd676</load_address>
         <run_address>0xd676</run_address>
         <size>0x1b8</size>
         <input_file_ref idref="fl-168"/>
      </object_component>
      <object_component id="oc-205">
         <name>.debug_info</name>
         <load_address>0xd82e</load_address>
         <run_address>0xd82e</run_address>
         <size>0x39f</size>
         <input_file_ref idref="fl-7"/>
      </object_component>
      <object_component id="oc-206">
         <name>.debug_info</name>
         <load_address>0xdbcd</load_address>
         <run_address>0xdbcd</run_address>
         <size>0xcd</size>
         <input_file_ref idref="fl-5"/>
      </object_component>
      <object_component id="oc-20b">
         <name>.debug_info</name>
         <load_address>0xdc9a</load_address>
         <run_address>0xdc9a</run_address>
         <size>0x2c</size>
         <input_file_ref idref="fl-2"/>
      </object_component>
      <object_component id="oc-211">
         <name>.debug_info</name>
         <load_address>0xdcc6</load_address>
         <run_address>0xdcc6</run_address>
         <size>0xc9</size>
         <input_file_ref idref="fl-2"/>
      </object_component>
      <object_component id="oc-21a">
         <name>.debug_info</name>
         <load_address>0xdd8f</load_address>
         <run_address>0xdd8f</run_address>
         <size>0x5f</size>
         <input_file_ref idref="fl-166"/>
      </object_component>
      <object_component id="oc-22b">
         <name>.debug_info</name>
         <load_address>0xddee</load_address>
         <run_address>0xddee</run_address>
         <size>0x1d7</size>
         <input_file_ref idref="fl-169"/>
      </object_component>
      <object_component id="oc-236">
         <name>.debug_info</name>
         <load_address>0xdfc5</load_address>
         <run_address>0xdfc5</run_address>
         <size>0x147</size>
         <input_file_ref idref="fl-14b"/>
      </object_component>
      <object_component id="oc-239">
         <name>.debug_info</name>
         <load_address>0xe10c</load_address>
         <run_address>0xe10c</run_address>
         <size>0x172</size>
         <input_file_ref idref="fl-14a"/>
      </object_component>
      <object_component id="oc-23d">
         <name>.debug_info</name>
         <load_address>0xe27e</load_address>
         <run_address>0xe27e</run_address>
         <size>0x127</size>
         <input_file_ref idref="fl-14c"/>
      </object_component>
      <object_component id="oc-242">
         <name>.debug_info</name>
         <load_address>0xe3a5</load_address>
         <run_address>0xe3a5</run_address>
         <size>0x189</size>
         <input_file_ref idref="fl-14d"/>
      </object_component>
      <object_component id="oc-24c">
         <name>.debug_info</name>
         <load_address>0xe52e</load_address>
         <run_address>0xe52e</run_address>
         <size>0xaa</size>
         <input_file_ref idref="fl-147"/>
      </object_component>
      <object_component id="oc-24e">
         <name>.debug_info</name>
         <load_address>0xe5d8</load_address>
         <run_address>0xe5d8</run_address>
         <size>0xaa</size>
         <input_file_ref idref="fl-146"/>
      </object_component>
      <object_component id="oc-255">
         <name>.debug_info</name>
         <load_address>0xe682</load_address>
         <run_address>0xe682</run_address>
         <size>0x1a8</size>
         <input_file_ref idref="fl-16b"/>
      </object_component>
      <object_component id="oc-266">
         <name>.debug_info</name>
         <load_address>0xe82a</load_address>
         <run_address>0xe82a</run_address>
         <size>0x10d</size>
         <input_file_ref idref="fl-169"/>
      </object_component>
      <object_component id="oc-26a">
         <name>.debug_info</name>
         <load_address>0xe937</load_address>
         <run_address>0xe937</run_address>
         <size>0x233</size>
         <input_file_ref idref="fl-163"/>
      </object_component>
      <object_component id="oc-26f">
         <name>.debug_info</name>
         <load_address>0xeb6a</load_address>
         <run_address>0xeb6a</run_address>
         <size>0x1ab</size>
         <input_file_ref idref="fl-163"/>
      </object_component>
      <object_component id="oc-274">
         <name>.debug_info</name>
         <load_address>0xed15</load_address>
         <run_address>0xed15</run_address>
         <size>0x1ce</size>
         <input_file_ref idref="fl-163"/>
      </object_component>
      <object_component id="oc-277">
         <name>.debug_info</name>
         <load_address>0xeee3</load_address>
         <run_address>0xeee3</run_address>
         <size>0x12a0</size>
         <input_file_ref idref="fl-14f"/>
      </object_component>
      <object_component id="oc-27b">
         <name>.debug_info</name>
         <load_address>0x10183</load_address>
         <run_address>0x10183</run_address>
         <size>0x170</size>
         <input_file_ref idref="fl-143"/>
      </object_component>
      <object_component id="oc-27c">
         <name>.debug_info</name>
         <load_address>0x102f3</load_address>
         <run_address>0x102f3</run_address>
         <size>0x4e</size>
         <input_file_ref idref="fl-2"/>
      </object_component>
      <object_component id="oc-28a">
         <name>.debug_info</name>
         <load_address>0x10341</load_address>
         <run_address>0x10341</run_address>
         <size>0x1b2</size>
         <input_file_ref idref="fl-168"/>
      </object_component>
      <object_component id="oc-28c">
         <name>.debug_info</name>
         <load_address>0x104f3</load_address>
         <run_address>0x104f3</run_address>
         <size>0x1d8</size>
         <input_file_ref idref="fl-168"/>
      </object_component>
      <object_component id="oc-298">
         <name>.debug_info</name>
         <load_address>0x106cb</load_address>
         <run_address>0x106cb</run_address>
         <size>0x10f</size>
         <input_file_ref idref="fl-2"/>
      </object_component>
      <object_component id="oc-29c">
         <name>.debug_info</name>
         <load_address>0x107da</load_address>
         <run_address>0x107da</run_address>
         <size>0x121</size>
         <input_file_ref idref="fl-161"/>
      </object_component>
      <object_component id="oc-2a1">
         <name>.debug_info</name>
         <load_address>0x108fb</load_address>
         <run_address>0x108fb</run_address>
         <size>0xcf</size>
         <input_file_ref idref="fl-14b"/>
      </object_component>
      <object_component id="oc-2a3">
         <name>.debug_info</name>
         <load_address>0x109ca</load_address>
         <run_address>0x109ca</run_address>
         <size>0xe5</size>
         <input_file_ref idref="fl-14a"/>
      </object_component>
      <object_component id="oc-2a5">
         <name>.debug_info</name>
         <load_address>0x10aaf</load_address>
         <run_address>0x10aaf</run_address>
         <size>0x143</size>
         <input_file_ref idref="fl-157"/>
      </object_component>
      <object_component id="oc-2aa">
         <name>.debug_info</name>
         <load_address>0x10bf2</load_address>
         <run_address>0x10bf2</run_address>
         <size>0xaa</size>
         <input_file_ref idref="fl-155"/>
      </object_component>
      <object_component id="oc-2ae">
         <name>.debug_info</name>
         <load_address>0x10c9c</load_address>
         <run_address>0x10c9c</run_address>
         <size>0x86</size>
[...]
         <name>Bluetooth_EnviaValor</name>
         <value>0x3081</value>
         <object_component_ref idref="oc-dc"/>
      </symbol>
      <symbol id="sm-1cf">
         <name>ADC_Init</name>
         <value>0x2a11</value>
         <object_component_ref idref="oc-d7"/>
      </symbol>
      <symbol id="sm-1d0">
         <name>ADC_Read</name>
         <value>0x2a9d</value>
         <object_component_ref idref="oc-d7"/>
      </symbol>
      <symbol id="sm-1df">
         <name>_c_int00</name>
         <value>0x388d</value>
         <object_component_ref idref="oc-10"/>
      </symbol>
      <symbol id="sm-1e0">
         <name>__stack</name>
         <value>0x20000000</value>
         <object_component_ref idref="oc-23"/>
      </symbol>
      <symbol id="sm-1f6">
         <name>__TI_decompress_none</name>
         <value>0x3eaf</value>
         <object_component_ref idref="oc-14"/>
      </symbol>
      <symbol id="sm-218">
         <name>__TI_decompress_rle24</name>
         <value>0x3f3d</value>
         <object_component_ref idref="oc-1e"/>
      </symbol>
      <symbol id="sm-22b">
         <name>__TI_zero_init</name>
         <value>0x3e41</value>
         <object_component_ref idref="oc-19"/>
      </symbol>
      <symbol id="sm-247">
         <name>C$$EXIT</name>
         <value>0x3961</value>
         <object_component_ref idref="oc-35"/>
      </symbol>
      <symbol id="sm-248">
         <name>abort</name>
         <value>0x3965</value>
         <object_component_ref idref="oc-35"/>
      </symbol>
      <symbol id="sm-249">
         <name>exit</name>
         <value>0x396d</value>
         <object_component_ref idref="oc-35"/>
      </symbol>
      <symbol id="sm-24a">
         <name>__TI_dtors_ptr</name>
         <value>0x20000954</value>
         <object_component_ref idref="oc-77"/>
      </symbol>
      <symbol id="sm-24b">
         <name>__TI_cleanup_ptr</name>
         <value>0x20000950</value>
         <object_component_ref idref="oc-77"/>
      </symbol>
      <symbol id="sm-261">
         <name>__aeabi_dsub</name>
         <value>0x24a9</value>
         <object_component_ref idref="oc-14d"/>
      </symbol>
      <symbol id="sm-262">
         <name>__aeabi_dadd</name>
         <value>0x24b3</value>
         <object_component_ref idref="oc-14d"/>
      </symbol>
      <symbol id="sm-282">
         <name>__aeabi_cdcmpeq</name>
         <value>0x3389</value>
         <object_component_ref idref="oc-157"/>
      </symbol>
      <symbol id="sm-283">
         <name>__aeabi_cdcmple</name>
         <value>0x3389</value>
         <object_component_ref idref="oc-157"/>
      </symbol>
      <symbol id="sm-284">
         <name>__aeabi_cdrcmple</name>
         <value>0x3407</value>
         <object_component_ref idref="oc-2cc"/>
      </symbol>
      <symbol id="sm-297">
         <name>__aeabi_ddiv</name>
         <value>0x27a9</value>
         <object_component_ref idref="oc-1ab"/>
      </symbol>
      <symbol id="sm-2a1">
         <name>__aeabi_dmul</name>
         <value>0x2e5d</value>
         <object_component_ref idref="oc-151"/>
      </symbol>
      <symbol id="sm-2aa">
         <name>__aeabi_d2uiz</name>
         <value>0x39a5</value>
         <object_component_ref idref="oc-1af"/>
      </symbol>
      <symbol id="sm-2b3">
         <name>__aeabi_i2d</name>
         <value>0x3bf7</value>
         <object_component_ref idref="oc-144"/>
      </symbol>
      <symbol id="sm-2cd">
         <name>memcpy</name>
         <value>0x31d9</value>
         <object_component_ref idref="oc-3d"/>
      </symbol>
      <symbol id="sm-2ce">
         <name>__aeabi_memcpy</name>
         <value>0x31d9</value>
         <object_component_ref idref="oc-3d"/>
      </symbol>
      <symbol id="sm-2cf">
         <name>__aeabi_memcpy8</name>
         <value>0x31d9</value>
         <object_component_ref idref="oc-3d"/>
      </symbol>
      <symbol id="sm-2d0">
         <name>__aeabi_memcpy4</name>
         <value>0x31d9</value>
         <object_component_ref idref="oc-3d"/>
      </symbol>
      <symbol id="sm-2e8">
         <name>sprintf</name>
         <value>0x3639</value>
         <object_component_ref idref="oc-1c6"/>
      </symbol>
      <symbol id="sm-2fe">
         <name>sqrt</name>
         <value>0x2661</value>
         <object_component_ref idref="oc-148"/>
      </symbol>
      <symbol id="sm-305">
         <name>main_func_sp</name>
         <value>0x2000096c</value>
         <object_component_ref idref="oc-3a"/>
      </symbol>
      <symbol id="sm-314">
         <name>strcat</name>
         <value>0x3cf5</value>
         <object_component_ref idref="oc-16c"/>
      </symbol>
      <symbol id="sm-321">
         <name>strcpy</name>
         <value>0x3e75</value>
         <object_component_ref idref="oc-167"/>
      </symbol>
      <symbol id="sm-330">
         <name>__aeabi_uidivmod</name>
         <value>0x3a2d</value>
         <object_component_ref idref="oc-163"/>
      </symbol>
      <symbol id="sm-339">
         <name>__aeabi_ui2d</name>
         <value>0x3c7d</value>
         <object_component_ref idref="oc-1a7"/>
      </symbol>
      <symbol id="sm-353">
         <name>_Dscale</name>
         <value>0x2c49</value>
         <object_component_ref idref="oc-237"/>
      </symbol>
      <symbol id="sm-366">
         <name>_Dunscale</name>
         <value>0x3575</value>
         <object_component_ref idref="oc-232"/>
      </symbol>
      <symbol id="sm-374">
         <name>_Feraise</name>
         <value>0x3b99</value>
         <object_component_ref idref="oc-23c"/>
      </symbol>
      <symbol id="sm-383">
         <name>_Rteps</name>
         <value>0x20000910</value>
         <object_component_ref idref="oc-241"/>
      </symbol>
      <symbol id="sm-384">
         <name>_Zero</name>
         <value>0x20000928</value>
         <object_component_ref idref="oc-241"/>
      </symbol>
      <symbol id="sm-385">
         <name>_Hugeval</name>
         <value>0x200008d0</value>
         <object_component_ref idref="oc-241"/>
      </symbol>
      <symbol id="sm-386">
         <name>_Snan</name>
         <value>0x20000900</value>
         <object_component_ref idref="oc-241"/>
      </symbol>
      <symbol id="sm-387">
         <name>_Nan</name>
         <value>0x200008f0</value>
         <object_component_ref idref="oc-241"/>
      </symbol>
      <symbol id="sm-388">
         <name>_Inf</name>
         <value>0x200008e0</value>
         <object_component_ref idref="oc-241"/>
      </symbol>
      <symbol id="sm-389">
         <name>_Xbig</name>
         <value>0x20000920</value>
         <object_component_ref idref="oc-241"/>
      </symbol>
      <symbol id="sm-38a">
         <name>_Eps</name>
         <value>0x200008c0</value>
         <object_component_ref idref="oc-241"/>
      </symbol>
      <symbol id="sm-38b">
         <name>_Denorm</name>
         <value>0x200008b0</value>
         <object_component_ref idref="oc-241"/>
      </symbol>
      <symbol id="sm-3a1">
         <name>_nop</name>
         <value>0x3dbb</value>
         <object_component_ref idref="oc-f5"/>
      </symbol>
      <symbol id="sm-3a2">
         <name>_lock</name>
         <value>0x20000948</value>
         <object_component_ref idref="oc-75"/>
      </symbol>
      <symbol id="sm-3a3">
         <name>_unlock</name>
         <value>0x2000094c</value>
         <object_component_ref idref="oc-75"/>
      </symbol>
      <symbol id="sm-3a4">
         <name>_register_lock</name>
         <value>0x3db3</value>
         <object_component_ref idref="oc-f5"/>
      </symbol>
      <symbol id="sm-3a5">
         <name>_register_unlock</name>
         <value>0x3dad</value>
         <object_component_ref idref="oc-f5"/>
      </symbol>
      <symbol id="sm-48d">
         <name>__TI_printfi</name>
         <value>0xdef</value>
         <object_component_ref idref="oc-275"/>
      </symbol>
      <symbol id="sm-4a0">
         <name>_args_main</name>
         <value>0x3d29</value>
         <object_component_ref idref="oc-30"/>
      </symbol>
      <symbol id="sm-4b5">
         <name>atoi</name>
         <value>0x37b1</value>
         <object_component_ref idref="oc-2e7"/>
      </symbol>
      <symbol id="sm-4d1">
         <name>__TI_auto_init</name>
         <value>0x3275</value>
         <object_component_ref idref="oc-2c"/>
      </symbol>
      <symbol id="sm-4e9">
         <name>copy_in</name>
         <value>0x391d</value>
         <object_component_ref idref="oc-63"/>
      </symbol>
      <symbol id="sm-4f3">
         <name>_ctypes_</name>
         <value>0x3f50</value>
         <object_component_ref idref="oc-325"/>
      </symbol>
      <symbol id="sm-4fa">
         <name>_Errno</name>
         <value>0x20000968</value>
         <object_component_ref idref="oc-2a9"/>
      </symbol>
      <symbol id="sm-503">
         <name>__aeabi_d2iz</name>
         <value>0x38d5</value>
         <object_component_ref idref="oc-2d0"/>
      </symbol>
      <symbol id="sm-51e">
         <name>feraiseexcept</name>
         <value>0x3b65</value>
         <object_component_ref idref="oc-2a4"/>
      </symbol>
      <symbol id="sm-51f">
         <name>_Tls_setup__Fenv</name>
         <value>0x2000095c</value>
         <object_component_ref idref="oc-30f"/>
      </symbol>
      <symbol id="sm-520">
         <name>_Fenv</name>
         <value>0x20000958</value>
         <object_component_ref idref="oc-30f"/>
      </symbol>
      <symbol id="sm-528">
         <name>__aeabi_lmul</name>
         <value>0x3d41</value>
         <object_component_ref idref="oc-2c3"/>
      </symbol>
      <symbol id="sm-536">
         <name>ltoa</name>
         <value>0x3755</value>
         <object_component_ref idref="oc-2d4"/>
      </symbol>
      <symbol id="sm-545">
         <name>memccpy</name>
         <value>0x3cd9</value>
         <object_component_ref idref="oc-2e2"/>
      </symbol>
      <symbol id="sm-553">
         <name>__aeabi_memset</name>
         <value>0x3487</value>
         <object_component_ref idref="oc-2d9"/>
      </symbol>
      <symbol id="sm-554">
         <name>memset</name>
         <value>0x348d</value>
         <object_component_ref idref="oc-2d9"/>
      </symbol>
      <symbol id="sm-555">
         <name>__aeabi_memset8</name>
         <value>0x3487</value>
         <object_component_ref idref="oc-2d9"/>
      </symbol>
      <symbol id="sm-556">
         <name>__aeabi_memset4</name>
         <value>0x3487</value>
         <object_component_ref idref="oc-2d9"/>
      </symbol>
      <symbol id="sm-557">
         <name>__aeabi_memclr8</name>
         <value>0x3485</value>
         <object_component_ref idref="oc-2d9"/>
      </symbol>
      <symbol id="sm-558">
         <name>__aeabi_memclr4</name>
         <value>0x3485</value>
         <object_component_ref idref="oc-2d9"/>
      </symbol>
      <symbol id="sm-559">
         <name>__aeabi_memclr</name>
         <value>0x3485</value>
         <object_component_ref idref="oc-2d9"/>
      </symbol>
      <symbol id="sm-56c">
         <name>raise</name>
         <value>0x3c25</value>
         <object_component_ref idref="oc-30a"/>
      </symbol>
      <symbol id="sm-584">
         <name>signal</name>
         <value>0x3ab1</value>
         <object_component_ref idref="oc-332"/>
      </symbol>
      <symbol id="sm-591">
         <name>strlen</name>
         <value>0x3dc1</value>
         <object_component_ref idref="oc-2c7"/>
      </symbol>
      <symbol id="sm-5ac">
         <name>__aeabi_uldivmod</name>
         <value>0x22b5</value>
         <object_component_ref idref="oc-2bf"/>
      </symbol>
      <symbol id="sm-5b5">
         <name>_Dclass</name>
         <value>0x3e53</value>
         <object_component_ref idref="oc-2dd"/>
      </symbol>
      <symbol id="sm-5c9">
         <name>_Dnorm</name>
         <value>0x3115</value>
         <object_component_ref idref="oc-29b"/>
      </symbol>
      <symbol id="sm-5da">
         <name>_Dtest</name>
         <value>0x39e9</value>
         <object_component_ref idref="oc-31d"/>
      </symbol>
      <symbol id="sm-61f">
         <name>UARTConfigSetExpClk</name>
         <value>0x3a6f</value>
         <object_component_ref idref="oc-1c1"/>
      </symbol>
      <symbol id="sm-620">
         <name>UARTDisable</name>
         <value>0x3cbd</value>
         <object_component_ref idref="oc-269"/>
      </symbol>
      <symbol id="sm-621">
         <name>UARTCharsAvail</name>
         <value>0x3ec9</value>
         <object_component_ref idref="oc-1d5"/>
      </symbol>
      <symbol id="sm-622">
         <name>UARTCharPut</name>
         <value>0x3f09</value>
         <object_component_ref idref="oc-1cb"/>
      </symbol>
      <symbol id="sm-623">
         <name>UARTEnable</name>
         <value>0x3d99</value>
         <object_component_ref idref="oc-26e"/>
      </symbol>
      <symbol id="sm-624">
         <name>UARTCharGet</name>
         <value>0x3eff</value>
         <object_component_ref idref="oc-1d0"/>
      </symbol>
      <symbol id="sm-64b">
         <name>TimerLoadSet</name>
         <value>0x3e2f</value>
         <object_component_ref idref="oc-a0"/>
      </symbol>
      <symbol id="sm-64c">
         <name>TimerEnable</name>
         <value>0x3ea1</value>
         <object_component_ref idref="oc-c3"/>
      </symbol>
      <symbol id="sm-64d">
         <name>TimerIntEnable</name>
         <value>0x3f23</value>
         <object_component_ref idref="oc-aa"/>
      </symbol>
      <symbol id="sm-64e">
         <name>TimerConfigure</name>
         <value>0x36f9</value>
         <object_component_ref idref="oc-96"/>
      </symbol>
      <symbol id="sm-66e">
         <name>SysTickEnable</name>
         <value>0x3d71</value>
         <object_component_ref idref="oc-b4"/>
      </symbol>
      <symbol id="sm-66f">
         <name>SysTickIntEnable</name>
         <value>0x3d85</value>
         <object_component_ref idref="oc-b9"/>
      </symbol>
      <symbol id="sm-670">
         <name>SysTickPeriodSet</name>
         <value>0x3e65</value>
         <object_component_ref idref="oc-af"/>
      </symbol>
      <symbol id="sm-6c7">
         <name>SysCtlClockSet</name>
         <value>0x2f59</value>
         <object_component_ref idref="oc-c8"/>
      </symbol>
      <symbol id="sm-6c8">
         <name>SysCtlDelay</name>
         <value>0x3f37</value>
         <object_component_ref idref="oc-12a"/>
      </symbol>
      <symbol id="sm-6c9">
         <name>SysCtlPeripheralEnable</name>
         <value>0x3b31</value>
         <object_component_ref idref="oc-91"/>
      </symbol>
      <symbol id="sm-6ca">
         <name>SysCtlClockGet</name>
         <value>0x2b31</value>
         <object_component_ref idref="oc-9b"/>
      </symbol>
      <symbol id="sm-6f5">
         <name>IntEnable</name>
         <value>0x35d9</value>
         <object_component_ref idref="oc-a5"/>
      </symbol>
      <symbol id="sm-6f6">
         <name>IntMasterEnable</name>
         <value>0x3ef5</value>
         <object_component_ref idref="oc-be"/>
      </symbol>
      <symbol id="sm-730">
         <name>I2CMasterDataPut</name>
         <value>0x3f4b</value>
         <object_component_ref idref="oc-1f5"/>
      </symbol>
      <symbol id="sm-731">
         <name>I2CMasterInitExpClk</name>
         <value>0x3845</value>
         <object_component_ref idref="oc-1dc"/>
      </symbol>
      <symbol id="sm-732">
         <name>I2CMasterSlaveAddrSet</name>
         <value>0x3f1b</value>
         <object_component_ref idref="oc-1f0"/>
      </symbol>
      <symbol id="sm-733">
         <name>I2CMasterDataGet</name>
         <value>0x3f47</value>
         <object_component_ref idref="oc-1ff"/>
      </symbol>
      <symbol id="sm-734">
         <name>I2CMasterControl</name>
         <value>0x3f43</value>
         <object_component_ref idref="oc-1fa"/>
      </symbol>
      <symbol id="sm-735">
         <name>I2CMasterBusy</name>
         <value>0x3f13</value>
         <object_component_ref idref="oc-1eb"/>
      </symbol>
      <symbol id="sm-736">
         <name>I2CMasterEnable</name>
         <value>0x3eeb</value>
         <object_component_ref idref="oc-286"/>
      </symbol>
      <symbol id="sm-793">
         <name>GPIOPinConfigure</name>
         <value>0x37fd</value>
         <object_component_ref idref="oc-1b7"/>
      </symbol>
      <symbol id="sm-794">
         <name>GPIOPinTypeI2CSCL</name>
         <value>0x3e0b</value>
         <object_component_ref idref="oc-1e1"/>
      </symbol>
      <symbol id="sm-795">
         <name>GPIOPinTypeI2C</name>
         <value>0x3df9</value>
         <object_component_ref idref="oc-1e6"/>
      </symbol>
      <symbol id="sm-796">
         <name>GPIOPinTypeADC</name>
         <value>0x3de7</value>
         <object_component_ref idref="oc-175"/>
      </symbol>
      <symbol id="sm-797">
         <name>GPIOPinTypeUART</name>
         <value>0x3e1d</value>
         <object_component_ref idref="oc-1bc"/>
      </symbol>
      <symbol id="sm-798">
         <name>GPIOPinTypeGPIOOutput</name>
         <value>0x3d0f</value>
         <object_component_ref idref="oc-15e"/>
      </symbol>
      <symbol id="sm-799">
         <name>GPIOPinRead</name>
         <value>0x3f2b</value>
         <object_component_ref idref="oc-13b"/>
      </symbol>
      <symbol id="sm-79a">
         <name>GPIODirModeSet</name>
         <value>0x3c53</value>
         <object_component_ref idref="oc-131"/>
      </symbol>
      <symbol id="sm-79b">
         <name>GPIOPinWrite</name>
         <value>0x3f31</value>
         <object_component_ref idref="oc-136"/>
      </symbol>
      <symbol id="sm-79c">
         <name>GPIOPadConfigSet</name>
         <value>0x28df</value>
         <object_component_ref idref="oc-12c"/>
      </symbol>
      <symbol id="sm-7a5">
         <name>CPUcpsie</name>
         <value>0x3ebd</value>
         <object_component_ref idref="oc-11e"/>
      </symbol>
      <symbol id="sm-7fc">
         <name>ADCProcessorTrigger</name>
         <value>0x3d59</value>
         <object_component_ref idref="oc-198"/>
      </symbol>
      <symbol id="sm-7fd">
         <name>ADCSequenceEnable</name>
         <value>0x3e93</value>
         <object_component_ref idref="oc-18e"/>
      </symbol>
      <symbol id="sm-7fe">
         <name>ADCSequenceConfigure</name>
         <value>0x3af1</value>
         <object_component_ref idref="oc-184"/>
      </symbol>
      <symbol id="sm-7ff">
         <name>ADCSequenceStepConfigure</name>
         <value>0x3309</value>
         <object_component_ref idref="oc-189"/>
      </symbol>
      <symbol id="sm-800">
         <name>ADCIntClear</name>
         <value>0x3ee1</value>
         <object_component_ref idref="oc-193"/>
      </symbol>
      <symbol id="sm-801">
         <name>ADCHardwareOversampleConfigure</name>
         <value>0x3dd5</value>
         <object_component_ref idref="oc-17a"/>
      </symbol>
      <symbol id="sm-802">
         <name>ADCIntStatus</name>
         <value>0x3bc9</value>
         <object_component_ref idref="oc-19d"/>
      </symbol>
      <symbol id="sm-803">
         <name>ADCSequenceDisable</name>
         <value>0x3e85</value>
         <object_component_ref idref="oc-17f"/>
      </symbol>
      <symbol id="sm-804">
         <name>ADCSequenceDataGet</name>
         <value>0x3c9d</value>
         <object_component_ref idref="oc-1a2"/>
      </symbol>
      <symbol id="sm-805">
         <name>__TI_static_base__</name>
         <value>0x0</value>
      </symbol>
      <symbol id="sm-806">
         <name>__TI_args_main</name>
         <value>0x1</value>
      </symbol>
      <symbol id="sm-807">
         <name>SHT$$INIT_ARRAY$$Limit</name>
         <value>0x0</value>
      </symbol>
      <symbol id="sm-808">
         <name>SHT$$INIT_ARRAY$$Base</name>
         <value>0x0</value>
      </symbol>
   </symbol_table>
   <title>Link successful</title>
</link_info>
