<?xml version="1.0"?>
<link_info>
   <banner>TI ARM Linker PC v5.1.1</banner>
   <copyright>Copyright (c) 1996-2013 Texas Instruments Incorporated</copyright>
   <link_time>0x576e9416</link_time>
   <link_errors>0x0</link_errors>
   <output_file>TESTANDO_GPIOS_v2.out</output_file>
   <entry_point>
      <name>_c_int00</name>
      <address>0x2209</address>
   </entry_point>
   <input_file_list>
      <input_file id="fl-2">
         <path>.\</path>
         <kind>object</kind>
         <file>tm4c123gh6pm_startup_ccs.obj</file>
         <name>tm4c123gh6pm_startup_ccs.obj</name>
      </input_file>
      <input_file id="fl-3">
         <path>.\</path>
         <kind>object</kind>
         <file>main.obj</file>
         <name>main.obj</name>
      </input_file>
      <input_file id="fl-131">
         <path>C:\ti\ccsv5\tools\compiler\arm_5.1.1\lib\</path>
         <kind>archive</kind>
         <file>rtsv7M4_T_le_v4SPD16_eabi.lib</file>
         <name>boot.obj</name>
      </input_file>
      <input_file id="fl-132">
         <path>C:\ti\ccsv5\tools\compiler\arm_5.1.1\lib\</path>
         <kind>archive</kind>
         <file>rtsv7M4_T_le_v4SPD16_eabi.lib</file>
         <name>copy_decompress_none.obj</name>
      </input_file>
      <input_file id="fl-133">
         <path>C:\ti\ccsv5\tools\compiler\arm_5.1.1\lib\</path>
         <kind>archive</kind>
         <file>rtsv7M4_T_le_v4SPD16_eabi.lib</file>
         <name>copy_decompress_rle.obj</name>
      </input_file>
      <input_file id="fl-134">
         <path>C:\ti\ccsv5\tools\compiler\arm_5.1.1\lib\</path>
         <kind>archive</kind>
         <file>rtsv7M4_T_le_v4SPD16_eabi.lib</file>
         <name>copy_zero_init.obj</name>
      </input_file>
      <input_file id="fl-135">
         <path>C:\ti\ccsv5\tools\compiler\arm_5.1.1\lib\</path>
         <kind>archive</kind>
         <file>rtsv7M4_T_le_v4SPD16_eabi.lib</file>
         <name>exit.obj</name>
      </input_file>
      <input_file id="fl-136">
         <path>C:\ti\ccsv5\tools\compiler\arm_5.1.1\lib\</path>
         <kind>archive</kind>
         <file>rtsv7M4_T_le_v4SPD16_eabi.lib</file>
         <name>memcpy_t2.obj</name>
      </input_file>
      <input_file id="fl-137">
         <path>C:\ti\ccsv5\tools\compiler\arm_5.1.1\lib\</path>
         <kind>archive</kind>
         <file>rtsv7M4_T_le_v4SPD16_eabi.lib</file>
         <name>sprintf.obj</name>
      </input_file>
      <input_file id="fl-138">
         <path>C:\ti\ccsv5\tools\compiler\arm_5.1.1\lib\</path>
         <kind>archive</kind>
         <file>rtsv7M4_T_le_v4SPD16_eabi.lib</file>
         <name>stkdepth_vars.obj</name>
      </input_file>
      <input_file id="fl-139">
         <path>C:\ti\ccsv5\tools\compiler\arm_5.1.1\lib\</path>
         <kind>archive</kind>
         <file>rtsv7M4_T_le_v4SPD16_eabi.lib</file>
         <name>_lock.obj</name>
      </input_file>
      <input_file id="fl-13a">
         <path>C:\ti\ccsv5\tools\compiler\arm_5.1.1\lib\</path>
         <kind>archive</kind>
         <file>rtsv7M4_T_le_v4SPD16_eabi.lib</file>
         <name>_printfi.obj</name>
      </input_file>
      <input_file id="fl-13b">
         <path>C:\ti\ccsv5\tools\compiler\arm_5.1.1\lib\</path>
         <kind>archive</kind>
         <file>rtsv7M4_T_le_v4SPD16_eabi.lib</file>
         <name>args_main.obj</name>
      </input_file>
      <input_file id="fl-13c">
         <path>C:\ti\ccsv5\tools\compiler\arm_5.1.1\lib\</path>
         <kind>archive</kind>
         <file>rtsv7M4_T_le_v4SPD16_eabi.lib</file>
         <name>atoi.obj</name>
      </input_file>
      <input_file id="fl-13d">
         <path>C:\ti\ccsv5\tools\compiler\arm_5.1.1\lib\</path>
         <kind>archive</kind>
         <file>rtsv7M4_T_le_v4SPD16_eabi.lib</file>
         <name>auto_init.obj</name>
      </input_file>
      <input_file id="fl-13e">
         <path>C:\ti\ccsv5\tools\compiler\arm_5.1.1\lib\</path>
         <kind>archive</kind>
         <file>rtsv7M4_T_le_v4SPD16_eabi.lib</file>
         <name>cpy_tbl.obj</name>
      </input_file>
      <input_file id="fl-13f">
         <path>C:\ti\ccsv5\tools\compiler\arm_5.1.1\lib\</path>
         <kind>archive</kind>
         <file>rtsv7M4_T_le_v4SPD16_eabi.lib</file>
         <name>ctype.obj</name>
      </input_file>
      <input_file id="fl-140">
         <path>C:\ti\ccsv5\tools\compiler\arm_5.1.1\lib\</path>
         <kind>archive</kind>
         <file>rtsv7M4_T_le_v4SPD16_eabi.lib</file>
         <name>fd_add_t2.obj</name>
      </input_file>
      <input_file id="fl-141">
         <path>C:\ti\ccsv5\tools\compiler\arm_5.1.1\lib\</path>
         <kind>archive</kind>
         <file>rtsv7M4_T_le_v4SPD16_eabi.lib</file>
         <name>fd_cmp_t2.obj</name>
      </input_file>
      <input_file id="fl-142">
         <path>C:\ti\ccsv5\tools\compiler\arm_5.1.1\lib\</path>
         <kind>archive</kind>
         <file>rtsv7M4_T_le_v4SPD16_eabi.lib</file>
         <name>fd_div_t2.obj</name>
      </input_file>
      <input_file id="fl-143">
         <path>C:\ti\ccsv5\tools\compiler\arm_5.1.1\lib\</path>
         <kind>archive</kind>
         <file>rtsv7M4_T_le_v4SPD16_eabi.lib</file>
         <name>fd_mul_t2.obj</name>
      </input_file>
      <input_file id="fl-144">
         <path>C:\ti\ccsv5\tools\compiler\arm_5.1.1\lib\</path>
         <kind>archive</kind>
         <file>rtsv7M4_T_le_v4SPD16_eabi.lib</file>
         <name>fd_toi_t2.obj</name>
      </input_file>
      <input_file id="fl-145">
         <path>C:\ti\ccsv5\tools\compiler\arm_5.1.1\lib\</path>
         <kind>archive</kind>
         <file>rtsv7M4_T_le_v4SPD16_eabi.lib</file>
         <name>i_tofd_t2.obj</name>
      </input_file>
      <input_file id="fl-146">
         <path>C:\ti\ccsv5\tools\compiler\arm_5.1.1\lib\</path>
         <kind>archive</kind>
         <file>rtsv7M4_T_le_v4SPD16_eabi.lib</file>
         <name>ll_mul_t2.obj</name>
      </input_file>
      <input_file id="fl-147">
         <path>C:\ti\ccsv5\tools\compiler\arm_5.1.1\lib\</path>
         <kind>archive</kind>
         <file>rtsv7M4_T_le_v4SPD16_eabi.lib</file>
         <name>ltoa.obj</name>
      </input_file>
      <input_file id="fl-148">
         <path>C:\ti\ccsv5\tools\compiler\arm_5.1.1\lib\</path>
         <kind>archive</kind>
         <file>rtsv7M4_T_le_v4SPD16_eabi.lib</file>
         <name>memccpy.obj</name>
      </input_file>
      <input_file id="fl-149">
         <path>C:\ti\ccsv5\tools\compiler\arm_5.1.1\lib\</path>
         <kind>archive</kind>
         <file>rtsv7M4_T_le_v4SPD16_eabi.lib</file>
         <name>memset_t2.obj</name>
      </input_file>
      <input_file id="fl-14a">
         <path>C:\ti\ccsv5\tools\compiler\arm_5.1.1\lib\</path>
         <kind>archive</kind>
         <file>rtsv7M4_T_le_v4SPD16_eabi.lib</file>
         <name>strlen.obj</name>
      </input_file>
      <input_file id="fl-14b">
         <path>C:\ti\ccsv5\tools\compiler\arm_5.1.1\lib\</path>
         <kind>archive</kind>
         <file>rtsv7M4_T_le_v4SPD16_eabi.lib</file>
         <name>ull_div_t2.obj</name>
      </input_file>
      <input_file id="fl-14c">
         <path>C:\ti\ccsv5\tools\compiler\arm_5.1.1\lib\</path>
         <kind>archive</kind>
         <file>rtsv7M4_T_le_v4SPD16_eabi.lib</file>
         <name>xdclass.obj</name>
      </input_file>
      <input_file id="fl-14d">
         <path>C:\ti\ccsv5\tools\compiler\arm_5.1.1\lib\</path>
         <kind>archive</kind>
         <file>rtsv7M4_T_le_v4SPD16_eabi.lib</file>
         <name>xdtest.obj</name>
      </input_file>
      <input_file id="fl-14e">
         <path>C:\ti\TivaWare\driverlib\ccs\Debug\</path>
         <kind>archive</kind>
         <file>driverlib.lib</file>
         <name>uart.obj</name>
      </input_file>
      <input_file id="fl-14f">
         <path>C:\ti\TivaWare\driverlib\ccs\Debug\</path>
         <kind>archive</kind>
         <file>driverlib.lib</file>
         <name>timer.obj</name>
      </input_file>
      <input_file id="fl-150">
         <path>C:\ti\TivaWare\driverlib\ccs\Debug\</path>
         <kind>archive</kind>
         <file>driverlib.lib</file>
         <name>sysctl.obj</name>
      </input_file>
      <input_file id="fl-151">
         <path>C:\ti\TivaWare\driverlib\ccs\Debug\</path>
         <kind>archive</kind>
         <file>driverlib.lib</file>
         <name>interrupt.obj</name>
      </input_file>
      <input_file id="fl-152">
         <path>C:\ti\TivaWare\driverlib\ccs\Debug\</path>
         <kind>archive</kind>
         <file>driverlib.lib</file>
         <name>gpio.obj</name>
      </input_file>
      <input_file id="fl-153">
         <path>C:\ti\TivaWare\driverlib\ccs\Debug\</path>
         <kind>archive</kind>
         <file>driverlib.lib</file>
         <name>cpu.obj</name>
      </input_file>
   </input_file_list>
   <object_component_list>
      <object_component id="oc-e">
         <name>.intvecs</name>
         <load_address>0x0</load_address>
         <run_address>0x0</run_address>
         <size>0x26c</size>
         <input_file_ref idref="fl-2"/>
      </object_component>
      <object_component id="oc-161">
         <name>.text</name>
         <load_address>0x26c</load_address>
         <run_address>0x26c</run_address>
         <size>0xe8c</size>
         <input_file_ref idref="fl-13a"/>
      </object_component>
      <object_component id="oc-29">
         <name>.text</name>
         <load_address>0x10f8</load_address>
         <run_address>0x10f8</run_address>
         <size>0x298</size>
         <input_file_ref idref="fl-3"/>
      </object_component>
      <object_component id="oc-1ab">
         <name>.text</name>
         <load_address>0x1390</load_address>
         <run_address>0x1390</run_address>
         <size>0x1f4</size>
         <input_file_ref idref="fl-14b"/>
      </object_component>
      <object_component id="oc-1d5">
         <name>.text</name>
         <load_address>0x1584</load_address>
         <run_address>0x1584</run_address>
         <size>0x1b6</size>
         <input_file_ref idref="fl-140"/>
      </object_component>
      <object_component id="oc-1c0">
         <name>.text</name>
         <load_address>0x173a</load_address>
         <run_address>0x173a</run_address>
         <size>0x136</size>
         <input_file_ref idref="fl-142"/>
      </object_component>
      <object_component id="oc-98">
         <name>.text:GPIOPadConfigSet</name>
         <load_address>0x1870</load_address>
         <run_address>0x1870</run_address>
         <size>0x130</size>
         <input_file_ref idref="fl-152"/>
      </object_component>
      <object_component id="oc-89">
         <name>.text:SysCtlClockGet</name>
         <load_address>0x19a0</load_address>
         <run_address>0x19a0</run_address>
         <size>0x118</size>
         <input_file_ref idref="fl-150"/>
      </object_component>
      <object_component id="oc-1bc">
         <name>.text</name>
         <load_address>0x1ab8</load_address>
         <run_address>0x1ab8</run_address>
         <size>0xfc</size>
         <input_file_ref idref="fl-143"/>
      </object_component>
      <object_component id="oc-6b">
         <name>.text:SysCtlClockSet</name>
         <load_address>0x1bb4</load_address>
         <run_address>0x1bb4</run_address>
         <size>0xf0</size>
         <input_file_ref idref="fl-150"/>
      </object_component>
      <object_component id="oc-42">
         <name>.text</name>
         <load_address>0x1ca4</load_address>
         <run_address>0x1ca4</run_address>
         <size>0x9c</size>
         <input_file_ref idref="fl-136"/>
      </object_component>
      <object_component id="oc-31">
         <name>.text</name>
         <load_address>0x1d40</load_address>
         <run_address>0x1d40</run_address>
         <size>0x94</size>
         <input_file_ref idref="fl-13d"/>
      </object_component>
      <object_component id="oc-1b8">
         <name>.text:__aeabi_cdcmple</name>
         <load_address>0x1dd4</load_address>
         <run_address>0x1dd4</run_address>
         <size>0x7e</size>
         <input_file_ref idref="fl-141"/>
      </object_component>
      <object_component id="oc-1c4">
         <name>.text:__aeabi_cdrcmple</name>
         <load_address>0x1e52</load_address>
         <run_address>0x1e52</run_address>
         <size>0x7e</size>
         <input_file_ref idref="fl-141"/>
      </object_component>
      <object_component id="oc-1d9">
         <name>.text</name>
         <load_address>0x1ed0</load_address>
         <run_address>0x1ed0</run_address>
         <size>0x78</size>
         <input_file_ref idref="fl-149"/>
      </object_component>
      <object_component id="oc-b6">
         <name>.text:IntEnable</name>
         <load_address>0x1f48</load_address>
         <run_address>0x1f48</run_address>
         <size>0x60</size>
         <input_file_ref idref="fl-151"/>
      </object_component>
      <object_component id="oc-d9">
         <name>.text</name>
         <load_address>0x1fa8</load_address>
         <run_address>0x1fa8</run_address>
         <size>0x60</size>
         <input_file_ref idref="fl-137"/>
      </object_component>
      <object_component id="oc-54">
         <name>.text</name>
         <load_address>0x2008</load_address>
         <run_address>0x2008</run_address>
         <size>0x5e</size>
         <input_file_ref idref="fl-133"/>
      </object_component>
      <object_component id="oc-ac">
         <name>.text:TimerConfigure</name>
         <load_address>0x2068</load_address>
         <run_address>0x2068</run_address>
         <size>0x5c</size>
         <input_file_ref idref="fl-14f"/>
      </object_component>
      <object_component id="oc-1cc">
         <name>.text</name>
         <load_address>0x20c4</load_address>
         <run_address>0x20c4</run_address>
         <size>0x5a</size>
         <input_file_ref idref="fl-147"/>
      </object_component>
      <object_component id="oc-9d">
         <name>.text:GPIOIntTypeSet</name>
         <load_address>0x211e</load_address>
         <run_address>0x211e</run_address>
         <size>0x56</size>
         <input_file_ref idref="fl-152"/>
      </object_component>
      <object_component id="oc-1e7">
         <name>.text</name>
         <load_address>0x2174</load_address>
         <run_address>0x2174</run_address>
         <size>0x4c</size>
         <input_file_ref idref="fl-13c"/>
      </object_component>
      <object_component id="oc-7f">
         <name>.text:GPIOPinConfigure</name>
         <load_address>0x21c0</load_address>
         <run_address>0x21c0</run_address>
         <size>0x48</size>
         <input_file_ref idref="fl-152"/>
      </object_component>
      <object_component id="oc-10">
         <name>.text</name>
         <load_address>0x2208</load_address>
         <run_address>0x2208</run_address>
         <size>0x48</size>
         <input_file_ref idref="fl-131"/>
      </object_component>
      <object_component id="oc-1c8">
         <name>.text</name>
         <load_address>0x2250</load_address>
         <run_address>0x2250</run_address>
         <size>0x48</size>
         <input_file_ref idref="fl-144"/>
      </object_component>
      <object_component id="oc-f9">
         <name>.text</name>
         <load_address>0x2298</load_address>
         <run_address>0x2298</run_address>
         <size>0x44</size>
         <input_file_ref idref="fl-13e"/>
      </object_component>
      <object_component id="oc-3a">
         <name>.text</name>
         <load_address>0x22dc</load_address>
         <run_address>0x22dc</run_address>
         <size>0x44</size>
         <input_file_ref idref="fl-135"/>
      </object_component>
      <object_component id="oc-21d">
         <name>.text</name>
         <load_address>0x2320</load_address>
         <run_address>0x2320</run_address>
         <size>0x44</size>
         <input_file_ref idref="fl-14d"/>
      </object_component>
      <object_component id="oc-8e">
         <name>.text:UARTConfigSetExpClk</name>
         <load_address>0x2364</load_address>
         <run_address>0x2364</run_address>
         <size>0x40</size>
         <input_file_ref idref="fl-14e"/>
      </object_component>
      <object_component id="oc-143">
         <name>.text:_GPIOIntNumberGet</name>
         <load_address>0x23a4</load_address>
         <run_address>0x23a4</run_address>
         <size>0x40</size>
         <input_file_ref idref="fl-152"/>
      </object_component>
      <object_component id="oc-148">
         <name>.text:IntRegister</name>
         <load_address>0x23e4</load_address>
         <run_address>0x23e4</run_address>
         <size>0x34</size>
         <input_file_ref idref="fl-151"/>
      </object_component>
      <object_component id="oc-70">
         <name>.text:SysCtlPeripheralEnable</name>
         <load_address>0x2418</load_address>
         <run_address>0x2418</run_address>
         <size>0x34</size>
         <input_file_ref idref="fl-150"/>
      </object_component>
      <object_component id="oc-1d1">
         <name>.text</name>
         <load_address>0x244c</load_address>
         <run_address>0x244c</run_address>
         <size>0x2e</size>
         <input_file_ref idref="fl-145"/>
      </object_component>
      <object_component id="oc-93">
         <name>.text:GPIODirModeSet</name>
         <load_address>0x247a</load_address>
         <run_address>0x247a</run_address>
         <size>0x2a</size>
         <input_file_ref idref="fl-152"/>
      </object_component>
      <object_component id="oc-12f">
         <name>.text:UARTDisable</name>
         <load_address>0x24a4</load_address>
         <run_address>0x24a4</run_address>
         <size>0x1c</size>
         <input_file_ref idref="fl-14e"/>
      </object_component>
      <object_component id="oc-1e2">
         <name>.text</name>
         <load_address>0x24c0</load_address>
         <run_address>0x24c0</run_address>
         <size>0x1c</size>
         <input_file_ref idref="fl-148"/>
      </object_component>
      <object_component id="oc-a2">
         <name>.text:GPIOIntRegister</name>
         <load_address>0x24dc</load_address>
         <run_address>0x24dc</run_address>
         <size>0x18</size>
         <input_file_ref idref="fl-152"/>
      </object_component>
      <object_component id="oc-75">
         <name>.text:GPIOPinTypeGPIOOutput</name>
         <load_address>0x24f4</load_address>
         <run_address>0x24f4</run_address>
         <size>0x18</size>
         <input_file_ref idref="fl-152"/>
      </object_component>
      <object_component id="oc-35">
         <name>.text</name>
         <load_address>0x250c</load_address>
         <run_address>0x250c</run_address>
         <size>0x18</size>
         <input_file_ref idref="fl-13b"/>
      </object_component>
      <object_component id="oc-1af">
         <name>.text</name>
         <load_address>0x2524</load_address>
         <run_address>0x2524</run_address>
         <size>0x18</size>
         <input_file_ref idref="fl-146"/>
      </object_component>
      <object_component id="oc-ca">
         <name>.text:TimerDisable</name>
         <load_address>0x253c</load_address>
         <run_address>0x253c</run_address>
         <size>0x14</size>
         <input_file_ref idref="fl-14f"/>
      </object_component>
      <object_component id="oc-134">
         <name>.text:UARTEnable</name>
         <load_address>0x2550</load_address>
         <run_address>0x2550</run_address>
         <size>0x14</size>
         <input_file_ref idref="fl-14e"/>
      </object_component>
      <object_component id="oc-17f">
         <name>.text</name>
         <load_address>0x2564</load_address>
         <run_address>0x2564</run_address>
         <size>0x14</size>
         <input_file_ref idref="fl-139"/>
      </object_component>
      <object_component id="oc-1b3">
         <name>.text</name>
         <load_address>0x2578</load_address>
         <run_address>0x2578</run_address>
         <size>0x14</size>
         <input_file_ref idref="fl-14a"/>
      </object_component>
      <object_component id="oc-7a">
         <name>.text:GPIOPinTypeGPIOInput</name>
         <load_address>0x258c</load_address>
         <run_address>0x258c</run_address>
         <size>0x12</size>
         <input_file_ref idref="fl-152"/>
      </object_component>
      <object_component id="oc-84">
         <name>.text:GPIOPinTypeUART</name>
         <load_address>0x259e</load_address>
         <run_address>0x259e</run_address>
         <size>0x12</size>
         <input_file_ref idref="fl-152"/>
      </object_component>
      <object_component id="oc-b1">
         <name>.text:TimerLoadSet</name>
         <load_address>0x25b0</load_address>
         <run_address>0x25b0</run_address>
         <size>0x12</size>
         <input_file_ref idref="fl-14f"/>
      </object_component>
      <object_component id="oc-19">
         <name>.text:decompress:ZI</name>
         <load_address>0x25c2</load_address>
         <run_address>0x25c2</run_address>
         <size>0x12</size>
         <input_file_ref idref="fl-134"/>
      </object_component>
      <object_component id="oc-1dd">
         <name>.text</name>
         <load_address>0x25d4</load_address>
         <run_address>0x25d4</run_address>
         <size>0x12</size>
         <input_file_ref idref="fl-14c"/>
      </object_component>
      <object_component id="oc-d4">
         <name>.text:TimerEnable</name>
         <load_address>0x25e6</load_address>
         <run_address>0x25e6</run_address>
         <size>0xe</size>
         <input_file_ref idref="fl-14f"/>
      </object_component>
      <object_component id="oc-14">
         <name>.text:decompress:none</name>
         <load_address>0x25f4</load_address>
         <run_address>0x25f4</run_address>
         <size>0xe</size>
         <input_file_ref idref="fl-132"/>
      </object_component>
      <object_component id="oc-157">
         <name>.text:CPUcpsie</name>
         <load_address>0x2602</load_address>
         <run_address>0x2602</run_address>
         <size>0xc</size>
         <input_file_ref idref="fl-153"/>
      </object_component>
      <object_component id="oc-a7">
         <name>.text:GPIOIntEnable</name>
         <load_address>0x260e</load_address>
         <run_address>0x260e</run_address>
         <size>0xc</size>
         <input_file_ref idref="fl-152"/>
      </object_component>
      <object_component id="oc-24">
         <name>.text</name>
         <load_address>0x261a</load_address>
         <run_address>0x261a</run_address>
         <size>0xc</size>
         <input_file_ref idref="fl-2"/>
      </object_component>
      <object_component id="oc-c0">
         <name>.text:IntMasterEnable</name>
         <load_address>0x2626</load_address>
         <run_address>0x2626</run_address>
         <size>0xa</size>
         <input_file_ref idref="fl-151"/>
      </object_component>
      <object_component id="oc-de">
         <name>.text:UARTCharPut</name>
         <load_address>0x2630</load_address>
         <run_address>0x2630</run_address>
         <size>0xa</size>
         <input_file_ref idref="fl-14e"/>
      </object_component>
      <object_component id="oc-c5">
         <name>.text:UARTFIFOEnable</name>
         <load_address>0x263a</load_address>
         <run_address>0x263a</run_address>
         <size>0xa</size>
         <input_file_ref idref="fl-14e"/>
      </object_component>
      <object_component id="oc-bb">
         <name>.text:TimerIntEnable</name>
         <load_address>0x2644</load_address>
         <run_address>0x2644</run_address>
         <size>0x8</size>
         <input_file_ref idref="fl-14f"/>
      </object_component>
      <object_component id="oc-61">
         <name>.text:GPIOIntClear</name>
         <load_address>0x264c</load_address>
         <run_address>0x264c</run_address>
         <size>0x6</size>
         <input_file_ref idref="fl-152"/>
      </object_component>
      <object_component id="oc-66">
         <name>.text:GPIOPinRead</name>
         <load_address>0x2652</load_address>
         <run_address>0x2652</run_address>
         <size>0x6</size>
         <input_file_ref idref="fl-152"/>
      </object_component>
      <object_component id="oc-cf">
         <name>.text:GPIOPinWrite</name>
         <load_address>0x2658</load_address>
         <run_address>0x2658</run_address>
         <size>0x6</size>
         <input_file_ref idref="fl-152"/>
      </object_component>
      <object_component id="oc-e3">
         <name>.text:SysCtlDelay</name>
         <load_address>0x265e</load_address>
         <run_address>0x265e</run_address>
         <size>0x6</size>
         <input_file_ref idref="fl-150"/>
      </object_component>
      <object_component id="oc-1e">
         <name>.text:decompress:rle24</name>
         <load_address>0x2664</load_address>
         <run_address>0x2664</run_address>
         <size>0x6</size>
         <input_file_ref idref="fl-133"/>
      </object_component>
      <object_component id="oc-e4">
         <name>.text:TimerIntClear</name>
         <load_address>0x266a</load_address>
         <run_address>0x266a</run_address>
         <size>0x4</size>
         <input_file_ref idref="fl-14f"/>
      </object_component>
      <object_component id="oc-225">
         <name>.const:.string:_ctypes_</name>
         <load_address>0x2670</load_address>
         <run_address>0x2670</run_address>
         <size>0x102</size>
         <input_file_ref idref="fl-13f"/>
      </object_component>
      <object_component id="oc-19c">
         <name>.const:g_ppui32GPIOIntMapBlizzard</name>
         <load_address>0x2774</load_address>
         <run_address>0x2774</run_address>
         <size>0xc0</size>
         <input_file_ref idref="fl-152"/>
      </object_component>
      <object_component id="oc-19e">
         <name>.const:g_ppui32GPIOIntMapSnowflake</name>
         <load_address>0x2834</load_address>
         <run_address>0x2834</run_address>
         <size>0xc0</size>
         <input_file_ref idref="fl-152"/>
      </object_component>
      <object_component id="oc-128">
         <name>.const:g_pui32GPIOBaseAddrs</name>
         <load_address>0x28f4</load_address>
         <run_address>0x28f4</run_address>
         <size>0x90</size>
         <input_file_ref idref="fl-152"/>
      </object_component>
      <object_component id="oc-152">
         <name>.const</name>
         <load_address>0x2984</load_address>
         <run_address>0x2984</run_address>
         <size>0x70</size>
         <input_file_ref idref="fl-151"/>
      </object_component>
      <object_component id="oc-12c">
         <name>.const:g_pui32Xtals</name>
         <load_address>0x29f4</load_address>
         <run_address>0x29f4</run_address>
         <size>0x6c</size>
         <input_file_ref idref="fl-150"/>
      </object_component>
      <object_component id="oc-25e">
         <name>.cinit..data.load</name>
         <load_address>0x2a60</load_address>
         <run_address>0x2a60</run_address>
         <size>0xf</size>
      </object_component>
      <object_component id="oc-25b">
         <name>__TI_handler_table</name>
         <load_address>0x2a70</load_address>
         <run_address>0x2a70</run_address>
         <size>0xc</size>
      </object_component>
      <object_component id="oc-25f">
         <name>.cinit..bss.load</name>
         <load_address>0x2a80</load_address>
         <run_address>0x2a80</run_address>
         <size>0x8</size>
      </object_component>
      <object_component id="oc-25d">
         <name>.cinit..vtable.load</name>
         <load_address>0x2a88</load_address>
         <run_address>0x2a88</run_address>
         <size>0x8</size>
      </object_component>
      <object_component id="oc-25c">
         <name>__TI_cinit_table</name>
         <load_address>0x2a90</load_address>
         <run_address>0x2a90</run_address>
         <size>0x18</size>
      </object_component>
      <object_component id="oc-1a1">
         <name>.vtable</name>
         <uninitialized>true</uninitialized>
         <run_address>0x20000000</run_address>
         <size>0x26c</size>
         <input_file_ref idref="fl-151"/>
      </object_component>
      <object_component id="oc-3f">
         <name>.data</name>
         <load_address>0x20000a7c</load_address>
         <run_address>0x20000a7c</run_address>
         <size>0x4</size>
         <input_file_ref idref="fl-138"/>
      </object_component>
      <object_component id="oc-101">
         <name>.data</name>
         <load_address>0x20000a6c</load_address>
         <run_address>0x20000a6c</run_address>
         <size>0x8</size>
         <input_file_ref idref="fl-139"/>
      </object_component>
      <object_component id="oc-103">
         <name>.data</name>
         <load_address>0x20000a74</load_address>
         <run_address>0x20000a74</run_address>
         <size>0x8</size>
         <input_file_ref idref="fl-135"/>
      </object_component>
      <object_component id="oc-e9">
         <name>.common:ui16Pulso</name>
         <uninitialized>true</uninitialized>
         <run_address>0x20000a80</run_address>
         <size>0x2</size>
      </object_component>
      <object_component id="oc-eb">
         <name>.common:ui8Tempo</name>
         <uninitialized>true</uninitialized>
         <run_address>0x20000a82</run_address>
         <size>0x1</size>
      </object_component>
      <object_component id="oc-23">
         <name>.stack</name>
         <uninitialized>true</uninitialized>
         <run_address>0x2000026c</run_address>
         <size>0x0</size>
         <input_file_ref idref="fl-131"/>
      </object_component>
      <object_component id="oc-260">
         <name>.stack</name>
         <uninitialized>true</uninitialized>
         <run_address>0x2000026c</run_address>
         <size>0x0</size>
      </object_component>
      <object_component id="oc-f">
         <name>.debug_info</name>
         <load_address>0x0</load_address>
         <run_address>0x0</run_address>
         <size>0xf7</size>
         <input_file_ref idref="fl-2"/>
      </object_component>
      <object_component id="oc-12">
         <name>.debug_info</name>
         <load_address>0xf7</load_address>
         <run_address>0xf7</run_address>
         <size>0xf3</size>
         <input_file_ref idref="fl-131"/>
      </object_component>
      <object_component id="oc-18">
         <name>.debug_info</name>
         <load_address>0x1ea</load_address>
         <run_address>0x1ea</run_address>
         <size>0x194</size>
         <input_file_ref idref="fl-132"/>
      </object_component>
      <object_component id="oc-1a">
         <name>.debug_info</name>
         <load_address>0x37e</load_address>
         <run_address>0x37e</run_address>
         <size>0x16a</size>
         <input_file_ref idref="fl-134"/>
      </object_component>
      <object_component id="oc-20">
         <name>.debug_info</name>
         <load_address>0x4e8</load_address>
         <run_address>0x4e8</run_address>
         <size>0x18e</size>
         <input_file_ref idref="fl-133"/>
      </object_component>
      <object_component id="oc-25">
         <name>.debug_info</name>
         <load_address>0x676</load_address>
         <run_address>0x676</run_address>
         <size>0x273</size>
         <input_file_ref idref="fl-2"/>
      </object_component>
      <object_component id="oc-2a">
         <name>.debug_info</name>
         <load_address>0x8e9</load_address>
         <run_address>0x8e9</run_address>
         <size>0x5f6</size>
         <input_file_ref idref="fl-3"/>
      </object_component>
      <object_component id="oc-30">
         <name>.debug_info</name>
         <load_address>0xedf</load_address>
         <run_address>0xedf</run_address>
         <size>0x134</size>
         <input_file_ref idref="fl-2"/>
      </object_component>
      <object_component id="oc-33">
         <name>.debug_info</name>
         <load_address>0x1013</load_address>
         <run_address>0x1013</run_address>
         <size>0x13d</size>
         <input_file_ref idref="fl-13d"/>
      </object_component>
      <object_component id="oc-38">
         <name>.debug_info</name>
         <load_address>0x1150</load_address>
         <run_address>0x1150</run_address>
         <size>0x11c</size>
         <input_file_ref idref="fl-13b"/>
      </object_component>
      <object_component id="oc-3b">
         <name>.debug_info</name>
         <load_address>0x126c</load_address>
         <run_address>0x126c</run_address>
         <size>0x1c2</size>
         <input_file_ref idref="fl-135"/>
      </object_component>
      <object_component id="oc-40">
         <name>.debug_info</name>
         <load_address>0x142e</load_address>
         <run_address>0x142e</run_address>
         <size>0xbe</size>
         <input_file_ref idref="fl-138"/>
      </object_component>
      <object_component id="oc-44">
         <name>.debug_info</name>
         <load_address>0x14ec</load_address>
         <run_address>0x14ec</run_address>
         <size>0xcc</size>
         <input_file_ref idref="fl-136"/>
      </object_component>
      <object_component id="oc-47">
         <name>.debug_info</name>
         <load_address>0x15b8</load_address>
         <run_address>0x15b8</run_address>
         <size>0x46</size>
         <input_file_ref idref="fl-132"/>
      </object_component>
      <object_component id="oc-4c">
         <name>.debug_info</name>
         <load_address>0x15fe</load_address>
         <run_address>0x15fe</run_address>
         <size>0xf2</size>
         <input_file_ref idref="fl-132"/>
      </object_component>
      <object_component id="oc-4e">
         <name>.debug_info</name>
         <load_address>0x16f0</load_address>
         <run_address>0x16f0</run_address>
         <size>0x46</size>
         <input_file_ref idref="fl-134"/>
      </object_component>
      <object_component id="oc-53">
         <name>.debug_info</name>
         <load_address>0x1736</load_address>
         <run_address>0x1736</run_address>
         <size>0xad</size>
         <input_file_ref idref="fl-134"/>
      </object_component>
      <object_component id="oc-56">
         <name>.debug_info</name>
         <load_address>0x17e3</load_address>
         <run_address>0x17e3</run_address>
         <size>0x1ef</size>
         <input_file_ref idref="fl-133"/>
      </object_component>
      <object_component id="oc-5a">
         <name>.debug_info</name>
         <load_address>0x19d2</load_address>
         <run_address>0x19d2</run_address>
         <size>0xb7</size>
         <input_file_ref idref="fl-133"/>
      </object_component>
      <object_component id="oc-5b">
         <name>.debug_info</name>
         <load_address>0x1a89</load_address>
         <run_address>0x1a89</run_address>
         <size>0x39</size>
         <input_file_ref idref="fl-133"/>
      </object_component>
      <object_component id="oc-62">
         <name>.debug_info</name>
         <load_address>0x1ac2</load_address>
         <run_address>0x1ac2</run_address>
         <size>0x1f1</size>
         <input_file_ref idref="fl-152"/>
      </object_component>
      <object_component id="oc-6a">
         <name>.debug_info</name>
         <load_address>0x1cb3</load_address>
         <run_address>0x1cb3</run_address>
         <size>0x1df</size>
         <input_file_ref idref="fl-152"/>
      </object_component>
      <object_component id="oc-6c">
         <name>.debug_info</name>
         <load_address>0x1e92</load_address>
         <run_address>0x1e92</run_address>
         <size>0x363</size>
         <input_file_ref idref="fl-150"/>
      </object_component>
      <object_component id="oc-72">
         <name>.debug_info</name>
         <load_address>0x21f5</load_address>
         <run_address>0x21f5</run_address>
         <size>0x1e1</size>
         <input_file_ref idref="fl-150"/>
      </object_component>
      <object_component id="oc-79">
         <name>.debug_info</name>
         <load_address>0x23d6</load_address>
         <run_address>0x23d6</run_address>
         <size>0x1eb</size>
         <input_file_ref idref="fl-152"/>
      </object_component>
      <object_component id="oc-7e">
         <name>.debug_info</name>
         <load_address>0x25c1</load_address>
         <run_address>0x25c1</run_address>
         <size>0x1e9</size>
         <input_file_ref idref="fl-152"/>
      </object_component>
      <object_component id="oc-83">
         <name>.debug_info</name>
         <load_address>0x27aa</load_address>
         <run_address>0x27aa</run_address>
         <size>0x1e4</size>
         <input_file_ref idref="fl-152"/>
      </object_component>
      <object_component id="oc-88">
         <name>.debug_info</name>
         <load_address>0x298e</load_address>
         <run_address>0x298e</run_address>
         <size>0x1df</size>
         <input_file_ref idref="fl-152"/>
      </object_component>
      <object_component id="oc-8a">
         <name>.debug_info</name>
         <load_address>0x2b6d</load_address>
         <run_address>0x2b6d</run_address>
         <size>0x219</size>
         <input_file_ref idref="fl-150"/>
      </object_component>
      <object_component id="oc-8f">
         <name>.debug_info</name>
         <load_address>0x2d86</load_address>
         <run_address>0x2d86</run_address>
         <size>0x28a</size>
         <input_file_ref idref="fl-14e"/>
      </object_component>
      <object_component id="oc-97">
         <name>.debug_info</name>
         <load_address>0x3010</load_address>
         <run_address>0x3010</run_address>
         <size>0x217</size>
         <input_file_ref idref="fl-152"/>
      </object_component>
      <object_component id="oc-9c">
         <name>.debug_info</name>
         <load_address>0x3227</load_address>
         <run_address>0x3227</run_address>
         <size>0x312</size>
         <input_file_ref idref="fl-152"/>
      </object_component>
      <object_component id="oc-a1">
         <name>.debug_info</name>
         <load_address>0x3539</load_address>
         <run_address>0x3539</run_address>
         <size>0x21f</size>
         <input_file_ref idref="fl-152"/>
      </object_component>
      <object_component id="oc-a3">
         <name>.debug_info</name>
         <load_address>0x3758</load_address>
         <run_address>0x3758</run_address>
         <size>0x1f9</size>
         <input_file_ref idref="fl-152"/>
      </object_component>
      <object_component id="oc-a8">
         <name>.debug_info</name>
         <load_address>0x3951</load_address>
         <run_address>0x3951</run_address>
         <size>0x1f3</size>
         <input_file_ref idref="fl-152"/>
      </object_component>
      <object_component id="oc-ad">
         <name>.debug_info</name>
         <load_address>0x3b44</load_address>
         <run_address>0x3b44</run_address>
         <size>0x1f0</size>
         <input_file_ref idref="fl-14f"/>
      </object_component>
      <object_component id="oc-b2">
         <name>.debug_info</name>
         <load_address>0x3d34</load_address>
         <run_address>0x3d34</run_address>
         <size>0x21e</size>
         <input_file_ref idref="fl-14f"/>
      </object_component>
      <object_component id="oc-b8">
         <name>.debug_info</name>
         <load_address>0x3f52</load_address>
         <run_address>0x3f52</run_address>
         <size>0x1cc</size>
         <input_file_ref idref="fl-151"/>
      </object_component>
      <object_component id="oc-bc">
         <name>.debug_info</name>
         <load_address>0x411e</load_address>
         <run_address>0x411e</run_address>
         <size>0x1f8</size>
         <input_file_ref idref="fl-14f"/>
      </object_component>
      <object_component id="oc-c2">
         <name>.debug_info</name>
         <load_address>0x4316</load_address>
         <run_address>0x4316</run_address>
         <size>0x1a2</size>
         <input_file_ref idref="fl-151"/>
      </object_component>
      <object_component id="oc-c6">
         <name>.debug_info</name>
         <load_address>0x44b8</load_address>
         <run_address>0x44b8</run_address>
         <size>0x1b3</size>
         <input_file_ref idref="fl-14e"/>
      </object_component>
      <object_component id="oc-cb">
         <name>.debug_info</name>
         <load_address>0x466b</load_address>
         <run_address>0x466b</run_address>
         <size>0x1e5</size>
         <input_file_ref idref="fl-14f"/>
      </object_component>
      <object_component id="oc-d3">
         <name>.debug_info</name>
         <load_address>0x4850</load_address>
         <run_address>0x4850</run_address>
         <size>0x207</size>
         <input_file_ref idref="fl-152"/>
      </object_component>
      <object_component id="oc-d5">
         <name>.debug_info</name>
         <load_address>0x4a57</load_address>
         <run_address>0x4a57</run_address>
         <size>0x1e3</size>
         <input_file_ref idref="fl-14f"/>
      </object_component>
      <object_component id="oc-dd">
         <name>.debug_info</name>
         <load_address>0x4c3a</load_address>
         <run_address>0x4c3a</run_address>
         <size>0x2b5</size>
         <input_file_ref idref="fl-137"/>
      </object_component>
      <object_component id="oc-df">
         <name>.debug_info</name>
         <load_address>0x4eef</load_address>
         <run_address>0x4eef</run_address>
         <size>0x25d</size>
         <input_file_ref idref="fl-14e"/>
      </object_component>
      <object_component id="oc-e5">
         <name>.debug_info</name>
         <load_address>0x514c</load_address>
         <run_address>0x514c</run_address>
         <size>0x1f6</size>
         <input_file_ref idref="fl-14f"/>
      </object_component>
      <object_component id="oc-ea">
         <name>.debug_info</name>
         <load_address>0x5342</load_address>
         <run_address>0x5342</run_address>
         <size>0x6f0</size>
         <input_file_ref idref="fl-3"/>
      </object_component>
      <object_component id="oc-ed">
         <name>.debug_info</name>
         <load_address>0x5a32</load_address>
         <run_address>0x5a32</run_address>
         <size>0x84</size>
         <input_file_ref idref="fl-2"/>
      </object_component>
      <object_component id="oc-f2">
         <name>.debug_info</name>
         <load_address>0x5ab6</load_address>
         <run_address>0x5ab6</run_address>
         <size>0x18b</size>
         <input_file_ref idref="fl-2"/>
      </object_component>
      <object_component id="oc-fd">
         <name>.debug_info</name>
         <load_address>0x5c41</load_address>
         <run_address>0x5c41</run_address>
         <size>0x14b</size>
         <input_file_ref idref="fl-13e"/>
      </object_component>
      <object_component id="oc-100">
         <name>.debug_info</name>
         <load_address>0x5d8c</load_address>
         <run_address>0x5d8c</run_address>
         <size>0x11b</size>
         <input_file_ref idref="fl-13b"/>
      </object_component>
      <object_component id="oc-102">
         <name>.debug_info</name>
         <load_address>0x5ea7</load_address>
         <run_address>0x5ea7</run_address>
         <size>0xc8</size>
         <input_file_ref idref="fl-139"/>
      </object_component>
      <object_component id="oc-104">
         <name>.debug_info</name>
         <load_address>0x5f6f</load_address>
         <run_address>0x5f6f</run_address>
         <size>0xeb</size>
         <input_file_ref idref="fl-135"/>
      </object_component>
      <object_component id="oc-106">
         <name>.debug_info</name>
         <load_address>0x605a</load_address>
         <run_address>0x605a</run_address>
         <size>0x146</size>
         <input_file_ref idref="fl-135"/>
      </object_component>
      <object_component id="oc-10a">
         <name>.debug_info</name>
         <load_address>0x61a0</load_address>
         <run_address>0x61a0</run_address>
         <size>0x2c</size>
         <input_file_ref idref="fl-132"/>
      </object_component>
      <object_component id="oc-111">
         <name>.debug_info</name>
         <load_address>0x61cc</load_address>
         <run_address>0x61cc</run_address>
         <size>0x2c</size>
         <input_file_ref idref="fl-134"/>
      </object_component>
      <object_component id="oc-11c">
         <name>.debug_info</name>
         <load_address>0x61f8</load_address>
         <run_address>0x61f8</run_address>
         <size>0x18b</size>
         <input_file_ref idref="fl-14e"/>
      </object_component>
      <object_component id="oc-121">
         <name>.debug_info</name>
         <load_address>0x6383</load_address>
         <run_address>0x6383</run_address>
         <size>0x1d7</size>
         <input_file_ref idref="fl-152"/>
      </object_component>
      <object_component id="oc-124">
         <name>.debug_info</name>
         <load_address>0x655a</load_address>
         <run_address>0x655a</run_address>
         <size>0x226</size>
         <input_file_ref idref="fl-150"/>
      </object_component>
      <object_component id="oc-129">
         <name>.debug_info</name>
         <load_address>0x6780</load_address>
         <run_address>0x6780</run_address>
         <size>0x10d</size>
         <input_file_ref idref="fl-152"/>
      </object_component>
      <object_component id="oc-12d">
         <name>.debug_info</name>
         <load_address>0x688d</load_address>
         <run_address>0x688d</run_address>
         <size>0xff</size>
         <input_file_ref idref="fl-150"/>
      </object_component>
      <object_component id="oc-130">
         <name>.debug_info</name>
         <load_address>0x698c</load_address>
         <run_address>0x698c</run_address>
         <size>0x233</size>
         <input_file_ref idref="fl-14e"/>
      </object_component>
      <object_component id="oc-135">
         <name>.debug_info</name>
         <load_address>0x6bbf</load_address>
         <run_address>0x6bbf</run_address>
         <size>0x1ab</size>
         <input_file_ref idref="fl-14e"/>
      </object_component>
      <object_component id="oc-13a">
         <name>.debug_info</name>
         <load_address>0x6d6a</load_address>
         <run_address>0x6d6a</run_address>
         <size>0x1ce</size>
         <input_file_ref idref="fl-14e"/>
      </object_component>
      <object_component id="oc-13d">
         <name>.debug_info</name>
         <load_address>0x6f38</load_address>
         <run_address>0x6f38</run_address>
         <size>0x90</size>
         <input_file_ref idref="fl-14e"/>
      </object_component>
      <object_component id="oc-147">
         <name>.debug_info</name>
         <load_address>0x6fc8</load_address>
         <run_address>0x6fc8</run_address>
         <size>0x26f</size>
         <input_file_ref idref="fl-152"/>
      </object_component>
      <object_component id="oc-149">
         <name>.debug_info</name>
         <load_address>0x7237</load_address>
         <run_address>0x7237</run_address>
         <size>0x2b0</size>
         <input_file_ref idref="fl-151"/>
      </object_component>
      <object_component id="oc-150">
         <name>.debug_info</name>
         <load_address>0x74e7</load_address>
         <run_address>0x74e7</run_address>
         <size>0x1cf</size>
         <input_file_ref idref="fl-14f"/>
      </object_component>
      <object_component id="oc-153">
         <name>.debug_info</name>
         <load_address>0x76b6</load_address>
         <run_address>0x76b6</run_address>
         <size>0x1c2</size>
         <input_file_ref idref="fl-151"/>
      </object_component>
      <object_component id="oc-155">
         <name>.debug_info</name>
         <load_address>0x7878</load_address>
         <run_address>0x7878</run_address>
         <size>0x1ba</size>
         <input_file_ref idref="fl-151"/>
      </object_component>
      <object_component id="oc-158">
         <name>.debug_info</name>
         <load_address>0x7a32</load_address>
         <run_address>0x7a32</run_address>
         <size>0x176</size>
         <input_file_ref idref="fl-153"/>
      </object_component>
      <object_component id="oc-162">
         <name>.debug_info</name>
         <load_address>0x7ba8</load_address>
         <run_address>0x7ba8</run_address>
         <size>0x12a0</size>
         <input_file_ref idref="fl-13a"/>
      </object_component>
      <object_component id="oc-167">
         <name>.debug_info</name>
         <load_address>0x8e48</load_address>
         <run_address>0x8e48</run_address>
         <size>0x170</size>
         <input_file_ref idref="fl-137"/>
      </object_component>
      <object_component id="oc-168">
         <name>.debug_info</name>
         <load_address>0x8fb8</load_address>
         <run_address>0x8fb8</run_address>
         <size>0x4e</size>
         <input_file_ref idref="fl-3"/>
      </object_component>
      <object_component id="oc-171">
         <name>.debug_info</name>
         <load_address>0x9006</load_address>
         <run_address>0x9006</run_address>
         <size>0x2c</size>
         <input_file_ref idref="fl-3"/>
      </object_component>
      <object_component id="oc-177">
         <name>.debug_info</name>
         <load_address>0x9032</load_address>
         <run_address>0x9032</run_address>
         <size>0x148</size>
         <input_file_ref idref="fl-13e"/>
      </object_component>
      <object_component id="oc-17a">
         <name>.debug_info</name>
         <load_address>0x917a</load_address>
         <run_address>0x917a</run_address>
         <size>0x5e</size>
         <input_file_ref idref="fl-13b"/>
      </object_component>
      <object_component id="oc-182">
         <name>.debug_info</name>
         <load_address>0x91d8</load_address>
         <run_address>0x91d8</run_address>
         <size>0x1d4</size>
         <input_file_ref idref="fl-139"/>
      </object_component>
      <object_component id="oc-186">
         <name>.debug_info</name>
         <load_address>0x93ac</load_address>
         <run_address>0x93ac</run_address>
         <size>0xd9</size>
         <input_file_ref idref="fl-139"/>
      </object_component>
      <object_component id="oc-18f">
         <name>.debug_info</name>
         <load_address>0x9485</load_address>
         <run_address>0x9485</run_address>
         <size>0x5f</size>
         <input_file_ref idref="fl-150"/>
      </object_component>
      <object_component id="oc-19d">
         <name>.debug_info</name>
         <load_address>0x94e4</load_address>
         <run_address>0x94e4</run_address>
         <size>0x119</size>
         <input_file_ref idref="fl-152"/>
      </object_component>
      <object_component id="oc-19f">
         <name>.debug_info</name>
         <load_address>0x95fd</load_address>
         <run_address>0x95fd</run_address>
         <size>0x11b</size>
         <input_file_ref idref="fl-152"/>
      </object_component>
      <object_component id="oc-1a2">
         <name>.debug_info</name>
         <load_address>0x9718</load_address>
         <run_address>0x9718</run_address>
         <size>0x109</size>
         <input_file_ref idref="fl-151"/>
      </object_component>
      <object_component id="oc-1ae">
         <name>.debug_info</name>
         <load_address>0x9821</load_address>
         <run_address>0x9821</run_address>
         <size>0x13a</size>
         <input_file_ref idref="fl-14b"/>
      </object_component>
      <object_component id="oc-1b0">
         <name>.debug_info</name>
         <load_address>0x995b</load_address>
         <run_address>0x995b</run_address>
         <size>0xd5</size>
         <input_file_ref idref="fl-146"/>
      </object_component>
      <object_component id="oc-1b4">
         <name>.debug_info</name>
         <load_address>0x9a30</load_address>
         <run_address>0x9a30</run_address>
         <size>0x153</size>
         <input_file_ref idref="fl-14a"/>
      </object_component>
      <object_component id="oc-1ba">
         <name>.debug_info</name>
         <load_address>0x9b83</load_address>
         <run_address>0x9b83</run_address>
         <size>0xdb</size>
         <input_file_ref idref="fl-141"/>
      </object_component>
      <object_component id="oc-1be">
         <name>.debug_info</name>
         <load_address>0x9c5e</load_address>
         <run_address>0x9c5e</run_address>
         <size>0xed</size>
         <input_file_ref idref="fl-143"/>
      </object_component>
      <object_component id="oc-1c2">
         <name>.debug_info</name>
         <load_address>0x9d4b</load_address>
         <run_address>0x9d4b</run_address>
         <size>0xed</size>
         <input_file_ref idref="fl-142"/>
      </object_component>
      <object_component id="oc-1c7">
         <name>.debug_info</name>
         <load_address>0x9e38</load_address>
         <run_address>0x9e38</run_address>
         <size>0xdd</size>
         <input_file_ref idref="fl-141"/>
      </object_component>
      <object_component id="oc-1ca">
         <name>.debug_info</name>
         <load_address>0x9f15</load_address>
         <run_address>0x9f15</run_address>
         <size>0xe1</size>
         <input_file_ref idref="fl-144"/>
      </object_component>
      <object_component id="oc-1cf">
         <name>.debug_info</name>
         <load_address>0x9ff6</load_address>
         <run_address>0x9ff6</run_address>
         <size>0x177</size>
         <input_file_ref idref="fl-147"/>
      </object_component>
      <object_component id="oc-1d2">
         <name>.debug_info</name>
         <load_address>0xa16d</load_address>
         <run_address>0xa16d</run_address>
         <size>0xdf</size>
         <input_file_ref idref="fl-145"/>
      </object_component>
      <object_component id="oc-1d7">
         <name>.debug_info</name>
         <load_address>0xa24c</load_address>
         <run_address>0xa24c</run_address>
         <size>0xff</size>
         <input_file_ref idref="fl-140"/>
      </object_component>
      <object_component id="oc-1da">
         <name>.debug_info</name>
         <load_address>0xa34b</load_address>
         <run_address>0xa34b</run_address>
         <size>0xfc</size>
         <input_file_ref idref="fl-149"/>
      </object_component>
      <object_component id="oc-1df">
         <name>.debug_info</name>
         <load_address>0xa447</load_address>
         <run_address>0xa447</run_address>
         <size>0x111</size>
         <input_file_ref idref="fl-14c"/>
      </object_component>
      <object_component id="oc-1e3">
         <name>.debug_info</name>
         <load_address>0xa558</load_address>
         <run_address>0xa558</run_address>
         <size>0x160</size>
         <input_file_ref idref="fl-148"/>
      </object_component>
      <object_component id="oc-1e8">
         <name>.debug_info</name>
         <load_address>0xa6b8</load_address>
         <run_address>0xa6b8</run_address>
         <size>0x126</size>
         <input_file_ref idref="fl-13c"/>
      </object_component>
      <object_component id="oc-1ed">
         <name>.debug_info</name>
         <load_address>0xa7de</load_address>
         <run_address>0xa7de</run_address>
         <size>0x26b</size>
         <input_file_ref idref="fl-13a"/>
      </object_component>
      <object_component id="oc-1ee">
         <name>.debug_info</name>
         <load_address>0xaa49</load_address>
         <run_address>0xaa49</run_address>
         <size>0x86</size>
         <input_file_ref idref="fl-13a"/>
      </object_component>
      <object_component id="oc-1f3">
         <name>.debug_info</name>
         <load_address>0xaacf</load_address>
         <run_address>0xaacf</run_address>
         <size>0x39</size>
         <input_file_ref idref="fl-13a"/>
      </object_component>
      <object_component id="oc-1fa">
         <name>.debug_info</name>
         <load_address>0xab08</load_address>
         <run_address>0xab08</run_address>
         <size>0x2c</size>
         <input_file_ref idref="fl-137"/>
      </object_component>
      <object_component id="oc-201">
         <name>.debug_info</name>
         <load_address>0xab34</load_address>
         <run_address>0xab34</run_address>
         <size>0xcd</size>
         <input_file_ref idref="fl-13e"/>
      </object_component>
      <object_component id="oc-212">
         <name>.debug_info</name>
         <load_address>0xac01</load_address>
         <run_address>0xac01</run_address>
         <size>0x9f</size>
         <input_file_ref idref="fl-14a"/>
      </object_component>
      <object_component id="oc-219">
         <name>.debug_info</name>
         <load_address>0xaca0</load_address>
         <run_address>0xaca0</run_address>
         <size>0x101</size>
         <input_file_ref idref="fl-147"/>
      </object_component>
      <object_component id="oc-221">
         <name>.debug_info</name>
         <load_address>0xada1</load_address>
         <run_address>0xada1</run_address>
         <size>0x10f</size>
         <input_file_ref idref="fl-14d"/>
      </object_component>
      <object_component id="oc-224">
         <name>.debug_info</name>
         <load_address>0xaeb0</load_address>
         <run_address>0xaeb0</run_address>
         <size>0xa6</size>
         <input_file_ref idref="fl-148"/>
      </object_component>
      <object_component id="oc-226">
         <name>.debug_info</name>
         <load_address>0xaf56</load_address>
         <run_address>0xaf56</run_address>
         <size>0xaf</size>
         <input_file_ref idref="fl-13f"/>
      </object_component>
      <object_component id="oc-228">
         <name>.debug_info</name>
         <load_address>0xb005</load_address>
         <run_address>0xb005</run_address>
         <size>0xc5</size>
         <input_file_ref idref="fl-13c"/>
      </object_component>
      <object_component id="oc-22b">
         <name>.debug_info</name>
         <load_address>0xb0ca</load_address>
         <run_address>0xb0ca</run_address>
         <size>0x46</size>
         <input_file_ref idref="fl-13a"/>
      </object_component>
      <object_component id="oc-235">
         <name>.debug_info</name>
         <load_address>0xb110</load_address>
         <run_address>0xb110</run_address>
         <size>0x9a</size>
         <input_file_ref idref="fl-14d"/>
      </object_component>
      <object_component id="oc-23a">
         <name>.debug_info</name>
         <load_address>0xb1aa</load_address>
         <run_address>0xb1aa</run_address>
         <size>0xa3</size>
         <input_file_ref idref="fl-13f"/>
      </object_component>
      <object_component id="oc-261">
         <name>.debug_info</name>
         <load_address>0xb24d</load_address>
         <run_address>0xb24d</run_address>
         <size>0xb4</size>
      </object_component>
      <object_component id="oc-11">
         <name>.debug_line</name>
         <load_address>0x0</load_address>
         <run_address>0x0</run_address>
         <size>0x4f</size>
         <input_file_ref idref="fl-131"/>
      </object_component>
      <object_component id="oc-16">
         <name>.debug_line</name>
         <load_address>0x4f</load_address>
         <run_address>0x4f</run_address>
         <size>0x55</size>
         <input_file_ref idref="fl-132"/>
      </object_component>
      <object_component id="oc-1d">
         <name>.debug_line</name>
         <load_address>0xa4</load_address>
         <run_address>0xa4</run_address>
         <size>0x4c</size>
         <input_file_ref idref="fl-134"/>
      </object_component>
      <object_component id="oc-21">
         <name>.debug_line</name>
         <load_address>0xf0</load_address>
         <run_address>0xf0</run_address>
         <size>0x4b</size>
         <input_file_ref idref="fl-133"/>
      </object_component>
      <object_component id="oc-26">
         <name>.debug_line</name>
         <load_address>0x13b</load_address>
         <run_address>0x13b</run_address>
         <size>0xa1</size>
         <input_file_ref idref="fl-2"/>
      </object_component>
      <object_component id="oc-2b">
         <name>.debug_line</name>
         <load_address>0x1dc</load_address>
         <run_address>0x1dc</run_address>
         <size>0xf3</size>
         <input_file_ref idref="fl-3"/>
      </object_component>
      <object_component id="oc-2f">
         <name>.debug_line</name>
         <load_address>0x2cf</load_address>
         <run_address>0x2cf</run_address>
         <size>0x41</size>
         <input_file_ref idref="fl-2"/>
      </object_component>
      <object_component id="oc-32">
         <name>.debug_line</name>
         <load_address>0x310</load_address>
         <run_address>0x310</run_address>
         <size>0x87</size>
         <input_file_ref idref="fl-13d"/>
      </object_component>
      <object_component id="oc-37">
         <name>.debug_line</name>
         <load_address>0x397</load_address>
         <run_address>0x397</run_address>
         <size>0x50</size>
         <input_file_ref idref="fl-13b"/>
      </object_component>
      <object_component id="oc-3c">
         <name>.debug_line</name>
         <load_address>0x3e7</load_address>
         <run_address>0x3e7</run_address>
         <size>0x7a</size>
         <input_file_ref idref="fl-135"/>
      </object_component>
      <object_component id="oc-43">
         <name>.debug_line</name>
         <load_address>0x461</load_address>
         <run_address>0x461</run_address>
         <size>0x88</size>
         <input_file_ref idref="fl-136"/>
      </object_component>
      <object_component id="oc-49">
         <name>.debug_line</name>
         <load_address>0x4e9</load_address>
         <run_address>0x4e9</run_address>
         <size>0x3a</size>
         <input_file_ref idref="fl-132"/>
      </object_component>
      <object_component id="oc-50">
         <name>.debug_line</name>
         <load_address>0x523</load_address>
         <run_address>0x523</run_address>
         <size>0x34</size>
         <input_file_ref idref="fl-134"/>
      </object_component>
      <object_component id="oc-55">
         <name>.debug_line</name>
         <load_address>0x557</load_address>
         <run_address>0x557</run_address>
         <size>0x8c</size>
         <input_file_ref idref="fl-133"/>
      </object_component>
      <object_component id="oc-5d">
         <name>.debug_line</name>
         <load_address>0x5e3</load_address>
         <run_address>0x5e3</run_address>
         <size>0x39</size>
         <input_file_ref idref="fl-133"/>
      </object_component>
      <object_component id="oc-63">
         <name>.debug_line</name>
         <load_address>0x61c</load_address>
         <run_address>0x61c</run_address>
         <size>0x6b</size>
         <input_file_ref idref="fl-152"/>
      </object_component>
      <object_component id="oc-67">
         <name>.debug_line</name>
         <load_address>0x687</load_address>
         <run_address>0x687</run_address>
         <size>0x6b</size>
         <input_file_ref idref="fl-152"/>
      </object_component>
      <object_component id="oc-6d">
         <name>.debug_line</name>
         <load_address>0x6f2</load_address>
         <run_address>0x6f2</run_address>
         <size>0xb9</size>
         <input_file_ref idref="fl-150"/>
      </object_component>
      <object_component id="oc-73">
         <name>.debug_line</name>
         <load_address>0x7ab</load_address>
         <run_address>0x7ab</run_address>
         <size>0x6d</size>
         <input_file_ref idref="fl-150"/>
      </object_component>
      <object_component id="oc-76">
         <name>.debug_line</name>
         <load_address>0x818</load_address>
         <run_address>0x818</run_address>
         <size>0x72</size>
         <input_file_ref idref="fl-152"/>
      </object_component>
      <object_component id="oc-7b">
         <name>.debug_line</name>
         <load_address>0x88a</load_address>
         <run_address>0x88a</run_address>
         <size>0x6c</size>
         <input_file_ref idref="fl-152"/>
      </object_component>
      <object_component id="oc-80">
         <name>.debug_line</name>
         <load_address>0x8f6</load_address>
         <run_address>0x8f6</run_address>
         <size>0x80</size>
         <input_file_ref idref="fl-152"/>
      </object_component>
      <object_component id="oc-85">
         <name>.debug_line</name>
         <load_address>0x976</load_address>
         <run_address>0x976</run_address>
         <size>0x6c</size>
         <input_file_ref idref="fl-152"/>
      </object_component>
      <object_component id="oc-8b">
         <name>.debug_line</name>
         <load_address>0x9e2</load_address>
         <run_address>0x9e2</run_address>
         <size>0xf1</size>
         <input_file_ref idref="fl-150"/>
      </object_component>
      <object_component id="oc-90">
         <name>.debug_line</name>
         <load_address>0xad3</load_address>
         <run_address>0xad3</run_address>
         <size>0x7d</size>
         <input_file_ref idref="fl-14e"/>
      </object_component>
      <object_component id="oc-94">
         <name>.debug_line</name>
         <load_address>0xb50</load_address>
         <run_address>0xb50</run_address>
         <size>0x6e</size>
         <input_file_ref idref="fl-152"/>
      </object_component>
      <object_component id="oc-99">
         <name>.debug_line</name>
         <load_address>0xbbe</load_address>
         <run_address>0xbbe</run_address>
         <size>0xaf</size>
         <input_file_ref idref="fl-152"/>
      </object_component>
      <object_component id="oc-9e">
         <name>.debug_line</name>
         <load_address>0xc6d</load_address>
         <run_address>0xc6d</run_address>
         <size>0x72</size>
         <input_file_ref idref="fl-152"/>
      </object_component>
      <object_component id="oc-a4">
         <name>.debug_line</name>
         <load_address>0xcdf</load_address>
         <run_address>0xcdf</run_address>
         <size>0x6d</size>
         <input_file_ref idref="fl-152"/>
      </object_component>
      <object_component id="oc-a9">
         <name>.debug_line</name>
         <load_address>0xd4c</load_address>
         <run_address>0xd4c</run_address>
         <size>0x6b</size>
         <input_file_ref idref="fl-152"/>
      </object_component>
      <object_component id="oc-ae">
         <name>.debug_line</name>
         <load_address>0xdb7</load_address>
         <run_address>0xdb7</run_address>
         <size>0x80</size>
         <input_file_ref idref="fl-14f"/>
      </object_component>
      <object_component id="oc-b3">
         <name>.debug_line</name>
         <load_address>0xe37</load_address>
         <run_address>0xe37</run_address>
         <size>0x75</size>
         <input_file_ref idref="fl-14f"/>
      </object_component>
      <object_component id="oc-ba">
         <name>.debug_line</name>
         <load_address>0xeac</load_address>
         <run_address>0xeac</run_address>
         <size>0x99</size>
         <input_file_ref idref="fl-151"/>
      </object_component>
      <object_component id="oc-bd">
         <name>.debug_line</name>
         <load_address>0xf45</load_address>
         <run_address>0xf45</run_address>
         <size>0x6c</size>
         <input_file_ref idref="fl-14f"/>
      </object_component>
      <object_component id="oc-c3">
         <name>.debug_line</name>
         <load_address>0xfb1</load_address>
         <run_address>0xfb1</run_address>
         <size>0x70</size>
         <input_file_ref idref="fl-151"/>
      </object_component>
      <object_component id="oc-c7">
         <name>.debug_line</name>
         <load_address>0x1021</load_address>
         <run_address>0x1021</run_address>
         <size>0x6b</size>
         <input_file_ref idref="fl-14e"/>
      </object_component>
      <object_component id="oc-cc">
         <name>.debug_line</name>
         <load_address>0x108c</load_address>
         <run_address>0x108c</run_address>
         <size>0x6c</size>
         <input_file_ref idref="fl-14f"/>
      </object_component>
      <object_component id="oc-d0">
         <name>.debug_line</name>
         <load_address>0x10f8</load_address>
         <run_address>0x10f8</run_address>
         <size>0x6b</size>
         <input_file_ref idref="fl-152"/>
      </object_component>
      <object_component id="oc-d6">
         <name>.debug_line</name>
         <load_address>0x1163</load_address>
         <run_address>0x1163</run_address>
         <size>0x6c</size>
         <input_file_ref idref="fl-14f"/>
      </object_component>
      <object_component id="oc-dc">
         <name>.debug_line</name>
         <load_address>0x11cf</load_address>
         <run_address>0x11cf</run_address>
         <size>0x89</size>
         <input_file_ref idref="fl-137"/>
      </object_component>
      <object_component id="oc-e0">
         <name>.debug_line</name>
         <load_address>0x1258</load_address>
         <run_address>0x1258</run_address>
         <size>0x6c</size>
         <input_file_ref idref="fl-14e"/>
      </object_component>
      <object_component id="oc-e6">
         <name>.debug_line</name>
         <load_address>0x12c4</load_address>
         <run_address>0x12c4</run_address>
         <size>0x6c</size>
         <input_file_ref idref="fl-14f"/>
      </object_component>
      <object_component id="oc-ef">
         <name>.debug_line</name>
         <load_address>0x1330</load_address>
         <run_address>0x1330</run_address>
         <size>0x20</size>
         <input_file_ref idref="fl-2"/>
      </object_component>
      <object_component id="oc-f4">
         <name>.debug_line</name>
         <load_address>0x1350</load_address>
         <run_address>0x1350</run_address>
         <size>0x59</size>
         <input_file_ref idref="fl-2"/>
      </object_component>
      <object_component id="oc-f8">
         <name>.debug_line</name>
         <load_address>0x13a9</load_address>
         <run_address>0x13a9</run_address>
         <size>0x41</size>
         <input_file_ref idref="fl-2"/>
      </object_component>
      <object_component id="oc-fa">
         <name>.debug_line</name>
         <load_address>0x13ea</load_address>
         <run_address>0x13ea</run_address>
         <size>0x6d</size>
         <input_file_ref idref="fl-13e"/>
      </object_component>
      <object_component id="oc-108">
         <name>.debug_line</name>
         <load_address>0x1457</load_address>
         <run_address>0x1457</run_address>
         <size>0x33</size>
         <input_file_ref idref="fl-138"/>
      </object_component>
      <object_component id="oc-10c">
         <name>.debug_line</name>
         <load_address>0x148a</load_address>
         <run_address>0x148a</run_address>
         <size>0x44</size>
         <input_file_ref idref="fl-132"/>
      </object_component>
      <object_component id="oc-110">
         <name>.debug_line</name>
         <load_address>0x14ce</load_address>
         <run_address>0x14ce</run_address>
         <size>0x20</size>
         <input_file_ref idref="fl-132"/>
      </object_component>
      <object_component id="oc-113">
         <name>.debug_line</name>
         <load_address>0x14ee</load_address>
         <run_address>0x14ee</run_address>
         <size>0x44</size>
         <input_file_ref idref="fl-134"/>
      </object_component>
      <object_component id="oc-117">
         <name>.debug_line</name>
         <load_address>0x1532</load_address>
         <run_address>0x1532</run_address>
         <size>0x20</size>
         <input_file_ref idref="fl-134"/>
      </object_component>
      <object_component id="oc-11a">
         <name>.debug_line</name>
         <load_address>0x1552</load_address>
         <run_address>0x1552</run_address>
         <size>0x20</size>
         <input_file_ref idref="fl-133"/>
      </object_component>
      <object_component id="oc-11e">
         <name>.debug_line</name>
         <load_address>0x1572</load_address>
         <run_address>0x1572</run_address>
         <size>0x5e</size>
         <input_file_ref idref="fl-14e"/>
      </object_component>
      <object_component id="oc-131">
         <name>.debug_line</name>
         <load_address>0x15d0</load_address>
         <run_address>0x15d0</run_address>
         <size>0x6d</size>
         <input_file_ref idref="fl-14e"/>
      </object_component>
      <object_component id="oc-136">
         <name>.debug_line</name>
         <load_address>0x163d</load_address>
         <run_address>0x163d</run_address>
         <size>0x6c</size>
         <input_file_ref idref="fl-14e"/>
      </object_component>
      <object_component id="oc-13f">
         <name>.debug_line</name>
         <load_address>0x16a9</load_address>
         <run_address>0x16a9</run_address>
         <size>0x20</size>
         <input_file_ref idref="fl-14e"/>
      </object_component>
      <object_component id="oc-144">
         <name>.debug_line</name>
         <load_address>0x16c9</load_address>
         <run_address>0x16c9</run_address>
         <size>0x81</size>
         <input_file_ref idref="fl-152"/>
      </object_component>
      <object_component id="oc-14a">
         <name>.debug_line</name>
         <load_address>0x174a</load_address>
         <run_address>0x174a</run_address>
         <size>0x88</size>
         <input_file_ref idref="fl-151"/>
      </object_component>
      <object_component id="oc-159">
         <name>.debug_line</name>
         <load_address>0x17d2</load_address>
         <run_address>0x17d2</run_address>
         <size>0x6a</size>
         <input_file_ref idref="fl-153"/>
      </object_component>
      <object_component id="oc-164">
         <name>.debug_line</name>
         <load_address>0x183c</load_address>
         <run_address>0x183c</run_address>
         <size>0x90a</size>
         <input_file_ref idref="fl-13a"/>
      </object_component>
      <object_component id="oc-16a">
         <name>.debug_line</name>
         <load_address>0x2146</load_address>
         <run_address>0x2146</run_address>
         <size>0x59</size>
         <input_file_ref idref="fl-3"/>
      </object_component>
      <object_component id="oc-170">
         <name>.debug_line</name>
         <load_address>0x219f</load_address>
         <run_address>0x219f</run_address>
         <size>0x11c</size>
         <input_file_ref idref="fl-3"/>
      </object_component>
      <object_component id="oc-173">
         <name>.debug_line</name>
         <load_address>0x22bb</load_address>
         <run_address>0x22bb</run_address>
         <size>0x5a</size>
         <input_file_ref idref="fl-3"/>
      </object_component>
      <object_component id="oc-179">
         <name>.debug_line</name>
         <load_address>0x2315</load_address>
         <run_address>0x2315</run_address>
         <size>0x2b</size>
         <input_file_ref idref="fl-13b"/>
      </object_component>
      <object_component id="oc-17c">
         <name>.debug_line</name>
         <load_address>0x2340</load_address>
         <run_address>0x2340</run_address>
         <size>0x2b</size>
         <input_file_ref idref="fl-13b"/>
      </object_component>
      <object_component id="oc-183">
         <name>.debug_line</name>
         <load_address>0x236b</load_address>
         <run_address>0x236b</run_address>
         <size>0x66</size>
         <input_file_ref idref="fl-139"/>
      </object_component>
      <object_component id="oc-185">
         <name>.debug_line</name>
         <load_address>0x23d1</load_address>
         <run_address>0x23d1</run_address>
         <size>0x2b</size>
         <input_file_ref idref="fl-139"/>
      </object_component>
      <object_component id="oc-188">
         <name>.debug_line</name>
         <load_address>0x23fc</load_address>
         <run_address>0x23fc</run_address>
         <size>0x2a</size>
         <input_file_ref idref="fl-135"/>
      </object_component>
      <object_component id="oc-18a">
         <name>.debug_line</name>
         <load_address>0x2426</load_address>
         <run_address>0x2426</run_address>
         <size>0x43</size>
         <input_file_ref idref="fl-135"/>
      </object_component>
      <object_component id="oc-18c">
         <name>.debug_line</name>
         <load_address>0x2469</load_address>
         <run_address>0x2469</run_address>
         <size>0x5b</size>
         <input_file_ref idref="fl-152"/>
      </object_component>
      <object_component id="oc-18e">
         <name>.debug_line</name>
         <load_address>0x24c4</load_address>
         <run_address>0x24c4</run_address>
         <size>0xc8</size>
         <input_file_ref idref="fl-150"/>
      </object_component>
      <object_component id="oc-191">
         <name>.debug_line</name>
         <load_address>0x258c</load_address>
         <run_address>0x258c</run_address>
         <size>0x58</size>
         <input_file_ref idref="fl-150"/>
      </object_component>
      <object_component id="oc-195">
         <name>.debug_line</name>
         <load_address>0x25e4</load_address>
         <run_address>0x25e4</run_address>
         <size>0x56</size>
         <input_file_ref idref="fl-152"/>
      </object_component>
      <object_component id="oc-197">
         <name>.debug_line</name>
         <load_address>0x263a</load_address>
         <run_address>0x263a</run_address>
         <size>0x58</size>
         <input_file_ref idref="fl-150"/>
      </object_component>
      <object_component id="oc-19b">
         <name>.debug_line</name>
         <load_address>0x2692</load_address>
         <run_address>0x2692</run_address>
         <size>0x5b</size>
         <input_file_ref idref="fl-14e"/>
      </object_component>
      <object_component id="oc-1a5">
         <name>.debug_line</name>
         <load_address>0x26ed</load_address>
         <run_address>0x26ed</run_address>
         <size>0x5b</size>
         <input_file_ref idref="fl-14f"/>
      </object_component>
      <object_component id="oc-1a7">
         <name>.debug_line</name>
         <load_address>0x2748</load_address>
         <run_address>0x2748</run_address>
         <size>0x5b</size>
         <input_file_ref idref="fl-151"/>
      </object_component>
      <object_component id="oc-1a9">
         <name>.debug_line</name>
         <load_address>0x27a3</load_address>
         <run_address>0x27a3</run_address>
         <size>0x55</size>
         <input_file_ref idref="fl-151"/>
      </object_component>
      <object_component id="oc-1ac">
         <name>.debug_line</name>
         <load_address>0x27f8</load_address>
         <run_address>0x27f8</run_address>
         <size>0x118</size>
         <input_file_ref idref="fl-14b"/>
      </object_component>
      <object_component id="oc-1b1">
         <name>.debug_line</name>
         <load_address>0x2910</load_address>
         <run_address>0x2910</run_address>
         <size>0x43</size>
         <input_file_ref idref="fl-146"/>
      </object_component>
      <object_component id="oc-1b5">
         <name>.debug_line</name>
         <load_address>0x2953</load_address>
         <run_address>0x2953</run_address>
         <size>0x60</size>
         <input_file_ref idref="fl-14a"/>
      </object_component>
      <object_component id="oc-1bb">
         <name>.debug_line</name>
         <load_address>0x29b3</load_address>
         <run_address>0x29b3</run_address>
         <size>0x73</size>
         <input_file_ref idref="fl-141"/>
      </object_component>
      <object_component id="oc-1bd">
         <name>.debug_line</name>
         <load_address>0x2a26</load_address>
         <run_address>0x2a26</run_address>
         <size>0x8e</size>
         <input_file_ref idref="fl-143"/>
      </object_component>
      <object_component id="oc-1c1">
         <name>.debug_line</name>
         <load_address>0x2ab4</load_address>
         <run_address>0x2ab4</run_address>
         <size>0xa8</size>
         <input_file_ref idref="fl-142"/>
      </object_component>
      <object_component id="oc-1c6">
         <name>.debug_line</name>
         <load_address>0x2b5c</load_address>
[...]
         <size>0xa83</size>
         <flags>0x6</flags>
         <contents>
            <logical_group_ref idref="lg-9"/>
            <logical_group_ref idref="lg-d"/>
            <logical_group_ref idref="lg-a"/>
            <logical_group_ref idref="lg-b"/>
         </contents>
      </load_segment>
   </logical_group_list>
   <placement_map>
      <memory_area display="yes" color="green">
         <name>FLASH</name>
         <page_id>0x0</page_id>
         <origin>0x0</origin>
         <length>0x40000</length>
         <used_space>0x2aa6</used_space>
         <unused_space>0x3d55a</unused_space>
         <attributes>RX</attributes>
         <usage_details>
            <allocated_space>
               <start_address>0x0</start_address>
               <size>0x26c</size>
               <logical_group_ref idref="lg-3"/>
            </allocated_space>
            <allocated_space>
               <start_address>0x26c</start_address>
               <size>0x2402</size>
               <logical_group_ref idref="lg-4"/>
            </allocated_space>
            <available_space>
               <start_address>0x266e</start_address>
               <size>0x2</size>
            </available_space>
            <allocated_space>
               <start_address>0x2670</start_address>
               <size>0x3f0</size>
               <logical_group_ref idref="lg-5"/>
            </allocated_space>
            <allocated_space>
               <start_address>0x2a60</start_address>
               <size>0x48</size>
               <logical_group_ref idref="lg-6"/>
            </allocated_space>
            <available_space>
               <start_address>0x2aa8</start_address>
               <size>0x3d558</size>
            </available_space>
         </usage_details>
      </memory_area>
      <memory_area display="yes" color="green">
         <name>SRAM</name>
         <page_id>0x0</page_id>
         <origin>0x20000000</origin>
         <length>0x8000</length>
         <used_space>0xa83</used_space>
         <unused_space>0x757d</unused_space>
         <attributes>RWX</attributes>
         <usage_details>
            <allocated_space>
               <start_address>0x20000000</start_address>
               <size>0x26c</size>
               <logical_group_ref idref="lg-9"/>
            </allocated_space>
            <allocated_space>
               <start_address>0x2000026c</start_address>
               <size>0x800</size>
               <logical_group_ref idref="lg-d"/>
            </allocated_space>
            <allocated_space>
               <start_address>0x20000a6c</start_address>
               <size>0x14</size>
               <logical_group_ref idref="lg-a"/>
            </allocated_space>
            <allocated_space>
               <start_address>0x20000a80</start_address>
               <size>0x3</size>
               <logical_group_ref idref="lg-b"/>
            </allocated_space>
            <available_space>
               <start_address>0x20000a83</start_address>
               <size>0x757d</size>
            </available_space>
         </usage_details>
      </memory_area>
   </placement_map>
   <cptbl_list>
      <cptbl>
         <name>__TI_cinit_table</name>
         <cprec>
            <name>.data</name>
            <load_address>0x2a60</load_address>
            <load_size>0xf</load_size>
            <run_address>0x20000a6c</run_address>
            <run_size>0x14</run_size>
            <compression>rle</compression>
         </cprec>
         <cprec>
            <name>.bss</name>
            <load_address>0x2a80</load_address>
            <load_size>0x8</load_size>
            <run_address>0x20000a80</run_address>
            <run_size>0x3</run_size>
            <compression>zero_init</compression>
         </cprec>
         <cprec>
            <name>.vtable</name>
            <load_address>0x2a88</load_address>
            <load_size>0x8</load_size>
            <run_address>0x20000000</run_address>
            <run_size>0x26c</run_size>
            <compression>zero_init</compression>
         </cprec>
      </cptbl>
   </cptbl_list>
   <handler_table>
      <handler_table_name>__TI_handler_table</handler_table_name>
      <handler>
         <index>0x0</index>
         <name>__TI_zero_init</name>
      </handler>
      <handler>
         <index>0x1</index>
         <name>__TI_decompress_rle24</name>
      </handler>
      <handler>
         <index>0x2</index>
         <name>__TI_decompress_none</name>
      </handler>
   </handler_table>
   <symbol_table>
      <symbol id="sm-1">
         <name>__STACK_TOP</name>
         <value>0x2000046c</value>
      </symbol>
      <symbol id="sm-2">
         <name>__TI_CINIT_Base</name>
         <value>0x2a90</value>
      </symbol>
      <symbol id="sm-3">
         <name>__TI_CINIT_Limit</name>
         <value>0x2aa8</value>
      </symbol>
      <symbol id="sm-4">
         <name>__TI_Handler_Table_Base</name>
         <value>0x2a70</value>
      </symbol>
      <symbol id="sm-5">
         <name>__TI_Handler_Table_Limit</name>
         <value>0x2a7c</value>
      </symbol>
      <symbol id="sm-6">
         <name>binit</name>
         <value>0xffffffff</value>
      </symbol>
      <symbol id="sm-7">
         <name>__binit__</name>
         <value>0xffffffff</value>
      </symbol>
      <symbol id="sm-8">
         <name>__STACK_SIZE</name>
         <value>0x800</value>
      </symbol>
      <symbol id="sm-9">
         <name>__STACK_END</name>
         <value>0x20000a6c</value>
      </symbol>
      <symbol id="sm-a">
         <name>__c_args__</name>
         <value>0xffffffff</value>
      </symbol>
      <symbol id="sm-40">
         <name>ResetISR</name>
         <value>0x261b</value>
         <object_component_ref idref="oc-24"/>
      </symbol>
      <symbol id="sm-41">
         <name>g_pfnVectors</name>
         <value>0x0</value>
         <object_component_ref idref="oc-e"/>
      </symbol>
      <symbol id="sm-74">
         <name>ui16Pulso</name>
         <value>0x20000a80</value>
      </symbol>
      <symbol id="sm-75">
         <name>ui8Tempo</name>
         <value>0x20000a82</value>
      </symbol>
      <symbol id="sm-76">
         <name>main</name>
         <value>0x1117</value>
         <object_component_ref idref="oc-29"/>
      </symbol>
      <symbol id="sm-77">
         <name>GPIODIntHandler</name>
         <value>0x10f9</value>
         <object_component_ref idref="oc-29"/>
      </symbol>
      <symbol id="sm-78">
         <name>Timer0IntHandler</name>
         <value>0x1333</value>
         <object_component_ref idref="oc-29"/>
      </symbol>
      <symbol id="sm-87">
         <name>_c_int00</name>
         <value>0x2209</value>
         <object_component_ref idref="oc-10"/>
      </symbol>
      <symbol id="sm-88">
         <name>__stack</name>
         <value>0x2000026c</value>
         <object_component_ref idref="oc-23"/>
      </symbol>
      <symbol id="sm-9e">
         <name>__TI_decompress_none</name>
         <value>0x25f5</value>
         <object_component_ref idref="oc-14"/>
      </symbol>
      <symbol id="sm-c0">
         <name>__TI_decompress_rle24</name>
         <value>0x2665</value>
         <object_component_ref idref="oc-1e"/>
      </symbol>
      <symbol id="sm-d8">
         <name>__TI_zero_init</name>
         <value>0x25c3</value>
         <object_component_ref idref="oc-19"/>
      </symbol>
      <symbol id="sm-f4">
         <name>C$$EXIT</name>
         <value>0x22dd</value>
         <object_component_ref idref="oc-3a"/>
      </symbol>
      <symbol id="sm-f5">
         <name>abort</name>
         <value>0x22e1</value>
         <object_component_ref idref="oc-3a"/>
      </symbol>
      <symbol id="sm-f6">
         <name>exit</name>
         <value>0x22e9</value>
         <object_component_ref idref="oc-3a"/>
      </symbol>
      <symbol id="sm-f7">
         <name>__TI_dtors_ptr</name>
         <value>0x20000a78</value>
         <object_component_ref idref="oc-103"/>
      </symbol>
      <symbol id="sm-f8">
         <name>__TI_cleanup_ptr</name>
         <value>0x20000a74</value>
         <object_component_ref idref="oc-103"/>
      </symbol>
      <symbol id="sm-112">
         <name>memcpy</name>
         <value>0x1ca5</value>
         <object_component_ref idref="oc-42"/>
      </symbol>
      <symbol id="sm-113">
         <name>__aeabi_memcpy</name>
         <value>0x1ca5</value>
         <object_component_ref idref="oc-42"/>
      </symbol>
      <symbol id="sm-114">
         <name>__aeabi_memcpy8</name>
         <value>0x1ca5</value>
         <object_component_ref idref="oc-42"/>
      </symbol>
      <symbol id="sm-115">
         <name>__aeabi_memcpy4</name>
         <value>0x1ca5</value>
         <object_component_ref idref="oc-42"/>
      </symbol>
      <symbol id="sm-12d">
         <name>sprintf</name>
         <value>0x1fa9</value>
         <object_component_ref idref="oc-d9"/>
      </symbol>
      <symbol id="sm-134">
         <name>main_func_sp</name>
         <value>0x20000a7c</value>
         <object_component_ref idref="oc-3f"/>
      </symbol>
      <symbol id="sm-14a">
         <name>_nop</name>
         <value>0x2573</value>
         <object_component_ref idref="oc-17f"/>
      </symbol>
      <symbol id="sm-14b">
         <name>_lock</name>
         <value>0x20000a6c</value>
         <object_component_ref idref="oc-101"/>
      </symbol>
      <symbol id="sm-14c">
         <name>_unlock</name>
         <value>0x20000a70</value>
         <object_component_ref idref="oc-101"/>
      </symbol>
      <symbol id="sm-14d">
         <name>_register_lock</name>
         <value>0x256b</value>
         <object_component_ref idref="oc-17f"/>
      </symbol>
      <symbol id="sm-14e">
         <name>_register_unlock</name>
         <value>0x2565</value>
         <object_component_ref idref="oc-17f"/>
      </symbol>
      <symbol id="sm-236">
         <name>__TI_printfi</name>
         <value>0xdef</value>
         <object_component_ref idref="oc-161"/>
      </symbol>
      <symbol id="sm-249">
         <name>_args_main</name>
         <value>0x250d</value>
         <object_component_ref idref="oc-35"/>
      </symbol>
      <symbol id="sm-25e">
         <name>atoi</name>
         <value>0x2175</value>
         <object_component_ref idref="oc-1e7"/>
      </symbol>
      <symbol id="sm-27a">
         <name>__TI_auto_init</name>
         <value>0x1d41</value>
         <object_component_ref idref="oc-31"/>
      </symbol>
      <symbol id="sm-292">
         <name>copy_in</name>
         <value>0x2299</value>
         <object_component_ref idref="oc-f9"/>
      </symbol>
      <symbol id="sm-29c">
         <name>_ctypes_</name>
         <value>0x2670</value>
         <object_component_ref idref="oc-225"/>
      </symbol>
      <symbol id="sm-2b2">
         <name>__aeabi_dsub</name>
         <value>0x1585</value>
         <object_component_ref idref="oc-1d5"/>
      </symbol>
      <symbol id="sm-2b3">
         <name>__aeabi_dadd</name>
         <value>0x158f</value>
         <object_component_ref idref="oc-1d5"/>
      </symbol>
      <symbol id="sm-2d3">
         <name>__aeabi_cdcmpeq</name>
         <value>0x1dd5</value>
         <object_component_ref idref="oc-1b8"/>
      </symbol>
      <symbol id="sm-2d4">
         <name>__aeabi_cdcmple</name>
         <value>0x1dd5</value>
         <object_component_ref idref="oc-1b8"/>
      </symbol>
      <symbol id="sm-2d5">
         <name>__aeabi_cdrcmple</name>
         <value>0x1e53</value>
         <object_component_ref idref="oc-1c4"/>
      </symbol>
      <symbol id="sm-2e8">
         <name>__aeabi_ddiv</name>
         <value>0x173b</value>
         <object_component_ref idref="oc-1c0"/>
      </symbol>
      <symbol id="sm-2f2">
         <name>__aeabi_dmul</name>
         <value>0x1ab9</value>
         <object_component_ref idref="oc-1bc"/>
      </symbol>
      <symbol id="sm-2fb">
         <name>__aeabi_d2iz</name>
         <value>0x2251</value>
         <object_component_ref idref="oc-1c8"/>
      </symbol>
      <symbol id="sm-304">
         <name>__aeabi_i2d</name>
         <value>0x244d</value>
         <object_component_ref idref="oc-1d1"/>
      </symbol>
      <symbol id="sm-30c">
         <name>__aeabi_lmul</name>
         <value>0x2525</value>
         <object_component_ref idref="oc-1af"/>
      </symbol>
      <symbol id="sm-31a">
         <name>ltoa</name>
         <value>0x20c5</value>
         <object_component_ref idref="oc-1cc"/>
      </symbol>
      <symbol id="sm-329">
         <name>memccpy</name>
         <value>0x24c1</value>
         <object_component_ref idref="oc-1e2"/>
      </symbol>
      <symbol id="sm-337">
         <name>__aeabi_memset</name>
         <value>0x1ed3</value>
         <object_component_ref idref="oc-1d9"/>
      </symbol>
      <symbol id="sm-338">
         <name>memset</name>
         <value>0x1ed9</value>
         <object_component_ref idref="oc-1d9"/>
      </symbol>
      <symbol id="sm-339">
         <name>__aeabi_memset8</name>
         <value>0x1ed3</value>
         <object_component_ref idref="oc-1d9"/>
      </symbol>
      <symbol id="sm-33a">
         <name>__aeabi_memset4</name>
         <value>0x1ed3</value>
         <object_component_ref idref="oc-1d9"/>
      </symbol>
      <symbol id="sm-33b">
         <name>__aeabi_memclr8</name>
         <value>0x1ed1</value>
         <object_component_ref idref="oc-1d9"/>
      </symbol>
      <symbol id="sm-33c">
         <name>__aeabi_memclr4</name>
         <value>0x1ed1</value>
         <object_component_ref idref="oc-1d9"/>
      </symbol>
      <symbol id="sm-33d">
         <name>__aeabi_memclr</name>
         <value>0x1ed1</value>
         <object_component_ref idref="oc-1d9"/>
      </symbol>
      <symbol id="sm-34a">
         <name>strlen</name>
         <value>0x2579</value>
         <object_component_ref idref="oc-1b3"/>
      </symbol>
      <symbol id="sm-365">
         <name>__aeabi_uldivmod</name>
         <value>0x1391</value>
         <object_component_ref idref="oc-1ab"/>
      </symbol>
      <symbol id="sm-36e">
         <name>_Dclass</name>
         <value>0x25d5</value>
         <object_component_ref idref="oc-1dd"/>
      </symbol>
      <symbol id="sm-37f">
         <name>_Dtest</name>
         <value>0x2321</value>
         <object_component_ref idref="oc-21d"/>
      </symbol>
      <symbol id="sm-3ba">
         <name>UARTConfigSetExpClk</name>
         <value>0x2365</value>
         <object_component_ref idref="oc-8e"/>
      </symbol>
      <symbol id="sm-3bb">
         <name>UARTDisable</name>
         <value>0x24a5</value>
         <object_component_ref idref="oc-12f"/>
      </symbol>
      <symbol id="sm-3bc">
         <name>UARTCharPut</name>
         <value>0x2631</value>
         <object_component_ref idref="oc-de"/>
      </symbol>
      <symbol id="sm-3bd">
         <name>UARTEnable</name>
         <value>0x2551</value>
         <object_component_ref idref="oc-134"/>
      </symbol>
      <symbol id="sm-3be">
         <name>UARTFIFOEnable</name>
         <value>0x263b</value>
         <object_component_ref idref="oc-c5"/>
      </symbol>
      <symbol id="sm-3f5">
         <name>TimerLoadSet</name>
         <value>0x25b1</value>
         <object_component_ref idref="oc-b1"/>
      </symbol>
      <symbol id="sm-3f6">
         <name>TimerDisable</name>
         <value>0x253d</value>
         <object_component_ref idref="oc-ca"/>
      </symbol>
      <symbol id="sm-3f7">
         <name>TimerEnable</name>
         <value>0x25e7</value>
         <object_component_ref idref="oc-d4"/>
      </symbol>
      <symbol id="sm-3f8">
         <name>TimerIntEnable</name>
         <value>0x2645</value>
         <object_component_ref idref="oc-bb"/>
      </symbol>
      <symbol id="sm-3f9">
         <name>TimerConfigure</name>
         <value>0x2069</value>
         <object_component_ref idref="oc-ac"/>
      </symbol>
      <symbol id="sm-3fa">
         <name>TimerIntClear</name>
         <value>0x266b</value>
         <object_component_ref idref="oc-e4"/>
      </symbol>
      <symbol id="sm-451">
         <name>SysCtlClockSet</name>
         <value>0x1bb5</value>
         <object_component_ref idref="oc-6b"/>
      </symbol>
      <symbol id="sm-452">
         <name>SysCtlDelay</name>
         <value>0x265f</value>
         <object_component_ref idref="oc-e3"/>
      </symbol>
      <symbol id="sm-453">
         <name>SysCtlPeripheralEnable</name>
         <value>0x2419</value>
         <object_component_ref idref="oc-70"/>
      </symbol>
      <symbol id="sm-454">
         <name>SysCtlClockGet</name>
         <value>0x19a1</value>
         <object_component_ref idref="oc-89"/>
      </symbol>
      <symbol id="sm-491">
         <name>IntEnable</name>
         <value>0x1f49</value>
         <object_component_ref idref="oc-b6"/>
      </symbol>
      <symbol id="sm-492">
         <name>IntRegister</name>
         <value>0x23e5</value>
         <object_component_ref idref="oc-148"/>
      </symbol>
      <symbol id="sm-493">
         <name>g_pfnRAMVectors</name>
         <value>0x20000000</value>
         <object_component_ref idref="oc-1a1"/>
      </symbol>
      <symbol id="sm-494">
         <name>IntMasterEnable</name>
         <value>0x2627</value>
         <object_component_ref idref="oc-c0"/>
      </symbol>
      <symbol id="sm-51f">
         <name>GPIOIntRegister</name>
         <value>0x24dd</value>
         <object_component_ref idref="oc-a2"/>
      </symbol>
      <symbol id="sm-520">
         <name>GPIOPinConfigure</name>
         <value>0x21c1</value>
         <object_component_ref idref="oc-7f"/>
      </symbol>
      <symbol id="sm-521">
         <name>GPIOIntEnable</name>
         <value>0x260f</value>
         <object_component_ref idref="oc-a7"/>
      </symbol>
      <symbol id="sm-522">
         <name>GPIOIntTypeSet</name>
         <value>0x211f</value>
         <object_component_ref idref="oc-9d"/>
      </symbol>
      <symbol id="sm-523">
         <name>GPIOPinTypeGPIOInput</name>
         <value>0x258d</value>
         <object_component_ref idref="oc-7a"/>
      </symbol>
      <symbol id="sm-524">
         <name>GPIOIntClear</name>
         <value>0x264d</value>
         <object_component_ref idref="oc-61"/>
      </symbol>
      <symbol id="sm-525">
         <name>GPIOPinTypeUART</name>
         <value>0x259f</value>
         <object_component_ref idref="oc-84"/>
      </symbol>
      <symbol id="sm-526">
         <name>GPIOPinTypeGPIOOutput</name>
         <value>0x24f5</value>
         <object_component_ref idref="oc-75"/>
      </symbol>
      <symbol id="sm-527">
         <name>GPIOPinRead</name>
         <value>0x2653</value>
         <object_component_ref idref="oc-66"/>
      </symbol>
      <symbol id="sm-528">
         <name>GPIODirModeSet</name>
         <value>0x247b</value>
         <object_component_ref idref="oc-93"/>
      </symbol>
      <symbol id="sm-529">
         <name>GPIOPinWrite</name>
         <value>0x2659</value>
         <object_component_ref idref="oc-cf"/>
      </symbol>
      <symbol id="sm-52a">
         <name>GPIOPadConfigSet</name>
         <value>0x1871</value>
         <object_component_ref idref="oc-98"/>
      </symbol>
      <symbol id="sm-533">
         <name>CPUcpsie</name>
         <value>0x2603</value>
         <object_component_ref idref="oc-157"/>
      </symbol>
      <symbol id="sm-534">
         <name>__TI_static_base__</name>
         <value>0x0</value>
      </symbol>
      <symbol id="sm-535">
         <name>__TI_args_main</name>
         <value>0x1</value>
      </symbol>
      <symbol id="sm-536">
         <name>SHT$$INIT_ARRAY$$Limit</name>
         <value>0x0</value>
      </symbol>
      <symbol id="sm-537">
         <name>SHT$$INIT_ARRAY$$Base</name>
         <value>0x0</value>
      </symbol>
   </symbol_table>
   <title>Link successful</title>
</link_info>
