******************************************************************************
                  TI ARM Linker PC v5.1.1                      
******************************************************************************
>> Linked Mon Aug 01 21:17:10 2016

OUTPUT FILE NAME:   <TESTANDO_GPIOS_v2.out>
ENTRY POINT SYMBOL: "_c_int00"  address: 00002209


MEMORY CONFIGURATION

         name            origin    length      used     unused   attr    fill
----------------------  --------  ---------  --------  --------  ----  --------
  FLASH                 00000000   00040000  00002aa6  0003d55a  R  X
  SRAM                  20000000   00008000  00000a83  0000757d  RW X


SEGMENT ALLOCATION MAP

run origin  load origin   length   init length attrs members
----------  ----------- ---------- ----------- ----- -------
00000000    00000000    00002aa8   00002aa8    r-x
  00000000    00000000    0000026c   0000026c    r-- .intvecs
  0000026c    0000026c    00002402   00002402    r-x .text
  00002670    00002670    000003f0   000003f0    r-- .const
  00002a60    00002a60    00000048   00000048    r-- .cinit
20000000    20000000    00000a83   00000000    rw-
  20000000    20000000    0000026c   00000000    rw- .vtable
  2000026c    2000026c    00000800   00000000    rw- .stack
  20000a6c    20000a6c    00000014   00000000    rw- .data
  20000a80    20000a80    00000003   00000000    rw- .bss


SECTION ALLOCATION MAP

 output                                  attributes/
section   page    origin      length       input sections
--------  ----  ----------  ----------   ----------------
.intvecs   0    00000000    0000026c     
                  00000000    0000026c     tm4c123gh6pm_startup_ccs.obj (.intvecs)

.init_array 
*          0    00000000    00000000     UNINITIALIZED

.text      0    0000026c    00002402     
                  0000026c    00000e8c     rtsv7M4_T_le_v4SPD16_eabi.lib : _printfi.obj (.text)
                  000010f8    00000298     main.obj (.text)
                  00001390    000001f4     rtsv7M4_T_le_v4SPD16_eabi.lib : ull_div_t2.obj (.text)
                  00001584    000001b6                                   : fd_add_t2.obj (.text)
                  0000173a    00000136                                   : fd_div_t2.obj (.text)
                  00001870    00000130     driverlib.lib : gpio.obj (.text:GPIOPadConfigSet)
                  000019a0    00000118                   : sysctl.obj (.text:SysCtlClockGet)
                  00001ab8    000000fc     rtsv7M4_T_le_v4SPD16_eabi.lib : fd_mul_t2.obj (.text)
                  00001bb4    000000f0     driverlib.lib : sysctl.obj (.text:SysCtlClockSet)
                  00001ca4    0000009c     rtsv7M4_T_le_v4SPD16_eabi.lib : memcpy_t2.obj (.text)
                  00001d40    00000094                                   : auto_init.obj (.text)
                  00001dd4    0000007e                                   : fd_cmp_t2.obj (.text:__aeabi_cdcmple)
                  00001e52    0000007e                                   : fd_cmp_t2.obj (.text:__aeabi_cdrcmple)
                  00001ed0    00000078                                   : memset_t2.obj (.text)
                  00001f48    00000060     driverlib.lib : interrupt.obj (.text:IntEnable)
                  00001fa8    00000060     rtsv7M4_T_le_v4SPD16_eabi.lib : sprintf.obj (.text)
                  00002008    0000005e                                   : copy_decompress_rle.obj (.text)
                  00002066    00000002     --HOLE-- [fill = 0]
                  00002068    0000005c     driverlib.lib : timer.obj (.text:TimerConfigure)
                  000020c4    0000005a     rtsv7M4_T_le_v4SPD16_eabi.lib : ltoa.obj (.text)
                  0000211e    00000056     driverlib.lib : gpio.obj (.text:GPIOIntTypeSet)
                  00002174    0000004c     rtsv7M4_T_le_v4SPD16_eabi.lib : atoi.obj (.text)
                  000021c0    00000048     driverlib.lib : gpio.obj (.text:GPIOPinConfigure)
                  00002208    00000048     rtsv7M4_T_le_v4SPD16_eabi.lib : boot.obj (.text)
                  00002250    00000048                                   : fd_toi_t2.obj (.text)
                  00002298    00000044                                   : cpy_tbl.obj (.text)
                  000022dc    00000044                                   : exit.obj (.text)
                  00002320    00000044                                   : xdtest.obj (.text)
                  00002364    00000040     driverlib.lib : uart.obj (.text:UARTConfigSetExpClk)
                  000023a4    00000040                   : gpio.obj (.text:_GPIOIntNumberGet)
                  000023e4    00000034                   : interrupt.obj (.text:IntRegister)
                  00002418    00000034                   : sysctl.obj (.text:SysCtlPeripheralEnable)
                  0000244c    0000002e     rtsv7M4_T_le_v4SPD16_eabi.lib : i_tofd_t2.obj (.text)
                  0000247a    0000002a     driverlib.lib : gpio.obj (.text:GPIODirModeSet)
                  000024a4    0000001c                   : uart.obj (.text:UARTDisable)
                  000024c0    0000001c     rtsv7M4_T_le_v4SPD16_eabi.lib : memccpy.obj (.text)
                  000024dc    00000018     driverlib.lib : gpio.obj (.text:GPIOIntRegister)
                  000024f4    00000018                   : gpio.obj (.text:GPIOPinTypeGPIOOutput)
                  0000250c    00000018     rtsv7M4_T_le_v4SPD16_eabi.lib : args_main.obj (.text)
                  00002524    00000018                                   : ll_mul_t2.obj (.text)
                  0000253c    00000014     driverlib.lib : timer.obj (.text:TimerDisable)
                  00002550    00000014                   : uart.obj (.text:UARTEnable)
                  00002564    00000014     rtsv7M4_T_le_v4SPD16_eabi.lib : _lock.obj (.text)
                  00002578    00000014                                   : strlen.obj (.text)
                  0000258c    00000012     driverlib.lib : gpio.obj (.text:GPIOPinTypeGPIOInput)
                  0000259e    00000012                   : gpio.obj (.text:GPIOPinTypeUART)
                  000025b0    00000012                   : timer.obj (.text:TimerLoadSet)
                  000025c2    00000012     rtsv7M4_T_le_v4SPD16_eabi.lib : copy_zero_init.obj (.text:decompress:ZI)
                  000025d4    00000012                                   : xdclass.obj (.text)
                  000025e6    0000000e     driverlib.lib : timer.obj (.text:TimerEnable)
                  000025f4    0000000e     rtsv7M4_T_le_v4SPD16_eabi.lib : copy_decompress_none.obj (.text:decompress:none)
                  00002602    0000000c     driverlib.lib : cpu.obj (.text:CPUcpsie)
                  0000260e    0000000c                   : gpio.obj (.text:GPIOIntEnable)
                  0000261a    0000000c     tm4c123gh6pm_startup_ccs.obj (.text)
                  00002626    0000000a     driverlib.lib : interrupt.obj (.text:IntMasterEnable)
                  00002630    0000000a                   : uart.obj (.text:UARTCharPut)
                  0000263a    0000000a                   : uart.obj (.text:UARTFIFOEnable)
                  00002644    00000008                   : timer.obj (.text:TimerIntEnable)
                  0000264c    00000006                   : gpio.obj (.text:GPIOIntClear)
                  00002652    00000006                   : gpio.obj (.text:GPIOPinRead)
                  00002658    00000006                   : gpio.obj (.text:GPIOPinWrite)
                  0000265e    00000006                   : sysctl.obj (.text:SysCtlDelay)
                  00002664    00000006     rtsv7M4_T_le_v4SPD16_eabi.lib : copy_decompress_rle.obj (.text:decompress:rle24)
                  0000266a    00000004     driverlib.lib : timer.obj (.text:TimerIntClear)

.const     0    00002670    000003f0     
                  00002670    00000102     rtsv7M4_T_le_v4SPD16_eabi.lib : ctype.obj (.const:.string:_ctypes_)
                  00002772    00000002     --HOLE-- [fill = 0]
                  00002774    000000c0     driverlib.lib : gpio.obj (.const:g_ppui32GPIOIntMapBlizzard)
                  00002834    000000c0                   : gpio.obj (.const:g_ppui32GPIOIntMapSnowflake)
                  000028f4    00000090                   : gpio.obj (.const:g_pui32GPIOBaseAddrs)
                  00002984    00000070                   : interrupt.obj (.const)
                  000029f4    0000006c                   : sysctl.obj (.const:g_pui32Xtals)

.cinit     0    00002a60    00000048     
                  00002a60    0000000f     (.cinit..data.load) [load image, compression = rle]
                  00002a6f    00000001     --HOLE-- [fill = 0]
                  00002a70    0000000c     (__TI_handler_table)
                  00002a7c    00000004     --HOLE-- [fill = 0]
                  00002a80    00000008     (.cinit..bss.load) [load image, compression = zero_init]
                  00002a88    00000008     (.cinit..vtable.load) [load image, compression = zero_init]
                  00002a90    00000018     (__TI_cinit_table)

.vtable    0    20000000    0000026c     UNINITIALIZED
                  20000000    0000026c     driverlib.lib : interrupt.obj (.vtable)

.stack     0    2000026c    00000800     UNINITIALIZED
                  2000026c    00000800     --HOLE--

.data      0    20000a6c    00000014     UNINITIALIZED
                  20000a6c    00000008     rtsv7M4_T_le_v4SPD16_eabi.lib : _lock.obj (.data)
                  20000a74    00000008                                   : exit.obj (.data)
                  20000a7c    00000004                                   : stkdepth_vars.obj (.data)

.bss       0    20000a80    00000003     UNINITIALIZED
                  20000a80    00000002     (.common:ui16Pulso)
                  20000a82    00000001     (.common:ui8Tempo)


LINKER GENERATED COPY TABLES

__TI_cinit_table @ 00002a90 records: 3, size/record: 8, table size: 24
	.data: load addr=00002a60, load size=0000000f bytes, run addr=20000a6c, run size=00000014 bytes, compression=rle
	.bss: load addr=00002a80, load size=00000008 bytes, run addr=20000a80, run size=00000003 bytes, compression=zero_init
	.vtable: load addr=00002a88, load size=00000008 bytes, run addr=20000000, run size=0000026c bytes, compression=zero_init


LINKER GENERATED HANDLER TABLE

__TI_handler_table @ 00002a70 records: 3, size/record: 4, table size: 12
	index: 0, handler: __TI_zero_init
	index: 1, handler: __TI_decompress_rle24
	index: 2, handler: __TI_decompress_none


GLOBAL SYMBOLS: SORTED ALPHABETICALLY BY Name 

address    name
--------   ----
000022dd   C$$EXIT
00002603   CPUcpsie
000010f9   GPIODIntHandler
0000247b   GPIODirModeSet
0000264d   GPIOIntClear
0000260f   GPIOIntEnable
000024dd   GPIOIntRegister
0000211f   GPIOIntTypeSet
00001871   GPIOPadConfigSet
000021c1   GPIOPinConfigure
00002653   GPIOPinRead
0000258d   GPIOPinTypeGPIOInput
000024f5   GPIOPinTypeGPIOOutput
0000259f   GPIOPinTypeUART
00002659   GPIOPinWrite
00001f49   IntEnable
00002627   IntMasterEnable
000023e5   IntRegister
0000261b   ResetISR
UNDEFED    SHT$$INIT_ARRAY$$Base
UNDEFED    SHT$$INIT_ARRAY$$Limit
000019a1   SysCtlClockGet
00001bb5   SysCtlClockSet
0000265f   SysCtlDelay
00002419   SysCtlPeripheralEnable
00001333   Timer0IntHandler
00002069   TimerConfigure
0000253d   TimerDisable
000025e7   TimerEnable
0000266b   TimerIntClear
00002645   TimerIntEnable
000025b1   TimerLoadSet
00002631   UARTCharPut
00002365   UARTConfigSetExpClk
000024a5   UARTDisable
00002551   UARTEnable
0000263b   UARTFIFOEnable
000025d5   _Dclass
00002321   _Dtest
20000a6c   __STACK_END
00000800   __STACK_SIZE
2000046c   __STACK_TOP
00002a90   __TI_CINIT_Base
00002aa8   __TI_CINIT_Limit
00002a70   __TI_Handler_Table_Base
00002a7c   __TI_Handler_Table_Limit
00000001   __TI_args_main
00001d41   __TI_auto_init
20000a74   __TI_cleanup_ptr
000025f5   __TI_decompress_none
00002665   __TI_decompress_rle24
20000a78   __TI_dtors_ptr
00000def   __TI_printfi
00000000   __TI_static_base__
000025c3   __TI_zero_init
00001dd5   __aeabi_cdcmpeq
00001dd5   __aeabi_cdcmple
00001e53   __aeabi_cdrcmple
00002251   __aeabi_d2iz
0000158f   __aeabi_dadd
0000173b   __aeabi_ddiv
00001ab9   __aeabi_dmul
00001585   __aeabi_dsub
0000244d   __aeabi_i2d
00002525   __aeabi_lmul
00001ed1   __aeabi_memclr
00001ed1   __aeabi_memclr4
00001ed1   __aeabi_memclr8
00001ca5   __aeabi_memcpy
00001ca5   __aeabi_memcpy4
00001ca5   __aeabi_memcpy8
00001ed3   __aeabi_memset
00001ed3   __aeabi_memset4
00001ed3   __aeabi_memset8
00001391   __aeabi_uldivmod
ffffffff   __binit__
ffffffff   __c_args__
2000026c   __stack
0000250d   _args_main
00002209   _c_int00
00002670   _ctypes_
20000a6c   _lock
00002573   _nop
0000256b   _register_lock
00002565   _register_unlock
20000a70   _unlock
000022e1   abort
00002175   atoi
ffffffff   binit
00002299   copy_in
000022e9   exit
20000000   g_pfnRAMVectors
00000000   g_pfnVectors
000020c5   ltoa
00001117   main
20000a7c   main_func_sp
000024c1   memccpy
00001ca5   memcpy
00001ed9   memset
00001fa9   sprintf
00002579   strlen
20000a80   ui16Pulso
20000a82   ui8Tempo


GLOBAL SYMBOLS: SORTED BY Symbol Address 

address    name
--------   ----
00000000   __TI_static_base__
00000000   g_pfnVectors
00000001   __TI_args_main
00000800   __STACK_SIZE
00000def   __TI_printfi
000010f9   GPIODIntHandler
00001117   main
00001333   Timer0IntHandler
00001391   __aeabi_uldivmod
00001585   __aeabi_dsub
0000158f   __aeabi_dadd
0000173b   __aeabi_ddiv
00001871   GPIOPadConfigSet
000019a1   SysCtlClockGet
00001ab9   __aeabi_dmul
00001bb5   SysCtlClockSet
00001ca5   __aeabi_memcpy
00001ca5   __aeabi_memcpy4
00001ca5   __aeabi_memcpy8
00001ca5   memcpy
00001d41   __TI_auto_init
00001dd5   __aeabi_cdcmpeq
00001dd5   __aeabi_cdcmple
00001e53   __aeabi_cdrcmple
00001ed1   __aeabi_memclr
00001ed1   __aeabi_memclr4
00001ed1   __aeabi_memclr8
00001ed3   __aeabi_memset
00001ed3   __aeabi_memset4
00001ed3   __aeabi_memset8
00001ed9   memset
00001f49   IntEnable
00001fa9   sprintf
00002069   TimerConfigure
000020c5   ltoa
0000211f   GPIOIntTypeSet
00002175   atoi
000021c1   GPIOPinConfigure
00002209   _c_int00
00002251   __aeabi_d2iz
00002299   copy_in
000022dd   C$$EXIT
000022e1   abort
000022e9   exit
00002321   _Dtest
00002365   UARTConfigSetExpClk
000023e5   IntRegister
00002419   SysCtlPeripheralEnable
0000244d   __aeabi_i2d
0000247b   GPIODirModeSet
000024a5   UARTDisable
000024c1   memccpy
000024dd   GPIOIntRegister
000024f5   GPIOPinTypeGPIOOutput
0000250d   _args_main
00002525   __aeabi_lmul
0000253d   TimerDisable
00002551   UARTEnable
00002565   _register_unlock
0000256b   _register_lock
00002573   _nop
00002579   strlen
0000258d   GPIOPinTypeGPIOInput
0000259f   GPIOPinTypeUART
000025b1   TimerLoadSet
000025c3   __TI_zero_init
000025d5   _Dclass
000025e7   TimerEnable
000025f5   __TI_decompress_none
00002603   CPUcpsie
0000260f   GPIOIntEnable
0000261b   ResetISR
00002627   IntMasterEnable
00002631   UARTCharPut
0000263b   UARTFIFOEnable
00002645   TimerIntEnable
0000264d   GPIOIntClear
00002653   GPIOPinRead
00002659   GPIOPinWrite
0000265f   SysCtlDelay
00002665   __TI_decompress_rle24
0000266b   TimerIntClear
00002670   _ctypes_
00002a70   __TI_Handler_Table_Base
00002a7c   __TI_Handler_Table_Limit
00002a90   __TI_CINIT_Base
00002aa8   __TI_CINIT_Limit
20000000   g_pfnRAMVectors
2000026c   __stack
2000046c   __STACK_TOP
20000a6c   __STACK_END
20000a6c   _lock
20000a70   _unlock
20000a74   __TI_cleanup_ptr
20000a78   __TI_dtors_ptr
20000a7c   main_func_sp
20000a80   ui16Pulso
20000a82   ui8Tempo
ffffffff   __binit__
ffffffff   __c_args__
ffffffff   binit
UNDEFED    SHT$$INIT_ARRAY$$Base
UNDEFED    SHT$$INIT_ARRAY$$Limit

[103 symbols]
