******************************************************************************
                  TI ARM Linker PC v5.1.1                      
******************************************************************************
>> Linked Sat Jun 18 11:28:18 2016

OUTPUT FILE NAME:   <TESTANDO_GPIOS_v2.out>
ENTRY POINT SYMBOL: "_c_int00"  address: 00000be9


MEMORY CONFIGURATION

         name            origin    length      used     unused   attr    fill
----------------------  --------  ---------  --------  --------  ----  --------
  FLASH                 00000000   00040000  000012b4  0003ed4c  R  X
  SRAM                  20000000   00008000  00000a85  0000757b  RW X


SEGMENT ALLOCATION MAP

run origin  load origin   length   init length attrs members
----------  ----------- ---------- ----------- ----- -------
00000000    00000000    000012b8   000012b8    r-x
  00000000    00000000    0000026c   0000026c    r-- .intvecs
  0000026c    0000026c    00000d14   00000d14    r-x .text
  00000f80    00000f80    000002ec   000002ec    r-- .const
  00001270    00001270    00000048   00000048    r-- .cinit
20000000    20000000    00000a85   00000000    rw-
  20000000    20000000    0000026c   00000000    rw- .vtable
  2000026c    2000026c    00000800   00000000    rw- .stack
  20000a6c    20000a6c    00000014   00000000    rw- .data
  20000a80    20000a80    00000005   00000000    rw- .bss


SECTION ALLOCATION MAP

 output                                  attributes/
section   page    origin      length       input sections
--------  ----  ----------  ----------   ----------------
.intvecs   0    00000000    0000026c     
                  00000000    0000026c     tm4c123gh6pm_startup_ccs.obj (.intvecs)

.init_array 
*          0    00000000    00000000     UNINITIALIZED

.text      0    0000026c    00000d14     
                  0000026c    00000358     main.obj (.text)
                  000005c4    00000130     driverlib.lib : gpio.obj (.text:GPIOPadConfigSet)
                  000006f4    00000118                   : sysctl.obj (.text:SysCtlClockGet)
                  0000080c    000000f0                   : sysctl.obj (.text:SysCtlClockSet)
                  000008fc    0000009c     rtsv7M4_T_le_v4SPD16_eabi.lib : memcpy_t2.obj (.text)
                  00000998    00000094                                   : auto_init.obj (.text)
                  00000a2c    00000060     driverlib.lib : interrupt.obj (.text:IntEnable)
                  00000a8c    0000005e     rtsv7M4_T_le_v4SPD16_eabi.lib : copy_decompress_rle.obj (.text)
                  00000aea    00000002     --HOLE-- [fill = 0]
                  00000aec    0000005c     driverlib.lib : timer.obj (.text:TimerConfigure)
                  00000b48    00000056                   : gpio.obj (.text:GPIOIntTypeSet)
                  00000b9e    00000002     --HOLE-- [fill = 0]
                  00000ba0    00000048                   : gpio.obj (.text:GPIOPinConfigure)
                  00000be8    00000048     rtsv7M4_T_le_v4SPD16_eabi.lib : boot.obj (.text)
                  00000c30    00000044                                   : cpy_tbl.obj (.text)
                  00000c74    00000044                                   : exit.obj (.text)
                  00000cb8    00000042                                   : u_divt2.obj (.text)
                  00000cfa    00000040     driverlib.lib : uart.obj (.text:UARTConfigSetExpClk)
                  00000d3a    00000002     --HOLE-- [fill = 0]
                  00000d3c    00000040                   : gpio.obj (.text:_GPIOIntNumberGet)
                  00000d7c    00000034                   : interrupt.obj (.text:IntRegister)
                  00000db0    00000034                   : sysctl.obj (.text:SysCtlPeripheralEnable)
                  00000de4    0000002a                   : gpio.obj (.text:GPIODirModeSet)
                  00000e0e    00000002     --HOLE-- [fill = 0]
                  00000e10    0000001c                   : uart.obj (.text:UARTDisable)
                  00000e2c    00000018                   : gpio.obj (.text:GPIOIntRegister)
                  00000e44    00000018                   : gpio.obj (.text:GPIOPinTypeGPIOOutput)
                  00000e5c    00000018     rtsv7M4_T_le_v4SPD16_eabi.lib : args_main.obj (.text)
                  00000e74    00000014     driverlib.lib : timer.obj (.text:TimerDisable)
                  00000e88    00000014                   : uart.obj (.text:UARTEnable)
                  00000e9c    00000014     rtsv7M4_T_le_v4SPD16_eabi.lib : _lock.obj (.text)
                  00000eb0    00000012     driverlib.lib : gpio.obj (.text:GPIOPinTypeGPIOInput)
                  00000ec2    00000012                   : gpio.obj (.text:GPIOPinTypeUART)
                  00000ed4    00000012                   : timer.obj (.text:TimerLoadSet)
                  00000ee6    00000012     rtsv7M4_T_le_v4SPD16_eabi.lib : copy_zero_init.obj (.text:decompress:ZI)
                  00000ef8    0000000e     driverlib.lib : timer.obj (.text:TimerEnable)
                  00000f06    0000000e     rtsv7M4_T_le_v4SPD16_eabi.lib : copy_decompress_none.obj (.text:decompress:none)
                  00000f14    0000000c     driverlib.lib : cpu.obj (.text:CPUcpsie)
                  00000f20    0000000c                   : gpio.obj (.text:GPIOIntEnable)
                  00000f2c    0000000c     tm4c123gh6pm_startup_ccs.obj (.text)
                  00000f38    0000000a     driverlib.lib : interrupt.obj (.text:IntMasterEnable)
                  00000f42    0000000a                   : uart.obj (.text:UARTCharPut)
                  00000f4c    0000000a                   : uart.obj (.text:UARTFIFOEnable)
                  00000f56    00000008                   : timer.obj (.text:TimerIntEnable)
                  00000f5e    00000006                   : gpio.obj (.text:GPIOIntClear)
                  00000f64    00000006                   : gpio.obj (.text:GPIOPinRead)
                  00000f6a    00000006                   : gpio.obj (.text:GPIOPinWrite)
                  00000f70    00000006                   : sysctl.obj (.text:SysCtlDelay)
                  00000f76    00000006     rtsv7M4_T_le_v4SPD16_eabi.lib : copy_decompress_rle.obj (.text:decompress:rle24)
                  00000f7c    00000004     driverlib.lib : timer.obj (.text:TimerIntClear)

.const     0    00000f80    000002ec     
                  00000f80    000000c0     driverlib.lib : gpio.obj (.const:g_ppui32GPIOIntMapBlizzard)
                  00001040    000000c0                   : gpio.obj (.const:g_ppui32GPIOIntMapSnowflake)
                  00001100    00000090                   : gpio.obj (.const:g_pui32GPIOBaseAddrs)
                  00001190    00000070                   : interrupt.obj (.const)
                  00001200    0000006c                   : sysctl.obj (.const:g_pui32Xtals)

.cinit     0    00001270    00000048     
                  00001270    0000000f     (.cinit..data.load) [load image, compression = rle]
                  0000127f    00000001     --HOLE-- [fill = 0]
                  00001280    0000000c     (__TI_handler_table)
                  0000128c    00000004     --HOLE-- [fill = 0]
                  00001290    00000008     (.cinit..bss.load) [load image, compression = zero_init]
                  00001298    00000008     (.cinit..vtable.load) [load image, compression = zero_init]
                  000012a0    00000018     (__TI_cinit_table)

.vtable    0    20000000    0000026c     UNINITIALIZED
                  20000000    0000026c     driverlib.lib : interrupt.obj (.vtable)

.stack     0    2000026c    00000800     UNINITIALIZED
                  2000026c    00000800     --HOLE--

.data      0    20000a6c    00000014     UNINITIALIZED
                  20000a6c    00000008     rtsv7M4_T_le_v4SPD16_eabi.lib : _lock.obj (.data)
                  20000a74    00000008                                   : exit.obj (.data)
                  20000a7c    00000004                                   : stkdepth_vars.obj (.data)

.bss       0    20000a80    00000005     UNINITIALIZED
                  20000a80    00000004     (.common:ui32Pulso)
                  20000a84    00000001     (.common:ui8Tempo)


LINKER GENERATED COPY TABLES

__TI_cinit_table @ 000012a0 records: 3, size/record: 8, table size: 24
	.data: load addr=00001270, load size=0000000f bytes, run addr=20000a6c, run size=00000014 bytes, compression=rle
	.bss: load addr=00001290, load size=00000008 bytes, run addr=20000a80, run size=00000005 bytes, compression=zero_init
	.vtable: load addr=00001298, load size=00000008 bytes, run addr=20000000, run size=0000026c bytes, compression=zero_init


LINKER GENERATED HANDLER TABLE

__TI_handler_table @ 00001280 records: 3, size/record: 4, table size: 12
	index: 0, handler: __TI_zero_init
	index: 1, handler: __TI_decompress_rle24
	index: 2, handler: __TI_decompress_none


GLOBAL SYMBOLS: SORTED ALPHABETICALLY BY Name 

address    name
--------   ----
00000c75   C$$EXIT
00000f15   CPUcpsie
0000026d   GPIODIntHandler
00000de5   GPIODirModeSet
00000f5f   GPIOIntClear
00000f21   GPIOIntEnable
00000e2d   GPIOIntRegister
00000b49   GPIOIntTypeSet
000005c5   GPIOPadConfigSet
00000ba1   GPIOPinConfigure
00000f65   GPIOPinRead
00000eb1   GPIOPinTypeGPIOInput
00000e45   GPIOPinTypeGPIOOutput
00000ec3   GPIOPinTypeUART
00000f6b   GPIOPinWrite
00000a2d   IntEnable
00000f39   IntMasterEnable
00000d7d   IntRegister
0000028b   IntToStr
00000f2d   ResetISR
UNDEFED    SHT$$INIT_ARRAY$$Base
UNDEFED    SHT$$INIT_ARRAY$$Limit
000006f5   SysCtlClockGet
0000080d   SysCtlClockSet
00000f71   SysCtlDelay
00000db1   SysCtlPeripheralEnable
00000545   Timer0IntHandler
00000aed   TimerConfigure
00000e75   TimerDisable
00000ef9   TimerEnable
00000f7d   TimerIntClear
00000f57   TimerIntEnable
00000ed5   TimerLoadSet
00000f43   UARTCharPut
00000cfb   UARTConfigSetExpClk
00000e11   UARTDisable
00000e89   UARTEnable
00000f4d   UARTFIFOEnable
20000a6c   __STACK_END
00000800   __STACK_SIZE
2000046c   __STACK_TOP
000012a0   __TI_CINIT_Base
000012b8   __TI_CINIT_Limit
00001280   __TI_Handler_Table_Base
0000128c   __TI_Handler_Table_Limit
00000001   __TI_args_main
00000999   __TI_auto_init
20000a74   __TI_cleanup_ptr
00000f07   __TI_decompress_none
00000f77   __TI_decompress_rle24
20000a78   __TI_dtors_ptr
00000000   __TI_static_base__
00000ee7   __TI_zero_init
000008fd   __aeabi_memcpy
000008fd   __aeabi_memcpy4
000008fd   __aeabi_memcpy8
00000cb9   __aeabi_uidivmod
ffffffff   __binit__
ffffffff   __c_args__
2000026c   __stack
00000e5d   _args_main
00000be9   _c_int00
20000a6c   _lock
00000eab   _nop
00000ea3   _register_lock
00000e9d   _register_unlock
20000a70   _unlock
00000c79   abort
ffffffff   binit
00000c31   copy_in
00000c81   exit
20000000   g_pfnRAMVectors
00000000   g_pfnVectors
0000032b   main
20000a7c   main_func_sp
000008fd   memcpy
20000a80   ui32Pulso
20000a84   ui8Tempo


GLOBAL SYMBOLS: SORTED BY Symbol Address 

address    name
--------   ----
00000000   __TI_static_base__
00000000   g_pfnVectors
00000001   __TI_args_main
0000026d   GPIODIntHandler
0000028b   IntToStr
0000032b   main
00000545   Timer0IntHandler
000005c5   GPIOPadConfigSet
000006f5   SysCtlClockGet
00000800   __STACK_SIZE
0000080d   SysCtlClockSet
000008fd   __aeabi_memcpy
000008fd   __aeabi_memcpy4
000008fd   __aeabi_memcpy8
000008fd   memcpy
00000999   __TI_auto_init
00000a2d   IntEnable
00000aed   TimerConfigure
00000b49   GPIOIntTypeSet
00000ba1   GPIOPinConfigure
00000be9   _c_int00
00000c31   copy_in
00000c75   C$$EXIT
00000c79   abort
00000c81   exit
00000cb9   __aeabi_uidivmod
00000cfb   UARTConfigSetExpClk
00000d7d   IntRegister
00000db1   SysCtlPeripheralEnable
00000de5   GPIODirModeSet
00000e11   UARTDisable
00000e2d   GPIOIntRegister
00000e45   GPIOPinTypeGPIOOutput
00000e5d   _args_main
00000e75   TimerDisable
00000e89   UARTEnable
00000e9d   _register_unlock
00000ea3   _register_lock
00000eab   _nop
00000eb1   GPIOPinTypeGPIOInput
00000ec3   GPIOPinTypeUART
00000ed5   TimerLoadSet
00000ee7   __TI_zero_init
00000ef9   TimerEnable
00000f07   __TI_decompress_none
00000f15   CPUcpsie
00000f21   GPIOIntEnable
00000f2d   ResetISR
00000f39   IntMasterEnable
00000f43   UARTCharPut
00000f4d   UARTFIFOEnable
00000f57   TimerIntEnable
00000f5f   GPIOIntClear
00000f65   GPIOPinRead
00000f6b   GPIOPinWrite
00000f71   SysCtlDelay
00000f77   __TI_decompress_rle24
00000f7d   TimerIntClear
00001280   __TI_Handler_Table_Base
0000128c   __TI_Handler_Table_Limit
000012a0   __TI_CINIT_Base
000012b8   __TI_CINIT_Limit
20000000   g_pfnRAMVectors
2000026c   __stack
2000046c   __STACK_TOP
20000a6c   __STACK_END
20000a6c   _lock
20000a70   _unlock
20000a74   __TI_cleanup_ptr
20000a78   __TI_dtors_ptr
20000a7c   main_func_sp
20000a80   ui32Pulso
20000a84   ui8Tempo
ffffffff   __binit__
ffffffff   __c_args__
ffffffff   binit
UNDEFED    SHT$$INIT_ARRAY$$Base
UNDEFED    SHT$$INIT_ARRAY$$Limit

[78 symbols]
