******************************************************************************
                  TI ARM Linker PC v5.1.1                      
******************************************************************************
>> Linked Sat Jun 18 10:25:31 2016

OUTPUT FILE NAME:   <TESTANDO_GPIOS.out>
ENTRY POINT SYMBOL: "_c_int00"  address: 00000bd9


MEMORY CONFIGURATION

         name            origin    length      used     unused   attr    fill
----------------------  --------  ---------  --------  --------  ----  --------
  FLASH                 00000000   00040000  00001292  0003ed6e  R  X
  SRAM                  20000000   00008000  00000a85  0000757b  RW X


SEGMENT ALLOCATION MAP

run origin  load origin   length   init length attrs members
----------  ----------- ---------- ----------- ----- -------
00000000    00000000    00001298   00001298    r-x
  00000000    00000000    0000026c   0000026c    r-- .intvecs
  0000026c    0000026c    00000cf2   00000cf2    r-x .text
  00000f60    00000f60    000002ec   000002ec    r-- .const
  00001250    00001250    00000048   00000048    r-- .cinit
20000000    20000000    00000a85   00000000    rw-
  20000000    20000000    0000026c   00000000    rw- .vtable
  2000026c    2000026c    00000800   00000000    rw- .stack
  20000a6c    20000a6c    00000014   00000000    rw- .data
  20000a80    20000a80    00000005   00000000    rw- .bss


SECTION ALLOCATION MAP

 output                                  attributes/
section   page    origin      length       input sections
--------  ----  ----------  ----------   ----------------
.intvecs   0    00000000    0000026c     
                  00000000    0000026c     tm4c123gh6pm_startup_ccs.obj (.intvecs)

.init_array 
*          0    00000000    00000000     UNINITIALIZED

.text      0    0000026c    00000cf2     
                  0000026c    00000348     main.obj (.text)
                  000005b4    00000130     driverlib.lib : gpio.obj (.text:GPIOPadConfigSet)
                  000006e4    00000118                   : sysctl.obj (.text:SysCtlClockGet)
                  000007fc    000000f0                   : sysctl.obj (.text:SysCtlClockSet)
                  000008ec    0000009c     rtsv7M4_T_le_v4SPD16_eabi.lib : memcpy_t2.obj (.text)
                  00000988    00000094                                   : auto_init.obj (.text)
                  00000a1c    00000060     driverlib.lib : interrupt.obj (.text:IntEnable)
                  00000a7c    0000005e     rtsv7M4_T_le_v4SPD16_eabi.lib : copy_decompress_rle.obj (.text)
                  00000ada    00000002     --HOLE-- [fill = 0]
                  00000adc    0000005c     driverlib.lib : timer.obj (.text:TimerConfigure)
                  00000b38    00000056                   : gpio.obj (.text:GPIOIntTypeSet)
                  00000b8e    00000002     --HOLE-- [fill = 0]
                  00000b90    00000048                   : gpio.obj (.text:GPIOPinConfigure)
                  00000bd8    00000048     rtsv7M4_T_le_v4SPD16_eabi.lib : boot.obj (.text)
                  00000c20    00000044                                   : cpy_tbl.obj (.text)
                  00000c64    00000044                                   : exit.obj (.text)
                  00000ca8    00000042                                   : u_divt2.obj (.text)
                  00000cea    00000040     driverlib.lib : uart.obj (.text:UARTConfigSetExpClk)
                  00000d2a    00000002     --HOLE-- [fill = 0]
                  00000d2c    00000040                   : gpio.obj (.text:_GPIOIntNumberGet)
                  00000d6c    00000034                   : interrupt.obj (.text:IntRegister)
                  00000da0    00000034                   : sysctl.obj (.text:SysCtlPeripheralEnable)
                  00000dd4    0000002a                   : gpio.obj (.text:GPIODirModeSet)
                  00000dfe    00000002     --HOLE-- [fill = 0]
                  00000e00    0000001c                   : uart.obj (.text:UARTDisable)
                  00000e1c    00000018                   : gpio.obj (.text:GPIOIntRegister)
                  00000e34    00000018                   : gpio.obj (.text:GPIOPinTypeGPIOOutput)
                  00000e4c    00000018     rtsv7M4_T_le_v4SPD16_eabi.lib : args_main.obj (.text)
                  00000e64    00000014     driverlib.lib : timer.obj (.text:TimerDisable)
                  00000e78    00000014                   : uart.obj (.text:UARTEnable)
                  00000e8c    00000014     rtsv7M4_T_le_v4SPD16_eabi.lib : _lock.obj (.text)
                  00000ea0    00000012     driverlib.lib : gpio.obj (.text:GPIOPinTypeUART)
                  00000eb2    00000012                   : timer.obj (.text:TimerLoadSet)
                  00000ec4    00000012     rtsv7M4_T_le_v4SPD16_eabi.lib : copy_zero_init.obj (.text:decompress:ZI)
                  00000ed6    0000000e     driverlib.lib : timer.obj (.text:TimerEnable)
                  00000ee4    0000000e     rtsv7M4_T_le_v4SPD16_eabi.lib : copy_decompress_none.obj (.text:decompress:none)
                  00000ef2    0000000c     driverlib.lib : cpu.obj (.text:CPUcpsie)
                  00000efe    0000000c                   : gpio.obj (.text:GPIOIntEnable)
                  00000f0a    0000000c     tm4c123gh6pm_startup_ccs.obj (.text)
                  00000f16    0000000a     driverlib.lib : interrupt.obj (.text:IntMasterEnable)
                  00000f20    0000000a                   : uart.obj (.text:UARTCharPut)
                  00000f2a    0000000a                   : uart.obj (.text:UARTFIFOEnable)
                  00000f34    00000008                   : timer.obj (.text:TimerIntEnable)
                  00000f3c    00000006                   : gpio.obj (.text:GPIOIntClear)
                  00000f42    00000006                   : gpio.obj (.text:GPIOPinRead)
                  00000f48    00000006                   : gpio.obj (.text:GPIOPinWrite)
                  00000f4e    00000006                   : sysctl.obj (.text:SysCtlDelay)
                  00000f54    00000006     rtsv7M4_T_le_v4SPD16_eabi.lib : copy_decompress_rle.obj (.text:decompress:rle24)
                  00000f5a    00000004     driverlib.lib : timer.obj (.text:TimerIntClear)

.const     0    00000f60    000002ec     
                  00000f60    000000c0     driverlib.lib : gpio.obj (.const:g_ppui32GPIOIntMapBlizzard)
                  00001020    000000c0                   : gpio.obj (.const:g_ppui32GPIOIntMapSnowflake)
                  000010e0    00000090                   : gpio.obj (.const:g_pui32GPIOBaseAddrs)
                  00001170    00000070                   : interrupt.obj (.const)
                  000011e0    0000006c                   : sysctl.obj (.const:g_pui32Xtals)

.cinit     0    00001250    00000048     
                  00001250    0000000f     (.cinit..data.load) [load image, compression = rle]
                  0000125f    00000001     --HOLE-- [fill = 0]
                  00001260    0000000c     (__TI_handler_table)
                  0000126c    00000004     --HOLE-- [fill = 0]
                  00001270    00000008     (.cinit..bss.load) [load image, compression = zero_init]
                  00001278    00000008     (.cinit..vtable.load) [load image, compression = zero_init]
                  00001280    00000018     (__TI_cinit_table)

.vtable    0    20000000    0000026c     UNINITIALIZED
                  20000000    0000026c     driverlib.lib : interrupt.obj (.vtable)

.stack     0    2000026c    00000800     UNINITIALIZED
                  2000026c    00000800     --HOLE--

.data      0    20000a6c    00000014     UNINITIALIZED
                  20000a6c    00000008     rtsv7M4_T_le_v4SPD16_eabi.lib : _lock.obj (.data)
                  20000a74    00000008                                   : exit.obj (.data)
                  20000a7c    00000004                                   : stkdepth_vars.obj (.data)

.bss       0    20000a80    00000005     UNINITIALIZED
                  20000a80    00000004     (.common:ui32Pulso)
                  20000a84    00000001     (.common:ui8Tempo)


LINKER GENERATED COPY TABLES

__TI_cinit_table @ 00001280 records: 3, size/record: 8, table size: 24
	.data: load addr=00001250, load size=0000000f bytes, run addr=20000a6c, run size=00000014 bytes, compression=rle
	.bss: load addr=00001270, load size=00000008 bytes, run addr=20000a80, run size=00000005 bytes, compression=zero_init
	.vtable: load addr=00001278, load size=00000008 bytes, run addr=20000000, run size=0000026c bytes, compression=zero_init


LINKER GENERATED HANDLER TABLE

__TI_handler_table @ 00001260 records: 3, size/record: 4, table size: 12
	index: 0, handler: __TI_zero_init
	index: 1, handler: __TI_decompress_rle24
	index: 2, handler: __TI_decompress_none


GLOBAL SYMBOLS: SORTED ALPHABETICALLY BY Name 

address    name
--------   ----
00000c65   C$$EXIT
00000ef3   CPUcpsie
00000dd5   GPIODirModeSet
0000026d   GPIOFIntHandler
00000f3d   GPIOIntClear
00000eff   GPIOIntEnable
00000e1d   GPIOIntRegister
00000b39   GPIOIntTypeSet
000005b5   GPIOPadConfigSet
00000b91   GPIOPinConfigure
00000f43   GPIOPinRead
00000e35   GPIOPinTypeGPIOOutput
00000ea1   GPIOPinTypeUART
00000f49   GPIOPinWrite
00000a1d   IntEnable
00000f17   IntMasterEnable
00000d6d   IntRegister
0000028b   IntToStr
00000f0b   ResetISR
UNDEFED    SHT$$INIT_ARRAY$$Base
UNDEFED    SHT$$INIT_ARRAY$$Limit
000006e5   SysCtlClockGet
000007fd   SysCtlClockSet
00000f4f   SysCtlDelay
00000da1   SysCtlPeripheralEnable
00000535   Timer0IntHandler
00000add   TimerConfigure
00000e65   TimerDisable
00000ed7   TimerEnable
00000f5b   TimerIntClear
00000f35   TimerIntEnable
00000eb3   TimerLoadSet
00000f21   UARTCharPut
00000ceb   UARTConfigSetExpClk
00000e01   UARTDisable
00000e79   UARTEnable
00000f2b   UARTFIFOEnable
20000a6c   __STACK_END
00000800   __STACK_SIZE
2000046c   __STACK_TOP
00001280   __TI_CINIT_Base
00001298   __TI_CINIT_Limit
00001260   __TI_Handler_Table_Base
0000126c   __TI_Handler_Table_Limit
00000001   __TI_args_main
00000989   __TI_auto_init
20000a74   __TI_cleanup_ptr
00000ee5   __TI_decompress_none
00000f55   __TI_decompress_rle24
20000a78   __TI_dtors_ptr
00000000   __TI_static_base__
00000ec5   __TI_zero_init
000008ed   __aeabi_memcpy
000008ed   __aeabi_memcpy4
000008ed   __aeabi_memcpy8
00000ca9   __aeabi_uidivmod
ffffffff   __binit__
ffffffff   __c_args__
2000026c   __stack
00000e4d   _args_main
00000bd9   _c_int00
20000a6c   _lock
00000e9b   _nop
00000e93   _register_lock
00000e8d   _register_unlock
20000a70   _unlock
00000c69   abort
ffffffff   binit
00000c21   copy_in
00000c71   exit
20000000   g_pfnRAMVectors
00000000   g_pfnVectors
0000032b   main
20000a7c   main_func_sp
000008ed   memcpy
20000a80   ui32Pulso
20000a84   ui8Tempo


GLOBAL SYMBOLS: SORTED BY Symbol Address 

address    name
--------   ----
00000000   __TI_static_base__
00000000   g_pfnVectors
00000001   __TI_args_main
0000026d   GPIOFIntHandler
0000028b   IntToStr
0000032b   main
00000535   Timer0IntHandler
000005b5   GPIOPadConfigSet
000006e5   SysCtlClockGet
000007fd   SysCtlClockSet
00000800   __STACK_SIZE
000008ed   __aeabi_memcpy
000008ed   __aeabi_memcpy4
000008ed   __aeabi_memcpy8
000008ed   memcpy
00000989   __TI_auto_init
00000a1d   IntEnable
00000add   TimerConfigure
00000b39   GPIOIntTypeSet
00000b91   GPIOPinConfigure
00000bd9   _c_int00
00000c21   copy_in
00000c65   C$$EXIT
00000c69   abort
00000c71   exit
00000ca9   __aeabi_uidivmod
00000ceb   UARTConfigSetExpClk
00000d6d   IntRegister
00000da1   SysCtlPeripheralEnable
00000dd5   GPIODirModeSet
00000e01   UARTDisable
00000e1d   GPIOIntRegister
00000e35   GPIOPinTypeGPIOOutput
00000e4d   _args_main
00000e65   TimerDisable
00000e79   UARTEnable
00000e8d   _register_unlock
00000e93   _register_lock
00000e9b   _nop
00000ea1   GPIOPinTypeUART
00000eb3   TimerLoadSet
00000ec5   __TI_zero_init
00000ed7   TimerEnable
00000ee5   __TI_decompress_none
00000ef3   CPUcpsie
00000eff   GPIOIntEnable
00000f0b   ResetISR
00000f17   IntMasterEnable
00000f21   UARTCharPut
00000f2b   UARTFIFOEnable
00000f35   TimerIntEnable
00000f3d   GPIOIntClear
00000f43   GPIOPinRead
00000f49   GPIOPinWrite
00000f4f   SysCtlDelay
00000f55   __TI_decompress_rle24
00000f5b   TimerIntClear
00001260   __TI_Handler_Table_Base
0000126c   __TI_Handler_Table_Limit
00001280   __TI_CINIT_Base
00001298   __TI_CINIT_Limit
20000000   g_pfnRAMVectors
2000026c   __stack
2000046c   __STACK_TOP
20000a6c   __STACK_END
20000a6c   _lock
20000a70   _unlock
20000a74   __TI_cleanup_ptr
20000a78   __TI_dtors_ptr
20000a7c   main_func_sp
20000a80   ui32Pulso
20000a84   ui8Tempo
ffffffff   __binit__
ffffffff   __c_args__
ffffffff   binit
UNDEFED    SHT$$INIT_ARRAY$$Base
UNDEFED    SHT$$INIT_ARRAY$$Limit

[77 symbols]
