******************************************************************************
                  TI ARM Linker PC v5.1.1                      
******************************************************************************
>> Linked Sat Apr 16 11:32:28 2016

OUTPUT FILE NAME:   <TesteLedsFreq_v2.out>
ENTRY POINT SYMBOL: "_c_int00"  address: 00000ab9


MEMORY CONFIGURATION

         name            origin    length      used     unused   attr    fill
----------------------  --------  ---------  --------  --------  ----  --------
  FLASH                 00000000   00040000  00000f24  0003f0dc  R  X
  SRAM                  20000000   00008000  00000819  000077e7  RW X


SEGMENT ALLOCATION MAP

run origin  load origin   length   init length attrs members
----------  ----------- ---------- ----------- ----- -------
00000000    00000000    00000f28   00000f28    r-x
  00000000    00000000    0000026c   0000026c    r-- .intvecs
  0000026c    0000026c    00000b14   00000b14    r-x .text
  00000d80    00000d80    0000016c   0000016c    r-- .const
  00000ef0    00000ef0    00000038   00000038    r-- .cinit
20000000    20000000    00000819   00000000    rw-
  20000000    20000000    00000800   00000000    rw- .stack
  20000800    20000800    00000014   00000000    rw- .data
  20000814    20000814    00000005   00000000    rw- .bss


SECTION ALLOCATION MAP

 output                                  attributes/
section   page    origin      length       input sections
--------  ----  ----------  ----------   ----------------
.intvecs   0    00000000    0000026c     
                  00000000    0000026c     tm4c123gh6pm_startup_ccs.obj (.intvecs)

.init_array 
*          0    00000000    00000000     UNINITIALIZED

.text      0    0000026c    00000b14     
                  0000026c    00000228     main.obj (.text)
                  00000494    00000130     driverlib.lib : gpio.obj (.text:GPIOPadConfigSet)
                  000005c4    00000118                   : sysctl.obj (.text:SysCtlClockGet)
                  000006dc    000000f0                   : sysctl.obj (.text:SysCtlClockSet)
                  000007cc    0000009c     rtsv7M4_T_le_v4SPD16_eabi.lib : memcpy_t2.obj (.text)
                  00000868    00000094                                   : auto_init.obj (.text)
                  000008fc    00000060     driverlib.lib : interrupt.obj (.text:IntEnable)
                  0000095c    0000005e     rtsv7M4_T_le_v4SPD16_eabi.lib : copy_decompress_rle.obj (.text)
                  000009ba    00000002     --HOLE-- [fill = 0]
                  000009bc    0000005c     driverlib.lib : timer.obj (.text:TimerConfigure)
                  00000a18    00000056                   : gpio.obj (.text:GPIOIntTypeSet)
                  00000a6e    00000002     --HOLE-- [fill = 0]
                  00000a70    00000048                   : gpio.obj (.text:GPIOPinConfigure)
                  00000ab8    00000048     rtsv7M4_T_le_v4SPD16_eabi.lib : boot.obj (.text)
                  00000b00    00000044                                   : cpy_tbl.obj (.text)
                  00000b44    00000044                                   : exit.obj (.text)
                  00000b88    00000040     driverlib.lib : uart.obj (.text:UARTConfigSetExpClk)
                  00000bc8    00000034                   : sysctl.obj (.text:SysCtlPeripheralEnable)
                  00000bfc    0000002a                   : gpio.obj (.text:GPIODirModeSet)
                  00000c26    00000002     --HOLE-- [fill = 0]
                  00000c28    0000001c                   : uart.obj (.text:UARTDisable)
                  00000c44    00000018                   : gpio.obj (.text:GPIOPinTypeGPIOOutput)
                  00000c5c    00000018     rtsv7M4_T_le_v4SPD16_eabi.lib : args_main.obj (.text)
                  00000c74    00000014     driverlib.lib : timer.obj (.text:TimerDisable)
                  00000c88    00000014                   : uart.obj (.text:UARTEnable)
                  00000c9c    00000014     rtsv7M4_T_le_v4SPD16_eabi.lib : _lock.obj (.text)
                  00000cb0    00000012     driverlib.lib : gpio.obj (.text:GPIOPinTypeGPIOInput)
                  00000cc2    00000012                   : gpio.obj (.text:GPIOPinTypeUART)
                  00000cd4    00000012                   : timer.obj (.text:TimerLoadSet)
                  00000ce6    00000012     rtsv7M4_T_le_v4SPD16_eabi.lib : copy_zero_init.obj (.text:decompress:ZI)
                  00000cf8    0000000e     driverlib.lib : timer.obj (.text:TimerEnable)
                  00000d06    0000000e     rtsv7M4_T_le_v4SPD16_eabi.lib : copy_decompress_none.obj (.text:decompress:none)
                  00000d14    0000000c     driverlib.lib : cpu.obj (.text:CPUcpsie)
                  00000d20    0000000c                   : gpio.obj (.text:GPIOIntEnable)
                  00000d2c    0000000c     tm4c123gh6pm_startup_ccs.obj (.text)
                  00000d38    0000000a     driverlib.lib : interrupt.obj (.text:IntMasterEnable)
                  00000d42    0000000a                   : uart.obj (.text:UARTCharPut)
                  00000d4c    0000000a                   : uart.obj (.text:UARTFIFOEnable)
                  00000d56    00000008                   : timer.obj (.text:TimerIntEnable)
                  00000d5e    00000006                   : gpio.obj (.text:GPIOIntClear)
                  00000d64    00000006                   : gpio.obj (.text:GPIOPinRead)
                  00000d6a    00000006                   : gpio.obj (.text:GPIOPinWrite)
                  00000d70    00000006                   : sysctl.obj (.text:SysCtlDelay)
                  00000d76    00000006     rtsv7M4_T_le_v4SPD16_eabi.lib : copy_decompress_rle.obj (.text:decompress:rle24)
                  00000d7c    00000004     driverlib.lib : timer.obj (.text:TimerIntClear)

.const     0    00000d80    0000016c     
                  00000d80    00000090     driverlib.lib : gpio.obj (.const:g_pui32GPIOBaseAddrs)
                  00000e10    00000070                   : interrupt.obj (.const)
                  00000e80    0000006c                   : sysctl.obj (.const:g_pui32Xtals)

.cinit     0    00000ef0    00000038     
                  00000ef0    0000000f     (.cinit..data.load) [load image, compression = rle]
                  00000eff    00000001     --HOLE-- [fill = 0]
                  00000f00    0000000c     (__TI_handler_table)
                  00000f0c    00000004     --HOLE-- [fill = 0]
                  00000f10    00000008     (.cinit..bss.load) [load image, compression = zero_init]
                  00000f18    00000010     (__TI_cinit_table)

.stack     0    20000000    00000800     UNINITIALIZED
                  20000000    00000800     --HOLE--

.data      0    20000800    00000014     UNINITIALIZED
                  20000800    00000008     rtsv7M4_T_le_v4SPD16_eabi.lib : _lock.obj (.data)
                  20000808    00000008                                   : exit.obj (.data)
                  20000810    00000004                                   : stkdepth_vars.obj (.data)

.bss       0    20000814    00000005     UNINITIALIZED
                  20000814    00000004     (.common:ui32Pulso)
                  20000818    00000001     (.common:ui8Tempo)


LINKER GENERATED COPY TABLES

__TI_cinit_table @ 00000f18 records: 2, size/record: 8, table size: 16
	.data: load addr=00000ef0, load size=0000000f bytes, run addr=20000800, run size=00000014 bytes, compression=rle
	.bss: load addr=00000f10, load size=00000008 bytes, run addr=20000814, run size=00000005 bytes, compression=zero_init


LINKER GENERATED HANDLER TABLE

__TI_handler_table @ 00000f00 records: 3, size/record: 4, table size: 12
	index: 0, handler: __TI_decompress_rle24
	index: 1, handler: __TI_decompress_none
	index: 2, handler: __TI_zero_init


GLOBAL SYMBOLS: SORTED ALPHABETICALLY BY Name 

address    name
--------   ----
00000b45   C$$EXIT
00000d15   CPUcpsie
00000443   GPIODIntHandler
00000bfd   GPIODirModeSet
00000d5f   GPIOIntClear
00000d21   GPIOIntEnable
00000a19   GPIOIntTypeSet
00000495   GPIOPadConfigSet
00000a71   GPIOPinConfigure
00000d65   GPIOPinRead
00000cb1   GPIOPinTypeGPIOInput
00000c45   GPIOPinTypeGPIOOutput
00000cc3   GPIOPinTypeUART
00000d6b   GPIOPinWrite
000008fd   IntEnable
00000d39   IntMasterEnable
00000d2d   ResetISR
UNDEFED    SHT$$INIT_ARRAY$$Base
UNDEFED    SHT$$INIT_ARRAY$$Limit
000005c5   SysCtlClockGet
000006dd   SysCtlClockSet
00000d71   SysCtlDelay
00000bc9   SysCtlPeripheralEnable
0000042f   Timer0IntHandler
000009bd   TimerConfigure
00000c75   TimerDisable
00000cf9   TimerEnable
00000d7d   TimerIntClear
00000d57   TimerIntEnable
00000cd5   TimerLoadSet
00000d43   UARTCharPut
00000b89   UARTConfigSetExpClk
00000c29   UARTDisable
00000c89   UARTEnable
00000d4d   UARTFIFOEnable
20000800   __STACK_END
00000800   __STACK_SIZE
20000200   __STACK_TOP
00000f18   __TI_CINIT_Base
00000f28   __TI_CINIT_Limit
00000f00   __TI_Handler_Table_Base
00000f0c   __TI_Handler_Table_Limit
00000001   __TI_args_main
00000869   __TI_auto_init
20000808   __TI_cleanup_ptr
00000d07   __TI_decompress_none
00000d77   __TI_decompress_rle24
2000080c   __TI_dtors_ptr
00000000   __TI_static_base__
00000ce7   __TI_zero_init
000007cd   __aeabi_memcpy
000007cd   __aeabi_memcpy4
000007cd   __aeabi_memcpy8
ffffffff   __binit__
ffffffff   __c_args__
20000000   __stack
00000c5d   _args_main
00000ab9   _c_int00
20000800   _lock
00000cab   _nop
00000ca3   _register_lock
00000c9d   _register_unlock
20000804   _unlock
00000b49   abort
ffffffff   binit
00000b01   copy_in
00000b51   exit
00000000   g_pfnVectors
0000026d   main
20000810   main_func_sp
000007cd   memcpy
20000814   ui32Pulso
20000818   ui8Tempo


GLOBAL SYMBOLS: SORTED BY Symbol Address 

address    name
--------   ----
00000000   __TI_static_base__
00000000   g_pfnVectors
00000001   __TI_args_main
0000026d   main
0000042f   Timer0IntHandler
00000443   GPIODIntHandler
00000495   GPIOPadConfigSet
000005c5   SysCtlClockGet
000006dd   SysCtlClockSet
000007cd   __aeabi_memcpy
000007cd   __aeabi_memcpy4
000007cd   __aeabi_memcpy8
000007cd   memcpy
00000800   __STACK_SIZE
00000869   __TI_auto_init
000008fd   IntEnable
000009bd   TimerConfigure
00000a19   GPIOIntTypeSet
00000a71   GPIOPinConfigure
00000ab9   _c_int00
00000b01   copy_in
00000b45   C$$EXIT
00000b49   abort
00000b51   exit
00000b89   UARTConfigSetExpClk
00000bc9   SysCtlPeripheralEnable
00000bfd   GPIODirModeSet
00000c29   UARTDisable
00000c45   GPIOPinTypeGPIOOutput
00000c5d   _args_main
00000c75   TimerDisable
00000c89   UARTEnable
00000c9d   _register_unlock
00000ca3   _register_lock
00000cab   _nop
00000cb1   GPIOPinTypeGPIOInput
00000cc3   GPIOPinTypeUART
00000cd5   TimerLoadSet
00000ce7   __TI_zero_init
00000cf9   TimerEnable
00000d07   __TI_decompress_none
00000d15   CPUcpsie
00000d21   GPIOIntEnable
00000d2d   ResetISR
00000d39   IntMasterEnable
00000d43   UARTCharPut
00000d4d   UARTFIFOEnable
00000d57   TimerIntEnable
00000d5f   GPIOIntClear
00000d65   GPIOPinRead
00000d6b   GPIOPinWrite
00000d71   SysCtlDelay
00000d77   __TI_decompress_rle24
00000d7d   TimerIntClear
00000f00   __TI_Handler_Table_Base
00000f0c   __TI_Handler_Table_Limit
00000f18   __TI_CINIT_Base
00000f28   __TI_CINIT_Limit
20000000   __stack
20000200   __STACK_TOP
20000800   __STACK_END
20000800   _lock
20000804   _unlock
20000808   __TI_cleanup_ptr
2000080c   __TI_dtors_ptr
20000810   main_func_sp
20000814   ui32Pulso
20000818   ui8Tempo
ffffffff   __binit__
ffffffff   __c_args__
ffffffff   binit
UNDEFED    SHT$$INIT_ARRAY$$Base
UNDEFED    SHT$$INIT_ARRAY$$Limit

[73 symbols]
