******************************************************************************
                  TI ARM Linker PC v5.1.1                      
******************************************************************************
>> Linked Sat Jul 19 17:14:32 2014

OUTPUT FILE NAME:   <Ponto_Eletronico_Drop.out>
ENTRY POINT SYMBOL: "_c_int00"  address: 00004431


MEMORY CONFIGURATION

         name            origin    length      used     unused   attr    fill
----------------------  --------  ---------  --------  --------  ----  --------
  FLASH                 00000000   00040000  00004e4c  0003b1b4  R  X
  SRAM                  20000000   00008000  00000a94  0000756c  RW X


SEGMENT ALLOCATION MAP

run origin  load origin   length   init length attrs members
----------  ----------- ---------- ----------- ----- -------
00000000    00000000    00004e50   00004e50    r-x
  00000000    00000000    0000026c   0000026c    r-- .intvecs
  0000026c    0000026c    00004730   00004730    r-x .text
  0000499c    0000499c    000002e0   000002e0    r-- .const
  00004c80    00004c80    000001d0   000001d0    r-- .cinit
20000000    20000000    00000a94   00000000    rw-
  20000000    20000000    00000800   00000000    rw- .stack
  20000800    20000800    00000250   00000000    rw- .data
  20000a50    20000a50    00000044   00000000    rw- .bss


SECTION ALLOCATION MAP

 output                                  attributes/
section   page    origin      length       input sections
--------  ----  ----------  ----------   ----------------
.intvecs   0    00000000    0000026c     
                  00000000    0000026c     tm4c123gh6pm_startup_ccs.obj (.intvecs)

.init_array 
*          0    00000000    00000000     UNINITIALIZED

.text      0    0000026c    00004730     
                  0000026c    00000e8c     rtsv7M4_T_le_v4SPD16_eabi.lib : _printfi.obj (.text)
                  000010f8    00000d16     i2c.obj (.text)
                  00001e0e    00000002     --HOLE-- [fill = 0]
                  00001e10    000007cc     FuncoesMenu.obj (.text)
                  000025dc    000003e2     teclado.obj (.text)
                  000029be    00000002     --HOLE-- [fill = 0]
                  000029c0    000003a8     keypad.obj (.text)
                  00002d68    000002d4     lcd.obj (.text)
                  0000303c    00000270     UART.obj (.text)
                  000032ac    000001f4     rtsv7M4_T_le_v4SPD16_eabi.lib : ull_div_t2.obj (.text)
                  000034a0    000001b8     Impressora.obj (.text)
                  00003658    000001b6     rtsv7M4_T_le_v4SPD16_eabi.lib : fd_add_t2.obj (.text)
                  0000380e    00000136                                   : fd_div_t2.obj (.text)
                  00003944    00000130     driverlib.lib : gpio.obj (.text:GPIOPadConfigSet)
                  00003a74    00000118                   : sysctl.obj (.text:SysCtlClockGet)
                  00003b8c    0000010c     main.obj (.text)
                  00003c98    000000fc     rtsv7M4_T_le_v4SPD16_eabi.lib : fd_mul_t2.obj (.text)
                  00003d94    000000f0     driverlib.lib : sysctl.obj (.text:SysCtlClockSet)
                  00003e84    0000009c     rtsv7M4_T_le_v4SPD16_eabi.lib : memcpy_t2.obj (.text)
                  00003f20    00000094                                   : auto_init.obj (.text)
                  00003fb4    0000007e                                   : fd_cmp_t2.obj (.text:__aeabi_cdcmple)
                  00004032    0000007e                                   : fd_cmp_t2.obj (.text:__aeabi_cdrcmple)
                  000040b0    00000078                                   : memset_t2.obj (.text)
                  00004128    00000060     driverlib.lib : interrupt.obj (.text:IntEnable)
                  00004188    00000060     rtsv7M4_T_le_v4SPD16_eabi.lib : sprintf.obj (.text)
                  000041e8    0000005e                                   : copy_decompress_rle.obj (.text)
                  00004246    00000002     --HOLE-- [fill = 0]
                  00004248    0000005c     driverlib.lib : timer.obj (.text:TimerConfigure)
                  000042a4    0000005a     rtsv7M4_T_le_v4SPD16_eabi.lib : ltoa.obj (.text)
                  000042fe    00000056     driverlib.lib : gpio.obj (.text:GPIOIntTypeSet)
                  00004354    0000004c     rtsv7M4_T_le_v4SPD16_eabi.lib : atoi.obj (.text)
                  000043a0    00000048     driverlib.lib : gpio.obj (.text:GPIOPinConfigure)
                  000043e8    00000048                   : i2c.obj (.text:I2CMasterInitExpClk)
                  00004430    00000048     rtsv7M4_T_le_v4SPD16_eabi.lib : boot.obj (.text)
                  00004478    00000048                                   : fd_toi_t2.obj (.text)
                  000044c0    00000044                                   : cpy_tbl.obj (.text)
                  00004504    00000044                                   : exit.obj (.text)
                  00004548    00000044                                   : fd_tou_t2.obj (.text)
                  0000458c    00000044                                   : xdtest.obj (.text)
                  000045d0    00000042                                   : u_divt2.obj (.text)
                  00004612    00000040     driverlib.lib : uart.obj (.text:UARTConfigSetExpClk)
                  00004652    00000002     --HOLE-- [fill = 0]
                  00004654    00000034                   : sysctl.obj (.text:SysCtlPeripheralEnable)
                  00004688    00000030     rtsv7M4_T_le_v4SPD16_eabi.lib : strncpy.obj (.text)
                  000046b8    0000002e                                   : i_tofd_t2.obj (.text)
                  000046e6    0000002a     driverlib.lib : gpio.obj (.text:GPIODirModeSet)
                  00004710    00000020     rtsv7M4_T_le_v4SPD16_eabi.lib : u_tofd_t2.obj (.text)
                  00004730    0000001c     driverlib.lib : uart.obj (.text:UARTDisable)
                  0000474c    0000001c     rtsv7M4_T_le_v4SPD16_eabi.lib : memccpy.obj (.text)
                  00004768    0000001a                                   : strcat.obj (.text)
                  00004782    00000018     driverlib.lib : gpio.obj (.text:GPIOPinTypeGPIOOutput)
                  0000479a    00000002     --HOLE-- [fill = 0]
                  0000479c    00000018     rtsv7M4_T_le_v4SPD16_eabi.lib : args_main.obj (.text)
                  000047b4    00000018                                   : ll_mul_t2.obj (.text)
                  000047cc    00000018                                   : strcmp.obj (.text)
                  000047e4    00000014     driverlib.lib : timer.obj (.text:TimerDisable)
                  000047f8    00000014                   : uart.obj (.text:UARTEnable)
                  0000480c    00000014     rtsv7M4_T_le_v4SPD16_eabi.lib : _lock.obj (.text)
                  00004820    00000014                                   : strlen.obj (.text)
                  00004834    00000012     driverlib.lib : gpio.obj (.text:GPIOPinTypeGPIOInput)
                  00004846    00000012                   : gpio.obj (.text:GPIOPinTypeI2C)
                  00004858    00000012                   : gpio.obj (.text:GPIOPinTypeI2CSCL)
                  0000486a    00000012                   : gpio.obj (.text:GPIOPinTypeUART)
                  0000487c    00000012                   : timer.obj (.text:TimerLoadSet)
                  0000488e    00000012     rtsv7M4_T_le_v4SPD16_eabi.lib : copy_zero_init.obj (.text:decompress:ZI)
                  000048a0    00000012                                   : xdclass.obj (.text)
                  000048b2    00000010                                   : strcpy.obj (.text)
                  000048c2    0000000e     driverlib.lib : timer.obj (.text:TimerEnable)
                  000048d0    0000000e     rtsv7M4_T_le_v4SPD16_eabi.lib : copy_decompress_none.obj (.text:decompress:none)
                  000048de    0000000c     driverlib.lib : cpu.obj (.text:CPUcpsie)
                  000048ea    0000000c                   : gpio.obj (.text:GPIOIntEnable)
                  000048f6    0000000c                   : uart.obj (.text:UARTCharsAvail)
                  00004902    0000000c     tm4c123gh6pm_startup_ccs.obj (.text)
                  0000490e    0000000a     driverlib.lib : i2c.obj (.text:I2CMasterEnable)
                  00004918    0000000a                   : interrupt.obj (.text:IntMasterEnable)
                  00004922    0000000a                   : uart.obj (.text:UARTCharGet)
                  0000492c    0000000a                   : uart.obj (.text:UARTCharPut)
                  00004936    0000000a                   : uart.obj (.text:UARTFIFOEnable)
                  00004940    0000000a                   : uart.obj (.text:UARTIntStatus)
                  0000494a    00000008                   : i2c.obj (.text:I2CMasterBusy)
                  00004952    00000008                   : i2c.obj (.text:I2CMasterSlaveAddrSet)
                  0000495a    00000008                   : timer.obj (.text:TimerIntEnable)
                  00004962    00000008                   : uart.obj (.text:UARTIntEnable)
                  0000496a    00000006                   : gpio.obj (.text:GPIOIntClear)
                  00004970    00000006                   : gpio.obj (.text:GPIOPinRead)
                  00004976    00000006                   : gpio.obj (.text:GPIOPinWrite)
                  0000497c    00000006                   : sysctl.obj (.text:SysCtlDelay)
                  00004982    00000006     rtsv7M4_T_le_v4SPD16_eabi.lib : copy_decompress_rle.obj (.text:decompress:rle24)
                  00004988    00000004     driverlib.lib : i2c.obj (.text:I2CMasterControl)
                  0000498c    00000004                   : i2c.obj (.text:I2CMasterDataGet)
                  00004990    00000004                   : i2c.obj (.text:I2CMasterDataPut)
                  00004994    00000004                   : timer.obj (.text:TimerIntClear)
                  00004998    00000004                   : uart.obj (.text:UARTIntClear)

.const     0    0000499c    000002e0     
                  0000499c    00000102     rtsv7M4_T_le_v4SPD16_eabi.lib : ctype.obj (.const:.string:_ctypes_)
                  00004a9e    00000002     --HOLE-- [fill = 0]
                  00004aa0    00000090     driverlib.lib : gpio.obj (.const:g_pui32GPIOBaseAddrs)
                  00004b30    00000070                   : interrupt.obj (.const)
                  00004ba0    0000006e     keypad.obj (.const:.string)
                  00004c0e    00000002     --HOLE-- [fill = 0]
                  00004c10    0000006c     driverlib.lib : sysctl.obj (.const:g_pui32Xtals)

.cinit     0    00004c80    000001d0     
                  00004c80    000001a8     (.cinit..data.load) [load image, compression = rle]
                  00004e28    0000000c     (__TI_handler_table)
                  00004e34    00000004     --HOLE-- [fill = 0]
                  00004e38    00000008     (.cinit..bss.load) [load image, compression = zero_init]
                  00004e40    00000010     (__TI_cinit_table)

.stack     0    20000000    00000800     UNINITIALIZED
                  20000000    00000800     --HOLE--

.data      0    20000800    00000250     UNINITIALIZED
                  20000800    00000120     FuncoesMenu.obj (.data:menu)
                  20000920    000000e0     keypad.obj (.data)
                  20000a00    0000003c     FuncoesMenu.obj (.data:dhm)
                  20000a3c    00000008     rtsv7M4_T_le_v4SPD16_eabi.lib : _lock.obj (.data)
                  20000a44    00000008                                   : exit.obj (.data)
                  20000a4c    00000004                                   : stkdepth_vars.obj (.data)

.bss       0    20000a50    00000044     UNINITIALIZED
                  20000a50    00000014     (.common:tmp)
                  20000a64    00000010     (.common:name)
                  20000a74    00000004     (.common:colPosition)
                  20000a78    00000004     (.common:currentState)
                  20000a7c    00000004     (.common:dado)
                  20000a80    00000004     (.common:disableTimer)
                  20000a84    00000004     (.common:letter)
                  20000a88    00000004     (.common:numberState)
                  20000a8c    00000004     (.common:tecla)
                  20000a90    00000004     (.common:ui32Period)


LINKER GENERATED COPY TABLES

__TI_cinit_table @ 00004e40 records: 2, size/record: 8, table size: 16
	.data: load addr=00004c80, load size=000001a8 bytes, run addr=20000800, run size=00000250 bytes, compression=rle
	.bss: load addr=00004e38, load size=00000008 bytes, run addr=20000a50, run size=00000044 bytes, compression=zero_init


LINKER GENERATED HANDLER TABLE

__TI_handler_table @ 00004e28 records: 3, size/record: 4, table size: 12
	index: 0, handler: __TI_decompress_rle24
	index: 1, handler: __TI_decompress_none
	index: 2, handler: __TI_zero_init


GLOBAL SYMBOLS: SORTED ALPHABETICALLY BY Name 

address    name
--------   ----
00004505   C$$EXIT
000048df   CPUcpsie
00001f95   CadastroNovoUsuario
0000133b   DS1307_GetDate
000013c9   DS1307_GetTime
00001189   DS1307_ReadReg
000011eb   DS1307_SetDate
00001293   DS1307_SetTime
0000113b   DS1307_WriteReg
000026c7   Delay
00001755   EEPROM_AdicionaFuncionario
00001889   EEPROM_EncontraFuncionario
000015e1   EEPROM_GetDado
000015a9   EEPROM_GetNrFuncionario
00001ca9   EEPROM_GetRegistros
000014dd   EEPROM_Read
00001a0d   EEPROM_RegistraFuncionarioEntrada
00001b59   EEPROM_RegistraFuncionarioSaida
00001461   EEPROM_Write
000024ab   FuncoesMenu_Menu
0000216b   FuncoesMenu_SalvaEntrada
00002225   FuncoesMenu_SalvaSaida
000046e7   GPIODirModeSet
0000496b   GPIOIntClear
000048eb   GPIOIntEnable
000042ff   GPIOIntTypeSet
00003945   GPIOPadConfigSet
000043a1   GPIOPinConfigure
00004971   GPIOPinRead
00004835   GPIOPinTypeGPIOInput
00004783   GPIOPinTypeGPIOOutput
00004847   GPIOPinTypeI2C
00004859   GPIOPinTypeI2CSCL
0000486b   GPIOPinTypeUART
00004977   GPIOPinWrite
00001ef7   GetMatricula
00003183   GetMatriculaUART
0000494b   I2CMasterBusy
00004989   I2CMasterControl
0000498d   I2CMasterDataGet
00004991   I2CMasterDataPut
0000490f   I2CMasterEnable
000043e9   I2CMasterInitExpClk
00004953   I2CMasterSlaveAddrSet
000010f9   I2C_Init
00003553   Impressora_Cut_Paper
0000356d   Impressora_Cut_Parc_Paper
000034ff   Impressora_ImprimeLinha
000034a1   Impressora_Init
0000361d   Impressora_Italico
00003525   Impressora_Pula_Linha
000034d9   Impressora_Pula_Pagina
000035c5   Impressora_Realce
00003587   Impressora_Sublinhado
000020dd   ImprimeExtrato
00002487   ImprimeOpcao
00002325   ImprimeRelatorio
00003b8d   IniciaTiva
00004129   IntEnable
00004919   IntMasterEnable
00002f63   IntToStr
00002a8f   KEYPAD_DeleteLetter
00002cf5   KEYPAD_GetColPosition
00002b19   KEYPAD_GetLetter
00002b09   KEYPAD_GetName
00002a41   KEYPAD_Init
00002adf   KEYPAD_NewName
00002ce5   KEYPAD_SetColPosition
00002f3f   LCD_Clear
00002f49   LCD_Cursor
00002e73   LCD_Data
00002df3   LCD_EN_Pulse
00002d69   LCD_Init
00002e17   LCD_Inst
00002ecf   LCD_Write
00002a23   NextLetter
0000308f   ReadUART
0000204f   RemoveUsuario
00004903   ResetISR
0000155f   ResetMem
000029f9   ResetTimer
UNDEFED    SHT$$INIT_ARRAY$$Base
UNDEFED    SHT$$INIT_ARRAY$$Limit
0000309d   SendUART
00001e11   SetDateTime
00003baf   ShowDateTime
00003a75   SysCtlClockGet
00003d95   SysCtlClockSet
0000497d   SysCtlDelay
00004655   SysCtlPeripheralEnable
0000270b   Teclado_Clear
00002799   Teclado_EscreveLinha
00002745   Teclado_GetBotao
000025dd   Teclado_Init
000027f9   Teclado_LeColuma
0000287d   Teclado_PegaValor
00004249   TimerConfigure
000029c1   TimerDelay
000047e5   TimerDisable
000048c3   TimerEnable
00002ca1   TimerEnd
00004995   TimerIntClear
0000495b   TimerIntEnable
0000487d   TimerLoadSet
00004923   UARTCharGet
0000492d   UARTCharPut
000048f7   UARTCharsAvail
00004613   UARTConfigSetExpClk
00004731   UARTDisable
000047f9   UARTEnable
00004937   UARTFIFOEnable
00004999   UARTIntClear
00004963   UARTIntEnable
00004941   UARTIntStatus
000031c9   UART_AddUser
0000303d   UART_Init
00003231   UART_Receive
00003223   UART_RemoveUser
000030cb   UART_Send
000030f1   UART_SetDateTime
000048a1   _Dclass
0000458d   _Dtest
20000800   __STACK_END
00000800   __STACK_SIZE
20000200   __STACK_TOP
00004e40   __TI_CINIT_Base
00004e50   __TI_CINIT_Limit
00004e28   __TI_Handler_Table_Base
00004e34   __TI_Handler_Table_Limit
00000001   __TI_args_main
00003f21   __TI_auto_init
20000a44   __TI_cleanup_ptr
000048d1   __TI_decompress_none
00004983   __TI_decompress_rle24
20000a48   __TI_dtors_ptr
00000def   __TI_printfi
00000000   __TI_static_base__
0000488f   __TI_zero_init
00003fb5   __aeabi_cdcmpeq
00003fb5   __aeabi_cdcmple
00004033   __aeabi_cdrcmple
00004479   __aeabi_d2iz
00004549   __aeabi_d2uiz
00003663   __aeabi_dadd
0000380f   __aeabi_ddiv
00003c99   __aeabi_dmul
00003659   __aeabi_dsub
000046b9   __aeabi_i2d
000047b5   __aeabi_lmul
000040b1   __aeabi_memclr
000040b1   __aeabi_memclr4
000040b1   __aeabi_memclr8
00003e85   __aeabi_memcpy
00003e85   __aeabi_memcpy4
00003e85   __aeabi_memcpy8
000040b3   __aeabi_memset
000040b3   __aeabi_memset4
000040b3   __aeabi_memset8
00004711   __aeabi_ui2d
000045d1   __aeabi_uidivmod
000032ad   __aeabi_uldivmod
ffffffff   __binit__
ffffffff   __c_args__
20000000   __stack
0000479d   _args_main
00004431   _c_int00
0000499c   _ctypes_
20000a3c   _lock
0000481b   _nop
00004813   _register_lock
0000480d   _register_unlock
20000a40   _unlock
00004509   abort
00004355   atoi
200009f0   b0
20000920   b2
20000938   b3
20000950   b4
20000968   b5
20000980   b6
20000998   b7
200009b8   b8
200009d0   b9
ffffffff   binit
20000a74   colPosition
000044c1   copy_in
20000a78   currentState
20000a7c   dado
20000a00   dhm
20000a80   disableTimer
00004511   exit
00000000   g_pfnVectors
20000a84   letter
000042a5   ltoa
00003bd3   main
20000a4c   main_func_sp
0000474d   memccpy
00003e85   memcpy
000040b9   memset
20000800   menu
20000a64   name
20000a88   numberState
00004189   sprintf
00004769   strcat
000047cd   strcmp
000048b3   strcpy
00004821   strlen
00004689   strncpy
20000a8c   tecla
20000a50   tmp
20000a90   ui32Period


GLOBAL SYMBOLS: SORTED BY Symbol Address 

address    name
--------   ----
00000000   __TI_static_base__
00000000   g_pfnVectors
00000001   __TI_args_main
00000800   __STACK_SIZE
00000def   __TI_printfi
000010f9   I2C_Init
0000113b   DS1307_WriteReg
00001189   DS1307_ReadReg
000011eb   DS1307_SetDate
00001293   DS1307_SetTime
0000133b   DS1307_GetDate
000013c9   DS1307_GetTime
00001461   EEPROM_Write
000014dd   EEPROM_Read
0000155f   ResetMem
000015a9   EEPROM_GetNrFuncionario
000015e1   EEPROM_GetDado
00001755   EEPROM_AdicionaFuncionario
00001889   EEPROM_EncontraFuncionario
00001a0d   EEPROM_RegistraFuncionarioEntrada
00001b59   EEPROM_RegistraFuncionarioSaida
00001ca9   EEPROM_GetRegistros
00001e11   SetDateTime
00001ef7   GetMatricula
00001f95   CadastroNovoUsuario
0000204f   RemoveUsuario
000020dd   ImprimeExtrato
0000216b   FuncoesMenu_SalvaEntrada
00002225   FuncoesMenu_SalvaSaida
00002325   ImprimeRelatorio
00002487   ImprimeOpcao
000024ab   FuncoesMenu_Menu
000025dd   Teclado_Init
000026c7   Delay
0000270b   Teclado_Clear
00002745   Teclado_GetBotao
00002799   Teclado_EscreveLinha
000027f9   Teclado_LeColuma
0000287d   Teclado_PegaValor
000029c1   TimerDelay
000029f9   ResetTimer
00002a23   NextLetter
00002a41   KEYPAD_Init
00002a8f   KEYPAD_DeleteLetter
00002adf   KEYPAD_NewName
00002b09   KEYPAD_GetName
00002b19   KEYPAD_GetLetter
00002ca1   TimerEnd
00002ce5   KEYPAD_SetColPosition
00002cf5   KEYPAD_GetColPosition
00002d69   LCD_Init
00002df3   LCD_EN_Pulse
00002e17   LCD_Inst
00002e73   LCD_Data
00002ecf   LCD_Write
00002f3f   LCD_Clear
00002f49   LCD_Cursor
00002f63   IntToStr
0000303d   UART_Init
0000308f   ReadUART
0000309d   SendUART
000030cb   UART_Send
000030f1   UART_SetDateTime
00003183   GetMatriculaUART
000031c9   UART_AddUser
00003223   UART_RemoveUser
00003231   UART_Receive
000032ad   __aeabi_uldivmod
000034a1   Impressora_Init
000034d9   Impressora_Pula_Pagina
000034ff   Impressora_ImprimeLinha
00003525   Impressora_Pula_Linha
00003553   Impressora_Cut_Paper
0000356d   Impressora_Cut_Parc_Paper
00003587   Impressora_Sublinhado
000035c5   Impressora_Realce
0000361d   Impressora_Italico
00003659   __aeabi_dsub
00003663   __aeabi_dadd
0000380f   __aeabi_ddiv
00003945   GPIOPadConfigSet
00003a75   SysCtlClockGet
00003b8d   IniciaTiva
00003baf   ShowDateTime
00003bd3   main
00003c99   __aeabi_dmul
00003d95   SysCtlClockSet
00003e85   __aeabi_memcpy
00003e85   __aeabi_memcpy4
00003e85   __aeabi_memcpy8
00003e85   memcpy
00003f21   __TI_auto_init
00003fb5   __aeabi_cdcmpeq
00003fb5   __aeabi_cdcmple
00004033   __aeabi_cdrcmple
000040b1   __aeabi_memclr
000040b1   __aeabi_memclr4
000040b1   __aeabi_memclr8
000040b3   __aeabi_memset
000040b3   __aeabi_memset4
000040b3   __aeabi_memset8
000040b9   memset
00004129   IntEnable
00004189   sprintf
00004249   TimerConfigure
000042a5   ltoa
000042ff   GPIOIntTypeSet
00004355   atoi
000043a1   GPIOPinConfigure
000043e9   I2CMasterInitExpClk
00004431   _c_int00
00004479   __aeabi_d2iz
000044c1   copy_in
00004505   C$$EXIT
00004509   abort
00004511   exit
00004549   __aeabi_d2uiz
0000458d   _Dtest
000045d1   __aeabi_uidivmod
00004613   UARTConfigSetExpClk
00004655   SysCtlPeripheralEnable
00004689   strncpy
000046b9   __aeabi_i2d
000046e7   GPIODirModeSet
00004711   __aeabi_ui2d
00004731   UARTDisable
0000474d   memccpy
00004769   strcat
00004783   GPIOPinTypeGPIOOutput
0000479d   _args_main
000047b5   __aeabi_lmul
000047cd   strcmp
000047e5   TimerDisable
000047f9   UARTEnable
0000480d   _register_unlock
00004813   _register_lock
0000481b   _nop
00004821   strlen
00004835   GPIOPinTypeGPIOInput
00004847   GPIOPinTypeI2C
00004859   GPIOPinTypeI2CSCL
0000486b   GPIOPinTypeUART
0000487d   TimerLoadSet
0000488f   __TI_zero_init
000048a1   _Dclass
000048b3   strcpy
000048c3   TimerEnable
000048d1   __TI_decompress_none
000048df   CPUcpsie
000048eb   GPIOIntEnable
000048f7   UARTCharsAvail
00004903   ResetISR
0000490f   I2CMasterEnable
00004919   IntMasterEnable
00004923   UARTCharGet
0000492d   UARTCharPut
00004937   UARTFIFOEnable
00004941   UARTIntStatus
0000494b   I2CMasterBusy
00004953   I2CMasterSlaveAddrSet
0000495b   TimerIntEnable
00004963   UARTIntEnable
0000496b   GPIOIntClear
00004971   GPIOPinRead
00004977   GPIOPinWrite
0000497d   SysCtlDelay
00004983   __TI_decompress_rle24
00004989   I2CMasterControl
0000498d   I2CMasterDataGet
00004991   I2CMasterDataPut
00004995   TimerIntClear
00004999   UARTIntClear
0000499c   _ctypes_
00004e28   __TI_Handler_Table_Base
00004e34   __TI_Handler_Table_Limit
00004e40   __TI_CINIT_Base
00004e50   __TI_CINIT_Limit
20000000   __stack
20000200   __STACK_TOP
20000800   __STACK_END
20000800   menu
20000920   b2
20000938   b3
20000950   b4
20000968   b5
20000980   b6
20000998   b7
200009b8   b8
200009d0   b9
200009f0   b0
20000a00   dhm
20000a3c   _lock
20000a40   _unlock
20000a44   __TI_cleanup_ptr
20000a48   __TI_dtors_ptr
20000a4c   main_func_sp
20000a50   tmp
20000a64   name
20000a74   colPosition
20000a78   currentState
20000a7c   dado
20000a80   disableTimer
20000a84   letter
20000a88   numberState
20000a8c   tecla
20000a90   ui32Period
ffffffff   __binit__
ffffffff   __c_args__
ffffffff   binit
UNDEFED    SHT$$INIT_ARRAY$$Base
UNDEFED    SHT$$INIT_ARRAY$$Limit

[211 symbols]
