******************************************************************************
                  TI ARM Linker PC v5.1.1                      
******************************************************************************
>> Linked Wed Jul 23 21:39:42 2014

OUTPUT FILE NAME:   <RelogioPonto.out>
ENTRY POINT SYMBOL: "_c_int00"  address: 000042a1


MEMORY CONFIGURATION

         name            origin    length      used     unused   attr    fill
----------------------  --------  ---------  --------  --------  ----  --------
  FLASH                 00000000   00040000  00004cbc  0003b344  R  X
  SRAM                  20000000   00008000  00000a94  0000756c  RW X


SEGMENT ALLOCATION MAP

run origin  load origin   length   init length attrs members
----------  ----------- ---------- ----------- ----- -------
00000000    00000000    00004cc0   00004cc0    r-x
  00000000    00000000    0000026c   0000026c    r-- .intvecs
  0000026c    0000026c    000045a0   000045a0    r-x .text
  0000480c    0000480c    000002e0   000002e0    r-- .const
  00004af0    00004af0    000001d0   000001d0    r-- .cinit
20000000    20000000    00000a94   00000000    rw-
  20000000    20000000    00000800   00000000    rw- .stack
  20000800    20000800    00000250   00000000    rw- .data
  20000a50    20000a50    00000044   00000000    rw- .bss


SECTION ALLOCATION MAP

 output                                  attributes/
section   page    origin      length       input sections
--------  ----  ----------  ----------   ----------------
.intvecs   0    00000000    0000026c     
                  00000000    0000026c     tm4c123gh6pm_startup_ccs.obj (.intvecs)

.init_array 
*          0    00000000    00000000     UNINITIALIZED

.text      0    0000026c    000045a0     
                  0000026c    00000e8c     rtsv7M4_T_le_v4SPD16_eabi.lib : _printfi.obj (.text)
                  000010f8    00000ac0     i2c.obj (.text)
                  00001bb8    000007cc     FuncoesMenu.obj (.text)
                  00002384    000003e2     teclado.obj (.text)
                  00002766    00000002     --HOLE-- [fill = 0]
                  00002768    000003a8     keypad.obj (.text)
                  00002b10    00000334     UART.obj (.text)
                  00002e44    000002d4     lcd.obj (.text)
                  00003118    000001f4     rtsv7M4_T_le_v4SPD16_eabi.lib : ull_div_t2.obj (.text)
                  0000330c    000001d8     Impressora.obj (.text)
                  000034e4    000001b6     rtsv7M4_T_le_v4SPD16_eabi.lib : fd_add_t2.obj (.text)
                  0000369a    00000136                                   : fd_div_t2.obj (.text)
                  000037d0    00000130     driverlib.lib : gpio.obj (.text:GPIOPadConfigSet)
                  00003900    00000118                   : sysctl.obj (.text:SysCtlClockGet)
                  00003a18    000000fc     rtsv7M4_T_le_v4SPD16_eabi.lib : fd_mul_t2.obj (.text)
                  00003b14    000000f0     driverlib.lib : sysctl.obj (.text:SysCtlClockSet)
                  00003c04    000000f0     main.obj (.text)
                  00003cf4    0000009c     rtsv7M4_T_le_v4SPD16_eabi.lib : memcpy_t2.obj (.text)
                  00003d90    00000094                                   : auto_init.obj (.text)
                  00003e24    0000007e                                   : fd_cmp_t2.obj (.text:__aeabi_cdcmple)
                  00003ea2    0000007e                                   : fd_cmp_t2.obj (.text:__aeabi_cdrcmple)
                  00003f20    00000078                                   : memset_t2.obj (.text)
                  00003f98    00000060     driverlib.lib : interrupt.obj (.text:IntEnable)
                  00003ff8    00000060     rtsv7M4_T_le_v4SPD16_eabi.lib : sprintf.obj (.text)
                  00004058    0000005e                                   : copy_decompress_rle.obj (.text)
                  000040b6    00000002     --HOLE-- [fill = 0]
                  000040b8    0000005c     driverlib.lib : timer.obj (.text:TimerConfigure)
                  00004114    0000005a     rtsv7M4_T_le_v4SPD16_eabi.lib : ltoa.obj (.text)
                  0000416e    00000056     driverlib.lib : gpio.obj (.text:GPIOIntTypeSet)
                  000041c4    0000004c     rtsv7M4_T_le_v4SPD16_eabi.lib : atoi.obj (.text)
                  00004210    00000048     driverlib.lib : gpio.obj (.text:GPIOPinConfigure)
                  00004258    00000048                   : i2c.obj (.text:I2CMasterInitExpClk)
                  000042a0    00000048     rtsv7M4_T_le_v4SPD16_eabi.lib : boot.obj (.text)
                  000042e8    00000048                                   : fd_toi_t2.obj (.text)
                  00004330    00000044                                   : cpy_tbl.obj (.text)
                  00004374    00000044                                   : exit.obj (.text)
                  000043b8    00000044                                   : fd_tou_t2.obj (.text)
                  000043fc    00000044                                   : xdtest.obj (.text)
                  00004440    00000042                                   : u_divt2.obj (.text)
                  00004482    00000040     driverlib.lib : uart.obj (.text:UARTConfigSetExpClk)
                  000044c2    00000002     --HOLE-- [fill = 0]
                  000044c4    00000034                   : sysctl.obj (.text:SysCtlPeripheralEnable)
                  000044f8    00000030     rtsv7M4_T_le_v4SPD16_eabi.lib : strncpy.obj (.text)
                  00004528    0000002e                                   : i_tofd_t2.obj (.text)
                  00004556    0000002a     driverlib.lib : gpio.obj (.text:GPIODirModeSet)
                  00004580    00000020     rtsv7M4_T_le_v4SPD16_eabi.lib : u_tofd_t2.obj (.text)
                  000045a0    0000001c     driverlib.lib : uart.obj (.text:UARTDisable)
                  000045bc    0000001c     rtsv7M4_T_le_v4SPD16_eabi.lib : memccpy.obj (.text)
                  000045d8    0000001a                                   : strcat.obj (.text)
                  000045f2    00000018     driverlib.lib : gpio.obj (.text:GPIOPinTypeGPIOOutput)
                  0000460a    00000002     --HOLE-- [fill = 0]
                  0000460c    00000018     rtsv7M4_T_le_v4SPD16_eabi.lib : args_main.obj (.text)
                  00004624    00000018                                   : ll_mul_t2.obj (.text)
                  0000463c    00000018                                   : strcmp.obj (.text)
                  00004654    00000014     driverlib.lib : timer.obj (.text:TimerDisable)
                  00004668    00000014                   : uart.obj (.text:UARTEnable)
                  0000467c    00000014     rtsv7M4_T_le_v4SPD16_eabi.lib : _lock.obj (.text)
                  00004690    00000014                                   : strlen.obj (.text)
                  000046a4    00000012     driverlib.lib : gpio.obj (.text:GPIOPinTypeGPIOInput)
                  000046b6    00000012                   : gpio.obj (.text:GPIOPinTypeI2C)
                  000046c8    00000012                   : gpio.obj (.text:GPIOPinTypeI2CSCL)
                  000046da    00000012                   : gpio.obj (.text:GPIOPinTypeUART)
                  000046ec    00000012                   : timer.obj (.text:TimerLoadSet)
                  000046fe    00000012     rtsv7M4_T_le_v4SPD16_eabi.lib : copy_zero_init.obj (.text:decompress:ZI)
                  00004710    00000012                                   : xdclass.obj (.text)
                  00004722    00000010                                   : strcpy.obj (.text)
                  00004732    0000000e     driverlib.lib : timer.obj (.text:TimerEnable)
                  00004740    0000000e     rtsv7M4_T_le_v4SPD16_eabi.lib : copy_decompress_none.obj (.text:decompress:none)
                  0000474e    0000000c     driverlib.lib : cpu.obj (.text:CPUcpsie)
                  0000475a    0000000c                   : gpio.obj (.text:GPIOIntEnable)
                  00004766    0000000c                   : uart.obj (.text:UARTCharsAvail)
                  00004772    0000000c     tm4c123gh6pm_startup_ccs.obj (.text)
                  0000477e    0000000a     driverlib.lib : i2c.obj (.text:I2CMasterEnable)
                  00004788    0000000a                   : interrupt.obj (.text:IntMasterEnable)
                  00004792    0000000a                   : uart.obj (.text:UARTCharGet)
                  0000479c    0000000a                   : uart.obj (.text:UARTCharPut)
                  000047a6    0000000a                   : uart.obj (.text:UARTFIFOEnable)
                  000047b0    0000000a                   : uart.obj (.text:UARTIntStatus)
                  000047ba    00000008                   : i2c.obj (.text:I2CMasterBusy)
                  000047c2    00000008                   : i2c.obj (.text:I2CMasterSlaveAddrSet)
                  000047ca    00000008                   : timer.obj (.text:TimerIntEnable)
                  000047d2    00000008                   : uart.obj (.text:UARTIntEnable)
                  000047da    00000006                   : gpio.obj (.text:GPIOIntClear)
                  000047e0    00000006                   : gpio.obj (.text:GPIOPinRead)
                  000047e6    00000006                   : gpio.obj (.text:GPIOPinWrite)
                  000047ec    00000006                   : sysctl.obj (.text:SysCtlDelay)
                  000047f2    00000006     rtsv7M4_T_le_v4SPD16_eabi.lib : copy_decompress_rle.obj (.text:decompress:rle24)
                  000047f8    00000004     driverlib.lib : i2c.obj (.text:I2CMasterControl)
                  000047fc    00000004                   : i2c.obj (.text:I2CMasterDataGet)
                  00004800    00000004                   : i2c.obj (.text:I2CMasterDataPut)
                  00004804    00000004                   : timer.obj (.text:TimerIntClear)
                  00004808    00000004                   : uart.obj (.text:UARTIntClear)

.const     0    0000480c    000002e0     
                  0000480c    00000102     rtsv7M4_T_le_v4SPD16_eabi.lib : ctype.obj (.const:.string:_ctypes_)
                  0000490e    00000002     --HOLE-- [fill = 0]
                  00004910    00000090     driverlib.lib : gpio.obj (.const:g_pui32GPIOBaseAddrs)
                  000049a0    00000070                   : interrupt.obj (.const)
                  00004a10    0000006e     keypad.obj (.const:.string)
                  00004a7e    00000002     --HOLE-- [fill = 0]
                  00004a80    0000006c     driverlib.lib : sysctl.obj (.const:g_pui32Xtals)

.cinit     0    00004af0    000001d0     
                  00004af0    000001a9     (.cinit..data.load) [load image, compression = rle]
                  00004c99    00000003     --HOLE-- [fill = 0]
                  00004c9c    0000000c     (__TI_handler_table)
                  00004ca8    00000008     (.cinit..bss.load) [load image, compression = zero_init]
                  00004cb0    00000010     (__TI_cinit_table)

.stack     0    20000000    00000800     UNINITIALIZED
                  20000000    00000800     --HOLE--

.data      0    20000800    00000250     UNINITIALIZED
                  20000800    00000120     FuncoesMenu.obj (.data:menu)
                  20000920    000000e0     keypad.obj (.data)
                  20000a00    0000003c     FuncoesMenu.obj (.data:dhm)
                  20000a3c    00000008     rtsv7M4_T_le_v4SPD16_eabi.lib : _lock.obj (.data)
                  20000a44    00000008                                   : exit.obj (.data)
                  20000a4c    00000004                                   : stkdepth_vars.obj (.data)

.bss       0    20000a50    00000044     UNINITIALIZED
                  20000a50    00000014     (.common:tmp)
                  20000a64    00000010     (.common:name)
                  20000a74    00000004     (.common:colPosition)
                  20000a78    00000004     (.common:currentState)
                  20000a7c    00000004     (.common:dado)
                  20000a80    00000004     (.common:disableTimer)
                  20000a84    00000004     (.common:letter)
                  20000a88    00000004     (.common:numberState)
                  20000a8c    00000004     (.common:tecla)
                  20000a90    00000004     (.common:ui32Period)


LINKER GENERATED COPY TABLES

__TI_cinit_table @ 00004cb0 records: 2, size/record: 8, table size: 16
	.data: load addr=00004af0, load size=000001a9 bytes, run addr=20000800, run size=00000250 bytes, compression=rle
	.bss: load addr=00004ca8, load size=00000008 bytes, run addr=20000a50, run size=00000044 bytes, compression=zero_init


LINKER GENERATED HANDLER TABLE

__TI_handler_table @ 00004c9c records: 3, size/record: 4, table size: 12
	index: 0, handler: __TI_decompress_rle24
	index: 1, handler: __TI_decompress_none
	index: 2, handler: __TI_zero_init


GLOBAL SYMBOLS: SORTED ALPHABETICALLY BY Name 

address    name
--------   ----
00004375   C$$EXIT
0000474f   CPUcpsie
00001d3d   CadastroNovoUsuario
0000133b   DS1307_GetDate
000013c9   DS1307_GetTime
00001189   DS1307_ReadReg
000011eb   DS1307_SetDate
00001293   DS1307_SetTime
0000113b   DS1307_WriteReg
0000246f   Delay
000016c1   EEPROM_AdicionaFuncionario
000017a5   EEPROM_EncontraFuncionario
000015b7   EEPROM_GetDado
00001597   EEPROM_GetNrFuncionario
00001aed   EEPROM_GetRegistros
000014dd   EEPROM_Read
000018a5   EEPROM_RegistraFuncionarioEntrada
000019c7   EEPROM_RegistraFuncionarioSaida
00001461   EEPROM_Write
00002253   FuncoesMenu_Menu
00001f13   FuncoesMenu_SalvaEntrada
00001fcd   FuncoesMenu_SalvaSaida
00004557   GPIODirModeSet
000047db   GPIOIntClear
0000475b   GPIOIntEnable
0000416f   GPIOIntTypeSet
000037d1   GPIOPadConfigSet
00004211   GPIOPinConfigure
000047e1   GPIOPinRead
000046a5   GPIOPinTypeGPIOInput
000045f3   GPIOPinTypeGPIOOutput
000046b7   GPIOPinTypeI2C
000046c9   GPIOPinTypeI2CSCL
000046db   GPIOPinTypeUART
000047e7   GPIOPinWrite
00001c9f   GetMatricula
00002cbd   GetMatriculaUART
000047bb   I2CMasterBusy
000047f9   I2CMasterControl
000047fd   I2CMasterDataGet
00004801   I2CMasterDataPut
0000477f   I2CMasterEnable
00004259   I2CMasterInitExpClk
000047c3   I2CMasterSlaveAddrSet
000010f9   I2C_Init
0000330d   Impressora_Centraliza
000033df   Impressora_Cut_Paper
000033f9   Impressora_Cut_Parc_Paper
0000338b   Impressora_ImprimeLinha
00003329   Impressora_Init
000034a9   Impressora_Italico
000033b1   Impressora_Pula_Linha
00003365   Impressora_Pula_Pagina
00003451   Impressora_Realce
00003413   Impressora_Sublinhado
00001e85   ImprimeExtrato
0000222f   ImprimeOpcao
000020cd   ImprimeRelatorio
00003c05   IniciaTiva
00003f99   IntEnable
00004789   IntMasterEnable
0000303f   IntToStr
00002837   KEYPAD_DeleteLetter
00002a9d   KEYPAD_GetColPosition
000028c1   KEYPAD_GetLetter
000028b1   KEYPAD_GetName
000027e9   KEYPAD_Init
00002887   KEYPAD_NewName
00002a8d   KEYPAD_SetColPosition
0000301b   LCD_Clear
00003025   LCD_Cursor
00002f4f   LCD_Data
00002ecf   LCD_EN_Pulse
00002e45   LCD_Init
00002ef3   LCD_Inst
00002fab   LCD_Write
000027cb   NextLetter
00002b63   ReadUART
00001df7   RemoveUsuario
00004773   ResetISR
0000155f   ResetMem
000027a1   ResetTimer
UNDEFED    SHT$$INIT_ARRAY$$Base
UNDEFED    SHT$$INIT_ARRAY$$Limit
00002b71   SendUART
00001bb9   SetDateTime
00003c27   ShowDateTime
00003901   SysCtlClockGet
00003b15   SysCtlClockSet
000047ed   SysCtlDelay
000044c5   SysCtlPeripheralEnable
000024b3   Teclado_Clear
00002541   Teclado_EscreveLinha
000024ed   Teclado_GetBotao
00002385   Teclado_Init
000025a1   Teclado_LeColuma
00002625   Teclado_PegaValor
000040b9   TimerConfigure
00002769   TimerDelay
00004655   TimerDisable
00004733   TimerEnable
00002a49   TimerEnd
00004805   TimerIntClear
000047cb   TimerIntEnable
000046ed   TimerLoadSet
00004793   UARTCharGet
0000479d   UARTCharPut
00004767   UARTCharsAvail
00004483   UARTConfigSetExpClk
000045a1   UARTDisable
00004669   UARTEnable
000047a7   UARTFIFOEnable
00004809   UARTIntClear
000047d3   UARTIntEnable
000047b1   UARTIntStatus
00002d03   UART_AddUser
00002b11   UART_Init
00002d95   UART_Receive
00002d63   UART_RemoveUser
00002b9f   UART_Send
00002c25   UART_SetDateTime
00004711   _Dclass
000043fd   _Dtest
20000800   __STACK_END
00000800   __STACK_SIZE
20000200   __STACK_TOP
00004cb0   __TI_CINIT_Base
00004cc0   __TI_CINIT_Limit
00004c9c   __TI_Handler_Table_Base
00004ca8   __TI_Handler_Table_Limit
00000001   __TI_args_main
00003d91   __TI_auto_init
20000a44   __TI_cleanup_ptr
00004741   __TI_decompress_none
000047f3   __TI_decompress_rle24
20000a48   __TI_dtors_ptr
00000def   __TI_printfi
00000000   __TI_static_base__
000046ff   __TI_zero_init
00003e25   __aeabi_cdcmpeq
00003e25   __aeabi_cdcmple
00003ea3   __aeabi_cdrcmple
000042e9   __aeabi_d2iz
000043b9   __aeabi_d2uiz
000034ef   __aeabi_dadd
0000369b   __aeabi_ddiv
00003a19   __aeabi_dmul
000034e5   __aeabi_dsub
00004529   __aeabi_i2d
00004625   __aeabi_lmul
00003f21   __aeabi_memclr
00003f21   __aeabi_memclr4
00003f21   __aeabi_memclr8
00003cf5   __aeabi_memcpy
00003cf5   __aeabi_memcpy4
00003cf5   __aeabi_memcpy8
00003f23   __aeabi_memset
00003f23   __aeabi_memset4
00003f23   __aeabi_memset8
00004581   __aeabi_ui2d
00004441   __aeabi_uidivmod
00003119   __aeabi_uldivmod
ffffffff   __binit__
ffffffff   __c_args__
20000000   __stack
0000460d   _args_main
000042a1   _c_int00
0000480c   _ctypes_
20000a3c   _lock
0000468b   _nop
00004683   _register_lock
0000467d   _register_unlock
20000a40   _unlock
00004379   abort
000041c5   atoi
200009f0   b0
20000920   b2
20000938   b3
20000950   b4
20000968   b5
20000980   b6
20000998   b7
200009b8   b8
200009d0   b9
ffffffff   binit
20000a74   colPosition
00004331   copy_in
20000a78   currentState
20000a7c   dado
20000a00   dhm
20000a80   disableTimer
00004381   exit
00000000   g_pfnVectors
20000a84   letter
00004115   ltoa
00003c4b   main
20000a4c   main_func_sp
000045bd   memccpy
00003cf5   memcpy
00003f29   memset
20000800   menu
20000a64   name
20000a88   numberState
00003ff9   sprintf
000045d9   strcat
0000463d   strcmp
00004723   strcpy
00004691   strlen
000044f9   strncpy
20000a8c   tecla
20000a50   tmp
20000a90   ui32Period


GLOBAL SYMBOLS: SORTED BY Symbol Address 

address    name
--------   ----
00000000   __TI_static_base__
00000000   g_pfnVectors
00000001   __TI_args_main
00000800   __STACK_SIZE
00000def   __TI_printfi
000010f9   I2C_Init
0000113b   DS1307_WriteReg
00001189   DS1307_ReadReg
000011eb   DS1307_SetDate
00001293   DS1307_SetTime
0000133b   DS1307_GetDate
000013c9   DS1307_GetTime
00001461   EEPROM_Write
000014dd   EEPROM_Read
0000155f   ResetMem
00001597   EEPROM_GetNrFuncionario
000015b7   EEPROM_GetDado
000016c1   EEPROM_AdicionaFuncionario
000017a5   EEPROM_EncontraFuncionario
000018a5   EEPROM_RegistraFuncionarioEntrada
000019c7   EEPROM_RegistraFuncionarioSaida
00001aed   EEPROM_GetRegistros
00001bb9   SetDateTime
00001c9f   GetMatricula
00001d3d   CadastroNovoUsuario
00001df7   RemoveUsuario
00001e85   ImprimeExtrato
00001f13   FuncoesMenu_SalvaEntrada
00001fcd   FuncoesMenu_SalvaSaida
000020cd   ImprimeRelatorio
0000222f   ImprimeOpcao
00002253   FuncoesMenu_Menu
00002385   Teclado_Init
0000246f   Delay
000024b3   Teclado_Clear
000024ed   Teclado_GetBotao
00002541   Teclado_EscreveLinha
000025a1   Teclado_LeColuma
00002625   Teclado_PegaValor
00002769   TimerDelay
000027a1   ResetTimer
000027cb   NextLetter
000027e9   KEYPAD_Init
00002837   KEYPAD_DeleteLetter
00002887   KEYPAD_NewName
000028b1   KEYPAD_GetName
000028c1   KEYPAD_GetLetter
00002a49   TimerEnd
00002a8d   KEYPAD_SetColPosition
00002a9d   KEYPAD_GetColPosition
00002b11   UART_Init
00002b63   ReadUART
00002b71   SendUART
00002b9f   UART_Send
00002c25   UART_SetDateTime
00002cbd   GetMatriculaUART
00002d03   UART_AddUser
00002d63   UART_RemoveUser
00002d95   UART_Receive
00002e45   LCD_Init
00002ecf   LCD_EN_Pulse
00002ef3   LCD_Inst
00002f4f   LCD_Data
00002fab   LCD_Write
0000301b   LCD_Clear
00003025   LCD_Cursor
0000303f   IntToStr
00003119   __aeabi_uldivmod
0000330d   Impressora_Centraliza
00003329   Impressora_Init
00003365   Impressora_Pula_Pagina
0000338b   Impressora_ImprimeLinha
000033b1   Impressora_Pula_Linha
000033df   Impressora_Cut_Paper
000033f9   Impressora_Cut_Parc_Paper
00003413   Impressora_Sublinhado
00003451   Impressora_Realce
000034a9   Impressora_Italico
000034e5   __aeabi_dsub
000034ef   __aeabi_dadd
0000369b   __aeabi_ddiv
000037d1   GPIOPadConfigSet
00003901   SysCtlClockGet
00003a19   __aeabi_dmul
00003b15   SysCtlClockSet
00003c05   IniciaTiva
00003c27   ShowDateTime
00003c4b   main
00003cf5   __aeabi_memcpy
00003cf5   __aeabi_memcpy4
00003cf5   __aeabi_memcpy8
00003cf5   memcpy
00003d91   __TI_auto_init
00003e25   __aeabi_cdcmpeq
00003e25   __aeabi_cdcmple
00003ea3   __aeabi_cdrcmple
00003f21   __aeabi_memclr
00003f21   __aeabi_memclr4
00003f21   __aeabi_memclr8
00003f23   __aeabi_memset
00003f23   __aeabi_memset4
00003f23   __aeabi_memset8
00003f29   memset
00003f99   IntEnable
00003ff9   sprintf
000040b9   TimerConfigure
00004115   ltoa
0000416f   GPIOIntTypeSet
000041c5   atoi
00004211   GPIOPinConfigure
00004259   I2CMasterInitExpClk
000042a1   _c_int00
000042e9   __aeabi_d2iz
00004331   copy_in
00004375   C$$EXIT
00004379   abort
00004381   exit
000043b9   __aeabi_d2uiz
000043fd   _Dtest
00004441   __aeabi_uidivmod
00004483   UARTConfigSetExpClk
000044c5   SysCtlPeripheralEnable
000044f9   strncpy
00004529   __aeabi_i2d
00004557   GPIODirModeSet
00004581   __aeabi_ui2d
000045a1   UARTDisable
000045bd   memccpy
000045d9   strcat
000045f3   GPIOPinTypeGPIOOutput
0000460d   _args_main
00004625   __aeabi_lmul
0000463d   strcmp
00004655   TimerDisable
00004669   UARTEnable
0000467d   _register_unlock
00004683   _register_lock
0000468b   _nop
00004691   strlen
000046a5   GPIOPinTypeGPIOInput
000046b7   GPIOPinTypeI2C
000046c9   GPIOPinTypeI2CSCL
000046db   GPIOPinTypeUART
000046ed   TimerLoadSet
000046ff   __TI_zero_init
00004711   _Dclass
00004723   strcpy
00004733   TimerEnable
00004741   __TI_decompress_none
0000474f   CPUcpsie
0000475b   GPIOIntEnable
00004767   UARTCharsAvail
00004773   ResetISR
0000477f   I2CMasterEnable
00004789   IntMasterEnable
00004793   UARTCharGet
0000479d   UARTCharPut
000047a7   UARTFIFOEnable
000047b1   UARTIntStatus
000047bb   I2CMasterBusy
000047c3   I2CMasterSlaveAddrSet
000047cb   TimerIntEnable
000047d3   UARTIntEnable
000047db   GPIOIntClear
000047e1   GPIOPinRead
000047e7   GPIOPinWrite
000047ed   SysCtlDelay
000047f3   __TI_decompress_rle24
000047f9   I2CMasterControl
000047fd   I2CMasterDataGet
00004801   I2CMasterDataPut
00004805   TimerIntClear
00004809   UARTIntClear
0000480c   _ctypes_
00004c9c   __TI_Handler_Table_Base
00004ca8   __TI_Handler_Table_Limit
00004cb0   __TI_CINIT_Base
00004cc0   __TI_CINIT_Limit
20000000   __stack
20000200   __STACK_TOP
20000800   __STACK_END
20000800   menu
20000920   b2
20000938   b3
20000950   b4
20000968   b5
20000980   b6
20000998   b7
200009b8   b8
200009d0   b9
200009f0   b0
20000a00   dhm
20000a3c   _lock
20000a40   _unlock
20000a44   __TI_cleanup_ptr
20000a48   __TI_dtors_ptr
20000a4c   main_func_sp
20000a50   tmp
20000a64   name
20000a74   colPosition
20000a78   currentState
20000a7c   dado
20000a80   disableTimer
20000a84   letter
20000a88   numberState
20000a8c   tecla
20000a90   ui32Period
ffffffff   __binit__
ffffffff   __c_args__
ffffffff   binit
UNDEFED    SHT$$INIT_ARRAY$$Base
UNDEFED    SHT$$INIT_ARRAY$$Limit

[212 symbols]
